; command: autocal/active_calibrate.py --sim --machine-type slideprinter --full-auto --dataset autocal/data/layered_manual_some_bad_points.json --find-radii global --base-radii 30.0 --buildup-factor 0.636619 --no-collect
Wrote to console: Writing additional info to log: autocal/data/layered_manual_some_bad_points.full_auto.log
; auto-enabling --hp-sim-reset for spool search in simulation
; full-auto replay: starting from 3 sweeps, replaying 6 additional sweeps
; full-auto replay: using autocal/data/layered_manual_some_bad_points.replay_tmp.json (original autocal/data/layered_manual_some_bad_points.json left untouched)
; full-auto log: autocal/data/layered_manual_some_bad_points.full_auto_log.jsonl
Wrote to console: ; full-auto stop: press Ctrl-C to accept best-so-far, or create autocal/data/layered_manual_some_bad_points.full_auto.stop to request stop (cross-platform)

; === full-auto iteration 1/20 dataset=autocal/data/layered_manual_some_bad_points.replay_tmp.json ===
Wrote to console: 
Wrote to console: ; === full-auto iteration 1/20 dataset=autocal/data/layered_manual_some_bad_points.replay_tmp.json ===
; full-auto run default: flags=''
[gnc] stage 1/3: wide-huber maxiter=400
[gnc] stage 2/3: tight-huber maxiter=240
[gnc] stage 3/3: trim maxiter=160
[robust] pointwise sigma_source: mode=auto point=60 origin=0 min=0 mixed=0 total=60
[robust] pointwise: enabled=True stage=2 (trim) hard_cut=True huber_mult=3
[robust] pointwise scale: source=global global=137 floor=0.00013 floor_mm=0.734
[robust] pointwise sigma_floor_mm: origin=0.00254596 mult=3 scaled=0.00763787 min=0.05 model=0.733768 used=0.733768 floor=0.733768 floor_deg=0.01 source=model
[robust] pointwise sigma_components_mm: encoder=0.00255 friction_cogging=0.134 flex=0.282 floor=0.05 non_layered=0.316 layer_changes=0.296 mode_add=0.592 total=0.734 model=0.734 used=0.734 layered=true mode=global/off mode_factor=2 line_width=1 base_radius=38.7 used_override=n/a
[robust] pointwise inlier_ratio: min=0.9 med=0.9 max=0.9
[robust] pointwise worst: sweep_001 18/20 (0.9), sweep_002 18/20 (0.9), sweep_003 18/20 (0.9)
[robust] sweep-wise: enabled=True status=few-samples (3 < 5) metric=outlier_ratio threshold=0.4 rejected=0
[robust] sweep-wise worst: sweep_003 m=0.1 keep, sweep_002 m=0.1 keep, sweep_001 m=0.1 keep
; full-auto run default: cost_raw=36.57 cost_noise_normalized=2.094e+04 J=4.417e+04 chi2_red=4.908e+04 score_ui=3.832e+09 score_basis=layered-calibrated
; Active ellipse calibration
; Anchors: [[2.2114220943771113e-13, -1677.5615125501372], [1446.7902462539316, 829.0879840513113], [-1492.1052568268497, 869.6457564661899]]
; cost=36.57 cost_noise_normalized=2.094e+04 origin_norms=[1677.562, 1667.510, 1727.038] pairwise=[d01=2894.217, d02=2952.057, d12=2939.175]
; line_model: planning=L_base_mm estimation=L_model_mm find_radii=global find_buildup_factor=off k=0.6366 base=[30,30,30] effective=[33.67,33.67,33.67]
; line_model_params (M666): M666 R33.67:33.67:33.67 Q0.636619
; line_model_prefit: enabled=True success=True guarded=False seed=seed_5 start=114.9 fit=8.418 start_data=114.9 start_prior=0 start_total=114.9 fit_data=8.418 fit_prior=9.128 fit_total=8.418 valid_sweeps=3 invalid_sweeps=0
; line_model_fit: mode=radii=global,buildup=off outer_iters=3 inner_iters=30 best_cost=151.2 last_start=154.3 last_fit=154.3 last_cal=151.4 last_data=151.4 last_prior=2.907 last_total=154.3 nfev=19 nit=9
; noise_cost: J=4.417e+04 chi2_red=4.908e+04 |z|_med=122.8 |z|_p95=486.1 outlier_ratio=0.9833 N=60 mode=sigma lengths=mu J_trim=2.258e+04 chi2_red_trim=2.54e+04 N_trim=54
; noise_rescore: tau_MAD=6.216mm cost_noise_normalized_old=2.094e+04 cost_noise_normalized_new=287.8 chi2_red_old=4.908e+04 chi2_red_new=674.5 residual_vs_distance_slope_inliers=-0.03415 slope(|r|,d)=0.04131 slope(r^2,d)=0.4198 inlier_cutoff_mm=18.8mm n_inlier_rows_used_for_tau=54 tau_d_tau0=12.7mm tau_d_tau1=0 cost_noise_normalized_tau_d=69.66 chi2_red_tau_d=163.3 cost_noise_normalized_tau_d_trimmed_direct=75.1 chi2_red_tau_d_trimmed_direct=84.49 chi2_red_tau_3bin_debiased_trimmed_direct=440.1 trimmed_coherence_ratio_tau_d_over_tau_3bin_debiased=0.192
; noise_bias_diagnostic: bias_vs_distance_intercept=74.22mm bias_vs_distance_slope_inliers=-0.05195 cost_after_bias_diagnostic=2.719e+04 chi2_red_after_bias_diagnostic=3.059e+04
; noise_rescore_bins: near_MAD=4.423mm mid_MAD=5.429mm far_MAD=3.458mm N=[18,18,18]
; noise_rescore_bins_debiased: near_MAD=4.32mm mid_MAD=5.437mm far_MAD=3.34mm
; noise_rescore_tau_3bin_debiased: tau_near=6.405mm tau_mid=8.062mm tau_far=4.952mm cost_noise_normalized_tau_3bin_debiased=391.2 chi2_red_tau_3bin_debiased=440.1 chi2_red_tau_3bin_debiased_trimmed_direct=440.1
; sweep_residual: id=sweep_002 median=-3.807mm MAD=3.615mm p95_abs=9.303mm mean|z|=131.4 clipped=2/20
; sweep_residual: id=sweep_001 median=-2.564mm MAD=4.702mm p95_abs=8.993mm mean|z|=128.7 clipped=2/20
; sweep_residual: id=sweep_003 median=-1.763mm MAD=4.423mm p95_abs=8.645mm mean|z|=108.9 clipped=2/20
; noise_demean_by_sweep: cost_noise_normalized_demeaned=2.474e+04 chi2_red_demeaned=2.783e+04 tail_ratio=1.957 sweep_bias_span=2.044mm n_obs=54
; noise_norm_floor: min_sigma=0.05mm model_sigma=0.7338mm used_sigma=0.7338mm floor_deg=0.01deg source=auto
; noise_sigma_mm: encoder=0.002546mm friction_cogging=0.1343mm flex=0.2818mm floor=0.05mm non_layered=0.3161mm layer_changes=0.2961mm mode_add=0.5923mm total=0.7338mm model=0.7338mm used=0.7338mm layered=true mode=global/off mode_factor=2 line_width=1mm base_radius=38.72mm used_override=n/a
; info rank: 6/6 std(p0=964mm, p3=931mm, p5=931mm, p2=859mm, p4=857mm, p1=821mm)
; covariance_scaled: chi2_red=4.908e+04 std_scaled(p0=2.14e+05mm, p3=2.06e+05mm, p5=2.06e+05mm, p2=1.9e+05mm, p4=1.9e+05mm, p1=1.82e+05mm)
; CI95: max_std=2.136e+05mm max_ci=4.187e+05mm workspace=2948 rel_std=72.46 rel_ci=142 scale=chi2_red=4.908e+04
; encoder_noise: points=60/60 median_sigma=0deg floor=0.01deg min_samples=10
; encoder_noise_flags: low_samples=0 sigma_below_floor=60 sigma_nonfinite=0
; next_sweep score=0.353713 fixed=[2] targets=[990.0696686925705] pair=[0,1]
; top_candidates:
;   0.353713 fixed=[2] targets=[990.0696686925705] pair=[0,1]
;   0.353656 fixed=[1] targets=[990.0696686925705] pair=[0,2]
;   0.35322 fixed=[0] targets=[990.0696686925705] pair=[1,2]
;   0.349775 fixed=[2] targets=[937.9607387613826] pair=[0,1]
;   0.349734 fixed=[1] targets=[937.9607387613826] pair=[0,2]
; collect_command:
;   node autocal/control/cli/collect_sweep_data.mjs --machineType slideprinter --sweep-config-file autocal/data/layered_manual_some_bad_points.replay_tmp.active_sweep_cfg.default.txt --fixed-targets 990.0696686925705 --output-file autocal/data/layered_manual_some_bad_points.replay_tmp.new_001.json --no-spawn-rrf-simulator --preserve-buildup-factor --force-low 0.01342968040959999 --force-mid 0.2685936081919998 --force-max 2.831339339152179 --no-auto-tune-force --return-to-origin
; reusing force tuning: low=0.01343N mid=0.2686N max=2.831N
; selected run=default score_ui=3.832e+09 score_basis=layered-calibrated cost=2.094e+04 rel_std=72.46 max_std=2.136e+05mm
Wrote to console: Score: 3.832e+09 (lower is better)
; replayed sweep 1/6 -> autocal/data/layered_manual_some_bad_points.replay_tmp.json sweeps=4
Wrote to console: Collected sweep nr 4

; === full-auto iteration 2/20 dataset=autocal/data/layered_manual_some_bad_points.replay_tmp.json ===
Wrote to console: 
Wrote to console: ; === full-auto iteration 2/20 dataset=autocal/data/layered_manual_some_bad_points.replay_tmp.json ===
; full-auto run default: flags=''
[gnc] stage 1/3: wide-huber maxiter=400
[gnc] stage 2/3: tight-huber maxiter=240
[gnc] stage 3/3: trim maxiter=160
[robust] pointwise sigma_source: mode=auto point=80 origin=0 min=0 mixed=0 total=80
[robust] pointwise: enabled=True stage=2 (trim) hard_cut=True huber_mult=3
[robust] pointwise scale: source=global global=39.5 floor=0.00013 floor_mm=0.734
[robust] pointwise sigma_floor_mm: origin=0.00254596 mult=3 scaled=0.00763787 min=0.05 model=0.733768 used=0.733768 floor=0.733768 floor_deg=0.01 source=model
[robust] pointwise sigma_components_mm: encoder=0.00255 friction_cogging=0.134 flex=0.282 floor=0.05 non_layered=0.316 layer_changes=0.296 mode_add=0.592 total=0.734 model=0.734 used=0.734 layered=true mode=global/off mode_factor=2 line_width=1 base_radius=38.7 used_override=n/a
[robust] pointwise inlier_ratio: min=0.7 med=0.8 max=0.85
[robust] pointwise worst: sweep_001 14/20 (0.7), sweep_002 16/20 (0.8), sweep_004 16/20 (0.8), sweep_003 17/20 (0.85)
[robust] sweep-wise: enabled=True status=few-samples (4 < 5) metric=outlier_ratio threshold=0.311 rejected=0
[robust] sweep-wise worst: sweep_001 m=0.3 keep, sweep_004 m=0.2 keep, sweep_002 m=0.2 keep, sweep_003 m=0.15 keep
; full-auto run default: cost_raw=4.502 cost_noise_normalized=1484 J=2.538e+04 chi2_red=2.744e+04 score_ui=2.589e+04 score_basis=layered-calibrated
; Active ellipse calibration
; Anchors: [[9.96492712575892e-14, -1605.2734766164378], [1577.266329333759, 867.5576959981352], [-1673.140829021819, 958.1376546531376]]
; cost=4.502 cost_noise_normalized=1484 origin_norms=[1605.273, 1800.118, 1928.063] pairwise=[d01=2933.030, d02=3061.123, d12=3251.669]
; line_model: planning=L_base_mm estimation=L_model_mm find_radii=global find_buildup_factor=off k=0.6366 base=[30,30,30] effective=[36.12,36.12,36.12]
; line_model_params (M666): M666 R36.12:36.12:36.12 Q0.636619
; line_model_prefit: enabled=True success=True guarded=False seed=seed_5 start=137 fit=12.22 start_data=137 start_prior=0 start_total=137 fit_data=12.22 fit_prior=8.952 fit_total=12.22 valid_sweeps=4 invalid_sweeps=0
; line_model_fit: mode=radii=global,buildup=off outer_iters=3 inner_iters=30 best_cost=532.7 last_start=590.6 last_fit=590.6 last_cal=581.6 last_data=581.6 last_prior=8.974 last_total=590.6 nfev=21 nit=10
; noise_cost: J=2.538e+04 chi2_red=2.744e+04 |z|_med=26.64 |z|_p95=366.9 outlier_ratio=0.8625 N=80 mode=sigma lengths=mu J_trim=1616 chi2_red_trim=1786 N_trim=63
; noise_rescore: tau_MAD=1.304mm cost_noise_normalized_old=1484 cost_noise_normalized_new=356.9 chi2_red_old=2.744e+04 chi2_red_new=6602 residual_vs_distance_slope_inliers=0.001039 slope(|r|,d)=0.001762 slope(r^2,d)=0.002775 inlier_cutoff_mm=5.511mm n_inlier_rows_used_for_tau=63 tau_d_tau0=0mm tau_d_tau1=0.002122 cost_noise_normalized_tau_d=71.11 chi2_red_tau_d=1315 cost_noise_normalized_tau_d_trimmed_direct=77.45 chi2_red_tau_d_trimmed_direct=85.61 chi2_red_tau_3bin_debiased_trimmed_direct=338.9 trimmed_coherence_ratio_tau_d_over_tau_3bin_debiased=0.2526
; noise_bias_diagnostic: bias_vs_distance_intercept=-4.708mm bias_vs_distance_slope_inliers=0.00299 cost_after_bias_diagnostic=1687 chi2_red_after_bias_diagnostic=1864
; noise_rescore_bins: near_MAD=1.042mm mid_MAD=0.8185mm far_MAD=1.411mm N=[21,21,21]
; noise_rescore_bins_debiased: near_MAD=1.044mm mid_MAD=0.8184mm far_MAD=1.645mm
; noise_rescore_tau_3bin_debiased: tau_near=1.548mm tau_mid=1.213mm tau_far=2.439mm cost_noise_normalized_tau_3bin_debiased=306.6 chi2_red_tau_3bin_debiased=338.9 chi2_red_tau_3bin_debiased_trimmed_direct=338.9
; sweep_residual: id=sweep_003 median=-0.3425mm MAD=0.8856mm p95_abs=3.887mm mean|z|=24.51 clipped=3/20
; sweep_residual: id=sweep_004 median=-0.01439mm MAD=0.8154mm p95_abs=5.069mm mean|z|=26.85 clipped=4/20
; sweep_residual: id=sweep_001 median=0.0138mm MAD=1.988mm p95_abs=3.1mm mean|z|=35.37 clipped=6/20
; sweep_residual: id=sweep_002 median=-0.007229mm MAD=0.7988mm p95_abs=4.023mm mean|z|=27.36 clipped=4/20
; noise_demean_by_sweep: cost_noise_normalized_demeaned=1645 chi2_red_demeaned=1819 tail_ratio=3.534 sweep_bias_span=0.3563mm n_obs=63
; noise_norm_floor: min_sigma=0.05mm model_sigma=0.7338mm used_sigma=0.7338mm floor_deg=0.01deg source=auto
; noise_sigma_mm: encoder=0.002546mm friction_cogging=0.1343mm flex=0.2818mm floor=0.05mm non_layered=0.3161mm layer_changes=0.2961mm mode_add=0.5923mm total=0.7338mm model=0.7338mm used=0.7338mm layered=true mode=global/off mode_factor=2 line_width=1mm base_radius=38.72mm used_override=n/a
; info rank: 6/6 std(p0=949mm, p5=927mm, p3=908mm, p4=830mm, p1=813mm, p2=777mm)
; covariance_scaled: chi2_red=2.744e+04 std_scaled(p0=1.57e+05mm, p5=1.53e+05mm, p3=1.5e+05mm, p4=1.38e+05mm, p1=1.35e+05mm, p2=1.29e+05mm)
; CI95: max_std=1.572e+05mm max_ci=3.081e+05mm workspace=2948 rel_std=53.32 rel_ci=104.5 scale=chi2_red=2.744e+04
; encoder_noise: points=80/80 median_sigma=0deg floor=0.01deg min_samples=10
; encoder_noise_flags: low_samples=0 sigma_below_floor=80 sigma_nonfinite=0
; next_sweep score=0.353499 fixed=[2] targets=[990.0696686925705] pair=[0,1]
; top_candidates:
;   0.353499 fixed=[2] targets=[990.0696686925705] pair=[0,1]
;   0.35328 fixed=[0] targets=[990.0696686925705] pair=[1,2]
;   0.349298 fixed=[2] targets=[937.9607387613826] pair=[0,1]
;   0.349158 fixed=[0] targets=[937.9607387613826] pair=[1,2]
;   0.345039 fixed=[2] targets=[885.8518088301946] pair=[0,1]
; collect_command:
;   node autocal/control/cli/collect_sweep_data.mjs --machineType slideprinter --sweep-config-file autocal/data/layered_manual_some_bad_points.replay_tmp.active_sweep_cfg.default.txt --fixed-targets 990.0696686925705 --output-file autocal/data/layered_manual_some_bad_points.replay_tmp.new_002.json --no-spawn-rrf-simulator --preserve-buildup-factor --force-low 0.01342968040959999 --force-mid 0.2685936081919998 --force-max 2.831339339152179 --no-auto-tune-force --return-to-origin
; reusing force tuning: low=0.01343N mid=0.2686N max=2.831N
; selected run=default score_ui=2.589e+04 score_basis=layered-calibrated cost=1484 rel_std=53.32 max_std=1.572e+05mm
Wrote to console: Score: 2.589e+04 (lower is better)
; replayed sweep 2/6 -> autocal/data/layered_manual_some_bad_points.replay_tmp.json sweeps=5
Wrote to console: Collected sweep nr 5

; === full-auto iteration 3/20 dataset=autocal/data/layered_manual_some_bad_points.replay_tmp.json ===
Wrote to console: 
Wrote to console: ; === full-auto iteration 3/20 dataset=autocal/data/layered_manual_some_bad_points.replay_tmp.json ===
; full-auto run default: flags=''
[gnc] stage 1/3: wide-huber maxiter=400
[gnc] stage 2/3: tight-huber maxiter=240
[gnc] stage 3/3: trim maxiter=160
[robust] pointwise sigma_source: mode=auto point=100 origin=0 min=0 mixed=0 total=100
[robust] pointwise: enabled=True stage=2 (trim) hard_cut=True huber_mult=3
[robust] pointwise scale: source=global global=78.3 floor=0.00013 floor_mm=0.734
[robust] pointwise sigma_floor_mm: origin=0.00254596 mult=3 scaled=0.00763787 min=0.05 model=0.733768 used=0.733768 floor=0.733768 floor_deg=0.01 source=model
[robust] pointwise sigma_components_mm: encoder=0.00255 friction_cogging=0.134 flex=0.282 floor=0.05 non_layered=0.316 layer_changes=0.296 mode_add=0.592 total=0.734 model=0.734 used=0.734 layered=true mode=global/off mode_factor=2 line_width=1 base_radius=38.7 used_override=n/a
[robust] pointwise inlier_ratio: min=0.85 med=0.9 max=0.95
[robust] pointwise worst: sweep_001 17/20 (0.85), sweep_002 18/20 (0.9), sweep_004 18/20 (0.9), sweep_003 19/20 (0.95), sweep_005 19/20 (0.95)
[robust] sweep-wise: enabled=True status=ok metric=outlier_ratio threshold=0.322 rejected=0
[robust] sweep-wise worst: sweep_001 m=0.15 keep, sweep_002 m=0.1 keep, sweep_004 m=0.1 keep, sweep_005 m=0.05 keep, sweep_003 m=0.05 keep
; full-auto run default: cost_raw=13.84 cost_noise_normalized=6959 J=1.644e+04 chi2_red=1.749e+04 score_ui=3.835e+06 score_basis=layered-calibrated
; Active ellipse calibration
; Anchors: [[1.4785219891927697e-13, -1700.3698764153241], [1550.0900835189457, 879.362433226766], [-1588.0001158058355, 916.4457485102467]]
; cost=13.84 cost_noise_normalized=6959 origin_norms=[1700.370, 1782.150, 1833.471] pairwise=[d01=3009.618, d02=3060.959, d12=3138.309]
; line_model: planning=L_base_mm estimation=L_model_mm find_radii=global find_buildup_factor=off k=0.6366 base=[30,30,30] effective=[35.93,35.93,35.93]
; line_model_params (M666): M666 R35.93:35.93:35.93 Q0.636619
; line_model_prefit: enabled=True success=True guarded=False seed=seed_5 start=151.1 fit=14.48 start_data=151.1 start_prior=0 start_total=151.1 fit_data=14.48 fit_prior=8.753 fit_total=14.48 valid_sweeps=5 invalid_sweeps=0
; line_model_fit: mode=radii=global,buildup=off outer_iters=3 inner_iters=30 best_cost=1131 last_start=1140 last_fit=1140 last_cal=1131 last_data=1131 last_prior=8.8 last_total=1140 nfev=21 nit=10
; noise_cost: J=1.644e+04 chi2_red=1.749e+04 |z|_med=53.86 |z|_p95=305.1 outlier_ratio=0.97 N=100 mode=sigma lengths=mu J_trim=7608 chi2_red_trim=8145 N_trim=91
; noise_rescore: tau_MAD=3.022mm cost_noise_normalized_old=6959 cost_noise_normalized_new=387.4 chi2_red_old=1.749e+04 chi2_red_new=973.6 residual_vs_distance_slope_inliers=-0.009504 slope(|r|,d)=0.01447 slope(r^2,d)=0.09646 inlier_cutoff_mm=10.64mm n_inlier_rows_used_for_tau=91 tau_d_tau0=0mm tau_d_tau1=0.01102 cost_noise_normalized_tau_d=13.06 chi2_red_tau_d=32.83 cost_noise_normalized_tau_d_trimmed_direct=14.28 chi2_red_tau_d_trimmed_direct=15.29 chi2_red_tau_3bin_debiased_trimmed_direct=353.4 trimmed_coherence_ratio_tau_d_over_tau_3bin_debiased=0.04325
; noise_bias_diagnostic: bias_vs_distance_intercept=19.26mm bias_vs_distance_slope_inliers=-0.01267 cost_after_bias_diagnostic=7911 chi2_red_after_bias_diagnostic=8469
; noise_rescore_bins: near_MAD=1.456mm mid_MAD=2.425mm far_MAD=3.618mm N=[31,30,30]
; noise_rescore_bins_debiased: near_MAD=1.434mm mid_MAD=2.426mm far_MAD=3.432mm
; noise_rescore_tau_3bin_debiased: tau_near=2.127mm tau_mid=3.597mm tau_far=5.089mm cost_noise_normalized_tau_3bin_debiased=330.1 chi2_red_tau_3bin_debiased=353.4 chi2_red_tau_3bin_debiased_trimmed_direct=353.4
; sweep_residual: id=sweep_001 median=-1.89mm MAD=2.897mm p95_abs=5.638mm mean|z|=73.12 clipped=3/20
; sweep_residual: id=sweep_002 median=-1.203mm MAD=1.964mm p95_abs=5.761mm mean|z|=66.74 clipped=2/20
; sweep_residual: id=sweep_003 median=-0.6594mm MAD=2.118mm p95_abs=4.568mm mean|z|=64.14 clipped=1/20
; sweep_residual: id=sweep_005 median=0.4523mm MAD=2.045mm p95_abs=4.725mm mean|z|=66.04 clipped=1/20
; sweep_residual: id=sweep_004 median=0.2633mm MAD=2.216mm p95_abs=6.532mm mean|z|=66.93 clipped=2/20
; noise_demean_by_sweep: cost_noise_normalized_demeaned=7646 chi2_red_demeaned=8186 tail_ratio=2.039 sweep_bias_span=2.342mm n_obs=91
; noise_norm_floor: min_sigma=0.05mm model_sigma=0.7338mm used_sigma=0.7338mm floor_deg=0.01deg source=auto
; noise_sigma_mm: encoder=0.002546mm friction_cogging=0.1343mm flex=0.2818mm floor=0.05mm non_layered=0.3161mm layer_changes=0.2961mm mode_add=0.5923mm total=0.7338mm model=0.7338mm used=0.7338mm layered=true mode=global/off mode_factor=2 line_width=1mm base_radius=38.72mm used_override=n/a
; info rank: 5/6 std(p0=948mm, p3=900mm, p5=900mm, p1=799mm, p2=777mm, p4=776mm)
; covariance_scaled: chi2_red=1.749e+04 std_scaled(p0=1.25e+05mm, p3=1.19e+05mm, p5=1.19e+05mm, p1=1.06e+05mm, p2=1.03e+05mm, p4=1.03e+05mm)
; CI95: max_std=1.254e+05mm max_ci=2.457e+05mm workspace=2948 rel_std=42.53 rel_ci=83.37 scale=chi2_red=1.749e+04
; encoder_noise: points=100/100 median_sigma=0deg floor=0.01deg min_samples=10
; encoder_noise_flags: low_samples=0 sigma_below_floor=100 sigma_nonfinite=0
; next_sweep score=0.329815 fixed=[0] targets=[990.0696686925705] pair=[1,2]
; top_candidates:
;   0.329815 fixed=[0] targets=[990.0696686925705] pair=[1,2]
;   0.325865 fixed=[0] targets=[937.9607387613826] pair=[1,2]
;   0.321861 fixed=[0] targets=[885.8518088301946] pair=[1,2]
;   0.317806 fixed=[0] targets=[833.7428788990067] pair=[1,2]
;   0.313704 fixed=[0] targets=[781.6339489678189] pair=[1,2]
; collect_command:
;   node autocal/control/cli/collect_sweep_data.mjs --machineType slideprinter --sweep-config-file autocal/data/layered_manual_some_bad_points.replay_tmp.active_sweep_cfg.default.txt --fixed-targets 990.0696686925705 --output-file autocal/data/layered_manual_some_bad_points.replay_tmp.new_003.json --no-spawn-rrf-simulator --preserve-buildup-factor --force-low 0.01342968040959999 --force-mid 0.2685936081919998 --force-max 2.831339339152179 --no-auto-tune-force --return-to-origin
; reusing force tuning: low=0.01343N mid=0.2686N max=2.831N
; selected run=default score_ui=3.835e+06 score_basis=layered-calibrated cost=6959 rel_std=42.53 max_std=1.254e+05mm
Wrote to console: Score: 3.835e+06 (lower is better)
; replayed sweep 3/6 -> autocal/data/layered_manual_some_bad_points.replay_tmp.json sweeps=6
Wrote to console: Collected sweep nr 6

; === full-auto iteration 4/20 dataset=autocal/data/layered_manual_some_bad_points.replay_tmp.json ===
Wrote to console: 
Wrote to console: ; === full-auto iteration 4/20 dataset=autocal/data/layered_manual_some_bad_points.replay_tmp.json ===
; full-auto run default: flags=''
[gnc] stage 1/3: wide-huber maxiter=400
[gnc] stage 2/3: tight-huber maxiter=240
[gnc] stage 3/3: trim maxiter=160
[robust] pointwise sigma_source: mode=auto point=120 origin=0 min=0 mixed=0 total=120
[robust] pointwise: enabled=True stage=2 (trim) hard_cut=True huber_mult=3
[robust] pointwise scale: source=global global=15.1 floor=0.00013 floor_mm=0.734
[robust] pointwise sigma_floor_mm: origin=0.00254596 mult=3 scaled=0.00763787 min=0.05 model=0.733768 used=0.733768 floor=0.733768 floor_deg=0.01 source=model
[robust] pointwise sigma_components_mm: encoder=0.00255 friction_cogging=0.134 flex=0.282 floor=0.05 non_layered=0.316 layer_changes=0.296 mode_add=0.592 total=0.734 model=0.734 used=0.734 layered=true mode=global/off mode_factor=2 line_width=1 base_radius=38.7 used_override=n/a
[robust] pointwise inlier_ratio: min=0.9 med=0.95 max=1
[robust] pointwise worst: sweep_002 18/20 (0.9), sweep_004 18/20 (0.9), sweep_001 19/20 (0.95), sweep_006 19/20 (0.95), sweep_003 20/20 (1)
[robust] sweep-wise: enabled=True status=ok metric=outlier_ratio threshold=0.272 rejected=0
[robust] sweep-wise worst: sweep_002 m=0.1 keep, sweep_004 m=0.1 keep, sweep_001 m=0.05 keep, sweep_006 m=0.05 keep, sweep_005 m=0 keep
; full-auto run default: cost_raw=0.5598 cost_noise_normalized=155.7 J=732.4 chi2_red=771 score_ui=1.025 score_basis=layered-calibrated
; Active ellipse calibration
; Anchors: [[2.350085938428486e-13, -1903.892371999464], [1647.8687866762539, 951.7529655114212], [-1647.0790262163707, 950.7740745360071]]
; cost=0.5598 cost_noise_normalized=155.7 origin_norms=[1903.892, 1902.973, 1901.799] pairwise=[d01=3296.996, d02=3295.753, d12=3294.948]
; line_model: planning=L_base_mm estimation=L_model_mm find_radii=global find_buildup_factor=off k=0.6366 base=[30,30,30] effective=[39.17,39.17,39.17]
; line_model_params (M666): M666 R39.17:39.17:39.17 Q0.636619
; line_model_prefit: enabled=True success=True guarded=False seed=seed_5 start=160.4 fit=16.43 start_data=160.4 start_prior=0 start_total=160.4 fit_data=16.43 fit_prior=8.435 fit_total=16.43 valid_sweeps=6 invalid_sweeps=0
; line_model_fit: mode=radii=global,buildup=off outer_iters=3 inner_iters=30 best_cost=265.3 last_start=2.27e+04 last_fit=5465 last_cal=5454 last_data=5454 last_prior=10.58 last_total=5465 nfev=31 nit=15
; noise_cost: J=732.4 chi2_red=771 |z|_med=11.01 |z|_p95=40.35 outlier_ratio=0.875 N=120 mode=sigma lengths=mu J_trim=163.5 chi2_red_trim=172.5 N_trim=114
; noise_rescore: tau_MAD=0.681mm cost_noise_normalized_old=155.7 cost_noise_normalized_new=83.67 chi2_red_old=771 chi2_red_new=414.2 residual_vs_distance_slope_inliers=0.01072 slope(|r|,d)=-0.004934 slope(r^2,d)=0.005823 inlier_cutoff_mm=2.013mm n_inlier_rows_used_for_tau=114 tau_d_tau0=4.903mm tau_d_tau1=0 cost_noise_normalized_tau_d=3.412 chi2_red_tau_d=16.89 cost_noise_normalized_tau_d_trimmed_direct=3.581 chi2_red_tau_d_trimmed_direct=3.78 chi2_red_tau_3bin_debiased_trimmed_direct=93.57 trimmed_coherence_ratio_tau_d_over_tau_3bin_debiased=0.0404
; noise_bias_diagnostic: bias_vs_distance_intercept=-28.74mm bias_vs_distance_slope_inliers=0.01734 cost_after_bias_diagnostic=137.5 chi2_red_after_bias_diagnostic=145.1
; noise_rescore_bins: near_MAD=0.5023mm mid_MAD=0.3907mm far_MAD=0.2133mm N=[38,38,38]
; noise_rescore_bins_debiased: near_MAD=0.4987mm mid_MAD=0.3602mm far_MAD=0.1204mm
; noise_rescore_tau_3bin_debiased: tau_near=0.7393mm tau_mid=0.5341mm tau_far=0.1786mm cost_noise_normalized_tau_3bin_debiased=88.65 chi2_red_tau_3bin_debiased=93.57 chi2_red_tau_3bin_debiased_trimmed_direct=93.57
; sweep_residual: id=sweep_003 median=-0.2164mm MAD=0.4523mm p95_abs=3.639mm mean|z|=11.29 clipped=0/20
; sweep_residual: id=sweep_001 median=0.1502mm MAD=0.4719mm p95_abs=1.022mm mean|z|=11.34 clipped=1/20
; sweep_residual: id=sweep_006 median=-0.0865mm MAD=0.4649mm p95_abs=0.9778mm mean|z|=9.666 clipped=1/20
; sweep_residual: id=sweep_002 median=-0.04599mm MAD=0.5129mm p95_abs=1.708mm mean|z|=10.57 clipped=2/20
; sweep_residual: id=sweep_004 median=-0.02816mm MAD=0.4098mm p95_abs=0.8563mm mean|z|=10.31 clipped=2/20
; sweep_residual: +1 more sweeps
; noise_demean_by_sweep: cost_noise_normalized_demeaned=163.1 chi2_red_demeaned=172.2 tail_ratio=1.585 sweep_bias_span=0.3666mm n_obs=114
; noise_norm_floor: min_sigma=0.05mm model_sigma=0.7338mm used_sigma=0.7338mm floor_deg=0.01deg source=auto
; noise_sigma_mm: encoder=0.002546mm friction_cogging=0.1343mm flex=0.2818mm floor=0.05mm non_layered=0.3161mm layer_changes=0.2961mm mode_add=0.5923mm total=0.7338mm model=0.7338mm used=0.7338mm layered=true mode=global/off mode_factor=2 line_width=1mm base_radius=38.72mm used_override=n/a
; info rank: 5/6 std(p0=940mm, p5=885mm, p3=885mm, p2=763mm, p4=763mm, p1=693mm)
; covariance_scaled: chi2_red=771 std_scaled(p0=2.61e+04mm, p5=2.46e+04mm, p3=2.46e+04mm, p2=2.12e+04mm, p4=2.12e+04mm, p1=1.93e+04mm)
; CI95: max_std=2.611e+04mm max_ci=5.118e+04mm workspace=2948 rel_std=8.858 rel_ci=17.36 scale=chi2_red=771
; encoder_noise: points=120/120 median_sigma=0deg floor=0.01deg min_samples=10
; encoder_noise_flags: low_samples=0 sigma_below_floor=120 sigma_nonfinite=0
; next_sweep score=0.285336 fixed=[0] targets=[937.9607387613826] pair=[1,2]
; top_candidates:
;   0.285336 fixed=[0] targets=[937.9607387613826] pair=[1,2]
;   0.285329 fixed=[2] targets=[937.9607387613826] pair=[0,1]
;   0.285328 fixed=[1] targets=[937.9607387613826] pair=[0,2]
;   0.281587 fixed=[0] targets=[885.8518088301946] pair=[1,2]
;   0.28158 fixed=[2] targets=[885.8518088301946] pair=[0,1]
; collect_command:
;   node autocal/control/cli/collect_sweep_data.mjs --machineType slideprinter --sweep-config-file autocal/data/layered_manual_some_bad_points.replay_tmp.active_sweep_cfg.default.txt --fixed-targets 937.9607387613826 --output-file autocal/data/layered_manual_some_bad_points.replay_tmp.new_004.json --no-spawn-rrf-simulator --preserve-buildup-factor --force-low 0.01342968040959999 --force-mid 0.2685936081919998 --force-max 2.831339339152179 --no-auto-tune-force --return-to-origin
; reusing force tuning: low=0.01343N mid=0.2686N max=2.831N
; selected run=default score_ui=1.025 score_basis=layered-calibrated cost=155.7 rel_std=8.858 max_std=2.611e+04mm
Wrote to console: Score: 1.025 (lower is better)
; replayed sweep 4/6 -> autocal/data/layered_manual_some_bad_points.replay_tmp.json sweeps=7
Wrote to console: Collected sweep nr 7

; === full-auto iteration 5/20 dataset=autocal/data/layered_manual_some_bad_points.replay_tmp.json ===
Wrote to console: 
Wrote to console: ; === full-auto iteration 5/20 dataset=autocal/data/layered_manual_some_bad_points.replay_tmp.json ===
; full-auto run default: flags=''
[gnc] stage 1/3: wide-huber maxiter=400
[gnc] stage 2/3: tight-huber maxiter=240
[gnc] stage 3/3: trim maxiter=160
[robust] pointwise sigma_source: mode=auto point=140 origin=0 min=0 mixed=0 total=140
[robust] pointwise: enabled=True stage=2 (trim) hard_cut=True huber_mult=3
[robust] pointwise scale: source=global global=25.5 floor=0.00013 floor_mm=0.734
[robust] pointwise sigma_floor_mm: origin=0.00254596 mult=3 scaled=0.00763787 min=0.05 model=0.733768 used=0.733768 floor=0.733768 floor_deg=0.01 source=model
[robust] pointwise sigma_components_mm: encoder=0.00255 friction_cogging=0.134 flex=0.282 floor=0.05 non_layered=0.316 layer_changes=0.296 mode_add=0.592 total=0.734 model=0.734 used=0.734 layered=true mode=global/off mode_factor=2 line_width=1 base_radius=38.7 used_override=n/a
[robust] pointwise inlier_ratio: min=0.95 med=0.95 max=1
[robust] pointwise worst: sweep_001 19/20 (0.95), sweep_002 19/20 (0.95), sweep_006 19/20 (0.95), sweep_007 19/20 (0.95), sweep_003 20/20 (1)
[robust] sweep-wise: enabled=True status=ok metric=outlier_ratio threshold=0.2 rejected=0
[robust] sweep-wise worst: sweep_007 m=0.05 keep, sweep_006 m=0.05 keep, sweep_001 m=0.05 keep, sweep_002 m=0.05 keep, sweep_005 m=0 keep
; full-auto run default: cost_raw=0.9791 cost_noise_normalized=691.5 J=1146 chi2_red=1198 score_ui=46.12 score_basis=layered-calibrated
; Active ellipse calibration
; Anchors: [[6.0702968821007e-14, -1880.8266213335826], [1628.12954083176, 938.0706794946336], [-1634.4144123194653, 944.898305467684]]
; cost=0.9791 cost_noise_normalized=691.5 origin_norms=[1880.827, 1879.038, 1887.894] pairwise=[d01=3255.301, d02=3264.358, d12=3262.551]
; line_model: planning=L_base_mm estimation=L_model_mm find_radii=global find_buildup_factor=off k=0.6366 base=[30,30,30] effective=[38.68,38.68,38.68]
; line_model_params (M666): M666 R38.68:38.68:38.68 Q0.636619
; line_model_prefit: enabled=True success=True guarded=False seed=seed_5 start=164.4 fit=20.51 start_data=164.4 start_prior=0 start_total=164.4 fit_data=20.51 fit_prior=6.845 fit_total=20.51 valid_sweeps=7 invalid_sweeps=0
; line_model_fit: mode=radii=global,buildup=off outer_iters=3 inner_iters=30 best_cost=2023 last_start=7171 last_fit=7124 last_cal=7164 last_data=7164 last_prior=6.845 last_total=7171 nfev=25 nit=12
; noise_cost: J=1146 chi2_red=1198 |z|_med=17.49 |z|_p95=66.99 outlier_ratio=0.8857 N=140 mode=sigma lengths=mu J_trim=759.3 chi2_red_trim=794.3 N_trim=136
; noise_rescore: tau_MAD=1.156mm cost_noise_normalized_old=691.5 cost_noise_normalized_new=198.7 chi2_red_old=1198 chi2_red_new=344.2 residual_vs_distance_slope_inliers=0.06155 slope(|r|,d)=0.02624 slope(r^2,d)=0.05204 inlier_cutoff_mm=3.401mm n_inlier_rows_used_for_tau=136 tau_d_tau0=4.295mm tau_d_tau1=0 cost_noise_normalized_tau_d=19.61 chi2_red_tau_d=33.97 cost_noise_normalized_tau_d_trimmed_direct=21.53 chi2_red_tau_d_trimmed_direct=22.52 chi2_red_tau_3bin_debiased_trimmed_direct=180.7 trimmed_coherence_ratio_tau_d_over_tau_3bin_debiased=0.1247
; noise_bias_diagnostic: bias_vs_distance_intercept=-105.1mm bias_vs_distance_slope_inliers=0.06427 cost_after_bias_diagnostic=290.5 chi2_red_after_bias_diagnostic=303.9
; noise_rescore_bins: near_MAD=0.5301mm mid_MAD=0.482mm far_MAD=0.3744mm N=[46,45,45]
; noise_rescore_bins_debiased: near_MAD=0.5318mm mid_MAD=0.4602mm far_MAD=0.2823mm
; noise_rescore_tau_3bin_debiased: tau_near=0.7884mm tau_mid=0.6823mm tau_far=0.4186mm cost_noise_normalized_tau_3bin_debiased=172.7 chi2_red_tau_3bin_debiased=180.7 chi2_red_tau_3bin_debiased_trimmed_direct=180.7
; sweep_residual: id=sweep_001 median=0.4643mm MAD=0.6892mm p95_abs=1.63mm mean|z|=21.94 clipped=1/20
; sweep_residual: id=sweep_003 median=-0.3633mm MAD=0.7854mm p95_abs=3.086mm mean|z|=19.63 clipped=0/20
; sweep_residual: id=sweep_004 median=0.1945mm MAD=0.8392mm p95_abs=3.283mm mean|z|=25.88 clipped=0/20
; sweep_residual: id=sweep_005 median=0.1767mm MAD=0.7012mm p95_abs=1.34mm mean|z|=19.16 clipped=0/20
; sweep_residual: id=sweep_007 median=0.1728mm MAD=0.6743mm p95_abs=1.53mm mean|z|=19.13 clipped=1/20
; sweep_residual: +2 more sweeps
; noise_demean_by_sweep: cost_noise_normalized_demeaned=728.3 chi2_red_demeaned=761.9 tail_ratio=1.771 sweep_bias_span=0.8276mm n_obs=136
; noise_norm_floor: min_sigma=0.05mm model_sigma=0.7338mm used_sigma=0.7338mm floor_deg=0.01deg source=auto
; noise_sigma_mm: encoder=0.002546mm friction_cogging=0.1343mm flex=0.2818mm floor=0.05mm non_layered=0.3161mm layer_changes=0.2961mm mode_add=0.5923mm total=0.7338mm model=0.7338mm used=0.7338mm layered=true mode=global/off mode_factor=2 line_width=1mm base_radius=38.72mm used_override=n/a
; info rank: 5/6 std(p0=936mm, p3=883mm, p5=869mm, p2=760mm, p4=725mm, p1=693mm)
; covariance_scaled: chi2_red=1198 std_scaled(p0=3.24e+04mm, p3=3.06e+04mm, p5=3.01e+04mm, p2=2.63e+04mm, p4=2.51e+04mm, p1=2.4e+04mm)
; CI95: max_std=3.239e+04mm max_ci=6.348e+04mm workspace=2948 rel_std=10.99 rel_ci=21.53 scale=chi2_red=1198
; encoder_noise: points=140/140 median_sigma=0deg floor=0.01deg min_samples=10
; encoder_noise_flags: low_samples=0 sigma_below_floor=140 sigma_nonfinite=0
; next_sweep score=0.272841 fixed=[0] targets=[937.9607387613826] pair=[1,2]
; top_candidates:
;   0.272841 fixed=[0] targets=[937.9607387613826] pair=[1,2]
;   0.27284 fixed=[1] targets=[937.9607387613826] pair=[0,2]
;   0.269262 fixed=[0] targets=[885.8518088301946] pair=[1,2]
;   0.269261 fixed=[1] targets=[885.8518088301946] pair=[0,2]
;   0.265648 fixed=[0] targets=[833.7428788990067] pair=[1,2]
; collect_command:
;   node autocal/control/cli/collect_sweep_data.mjs --machineType slideprinter --sweep-config-file autocal/data/layered_manual_some_bad_points.replay_tmp.active_sweep_cfg.default.txt --fixed-targets 937.9607387613826 --output-file autocal/data/layered_manual_some_bad_points.replay_tmp.new_005.json --no-spawn-rrf-simulator --preserve-buildup-factor --force-low 0.01342968040959999 --force-mid 0.2685936081919998 --force-max 2.831339339152179 --no-auto-tune-force --return-to-origin
; reusing force tuning: low=0.01343N mid=0.2686N max=2.831N
; selected run=default score_ui=46.12 score_basis=layered-calibrated cost=691.5 rel_std=10.99 max_std=3.239e+04mm
Wrote to console: Score: 46.12 (lower is better)
; replayed sweep 5/6 -> autocal/data/layered_manual_some_bad_points.replay_tmp.json sweeps=8
Wrote to console: Collected sweep nr 8

; === full-auto iteration 6/20 dataset=autocal/data/layered_manual_some_bad_points.replay_tmp.json ===
Wrote to console: 
Wrote to console: ; === full-auto iteration 6/20 dataset=autocal/data/layered_manual_some_bad_points.replay_tmp.json ===
; full-auto run default: flags=''
[gnc] stage 1/3: wide-huber maxiter=400
[gnc] stage 2/3: tight-huber maxiter=240
[gnc] stage 3/3: trim maxiter=160
[robust] pointwise sigma_source: mode=auto point=160 origin=0 min=0 mixed=0 total=160
[robust] pointwise: enabled=True stage=2 (trim) hard_cut=True huber_mult=3
[robust] pointwise scale: source=global global=44.8 floor=0.00013 floor_mm=0.734
[robust] pointwise sigma_floor_mm: origin=0.00254596 mult=3 scaled=0.00763787 min=0.05 model=0.733768 used=0.733768 floor=0.733768 floor_deg=0.01 source=model
[robust] pointwise sigma_components_mm: encoder=0.00255 friction_cogging=0.134 flex=0.282 floor=0.05 non_layered=0.316 layer_changes=0.296 mode_add=0.592 total=0.734 model=0.734 used=0.734 layered=true mode=global/off mode_factor=2 line_width=1 base_radius=38.7 used_override=n/a
[robust] pointwise inlier_ratio: min=0.8 med=0.85 max=0.95
[robust] pointwise worst: sweep_001 16/20 (0.8), sweep_006 16/20 (0.8), sweep_002 17/20 (0.85), sweep_004 17/20 (0.85), sweep_008 17/20 (0.85)
[robust] sweep-wise: enabled=True status=ok metric=outlier_ratio threshold=0.372 rejected=0
[robust] sweep-wise worst: sweep_006 m=0.2 keep, sweep_001 m=0.2 keep, sweep_004 m=0.15 keep, sweep_008 m=0.15 keep, sweep_002 m=0.15 keep
; full-auto run default: cost_raw=4.524 cost_noise_normalized=1925 J=1.033e+04 chi2_red=1.073e+04 score_ui=2.132e+05 score_basis=layered-calibrated
; Active ellipse calibration
; Anchors: [[1.002123698267838e-13, -1719.5501602384545], [1577.688280181519, 881.2254176152155], [-1660.0047242681917, 959.7704939839148]]
; cost=4.524 cost_noise_normalized=1925 origin_norms=[1719.550, 1807.113, 1917.492] pairwise=[d01=3041.896, d02=3151.884, d12=3238.646]
; line_model: planning=L_base_mm estimation=L_model_mm find_radii=global find_buildup_factor=off k=0.6366 base=[30,30,30] effective=[37.07,37.07,37.07]
; line_model_params (M666): M666 R37.07:37.07:37.07 Q0.636619
; line_model_prefit: enabled=True success=True guarded=False seed=seed_5 start=191.6 fit=23.46 start_data=191.6 start_prior=0 start_total=191.6 fit_data=23.46 fit_prior=6.747 fit_total=23.46 valid_sweeps=8 invalid_sweeps=0
; line_model_fit: mode=radii=global,buildup=off outer_iters=3 inner_iters=30 best_cost=2038 last_start=5199 last_fit=5199 last_cal=5191 last_data=5191 last_prior=8.589 last_total=5199 nfev=21 nit=10
; noise_cost: J=1.033e+04 chi2_red=1.073e+04 |z|_med=27.17 |z|_p95=242.9 outlier_ratio=0.9375 N=160 mode=sigma lengths=mu J_trim=2131 chi2_red_trim=2226 N_trim=140
; noise_rescore: tau_MAD=1.445mm cost_noise_normalized_old=1925 cost_noise_normalized_new=394.7 chi2_red_old=1.073e+04 chi2_red_new=2200 residual_vs_distance_slope_inliers=0.008213 slope(|r|,d)=0.001854 slope(r^2,d)=0.01476 inlier_cutoff_mm=6.117mm n_inlier_rows_used_for_tau=140 tau_d_tau0=2.791mm tau_d_tau1=0 cost_noise_normalized_tau_d=124.4 chi2_red_tau_d=693.6 cost_noise_normalized_tau_d_trimmed_direct=137.7 chi2_red_tau_d_trimmed_direct=143.9 chi2_red_tau_3bin_debiased_trimmed_direct=501.7 trimmed_coherence_ratio_tau_d_over_tau_3bin_debiased=0.2869
; noise_bias_diagnostic: bias_vs_distance_intercept=-12.86mm bias_vs_distance_slope_inliers=0.008141 cost_after_bias_diagnostic=2195 chi2_red_after_bias_diagnostic=2294
; noise_rescore_bins: near_MAD=1.012mm mid_MAD=1.008mm far_MAD=0.831mm N=[47,46,47]
; noise_rescore_bins_debiased: near_MAD=0.9977mm mid_MAD=1.096mm far_MAD=0.7484mm
; noise_rescore_tau_3bin_debiased: tau_near=1.479mm tau_mid=1.624mm tau_far=1.11mm cost_noise_normalized_tau_3bin_debiased=480.2 chi2_red_tau_3bin_debiased=501.7 chi2_red_tau_3bin_debiased_trimmed_direct=501.7
; sweep_residual: id=sweep_002 median=-0.6868mm MAD=1.025mm p95_abs=5.048mm mean|z|=36.46 clipped=3/20
; sweep_residual: id=sweep_007 median=-0.632mm MAD=1.02mm p95_abs=4.171mm mean|z|=35.76 clipped=1/20
; sweep_residual: id=sweep_006 median=0.5042mm MAD=1.27mm p95_abs=3.549mm mean|z|=27.41 clipped=4/20
; sweep_residual: id=sweep_003 median=-0.4283mm MAD=1.293mm p95_abs=3.941mm mean|z|=32.29 clipped=1/20
; sweep_residual: id=sweep_005 median=-0.3708mm MAD=0.9556mm p95_abs=2.948mm mean|z|=31.24 clipped=1/20
; sweep_residual: +3 more sweeps
; noise_demean_by_sweep: cost_noise_normalized_demeaned=2189 chi2_red_demeaned=2287 tail_ratio=3.074 sweep_bias_span=1.191mm n_obs=140
; noise_norm_floor: min_sigma=0.05mm model_sigma=0.7338mm used_sigma=0.7338mm floor_deg=0.01deg source=auto
; noise_sigma_mm: encoder=0.002546mm friction_cogging=0.1343mm flex=0.2818mm floor=0.05mm non_layered=0.3161mm layer_changes=0.2961mm mode_add=0.5923mm total=0.7338mm model=0.7338mm used=0.7338mm layered=true mode=global/off mode_factor=2 line_width=1mm base_radius=38.72mm used_override=n/a
; info rank: 5/6 std(p0=926mm, p5=874mm, p3=873mm, p4=724mm, p2=723mm, p1=708mm)
; covariance_scaled: chi2_red=1.073e+04 std_scaled(p0=9.6e+04mm, p5=9.05e+04mm, p3=9.05e+04mm, p4=7.5e+04mm, p2=7.49e+04mm, p1=7.34e+04mm)
; CI95: max_std=9.597e+04mm max_ci=1.881e+05mm workspace=2948 rel_std=32.56 rel_ci=63.81 scale=chi2_red=1.073e+04
; encoder_noise: points=160/160 median_sigma=0deg floor=0.01deg min_samples=10
; encoder_noise_flags: low_samples=0 sigma_below_floor=160 sigma_nonfinite=0
; next_sweep score=0.257596 fixed=[0] targets=[937.9607387613826] pair=[1,2]
; top_candidates:
;   0.257596 fixed=[0] targets=[937.9607387613826] pair=[1,2]
;   0.254302 fixed=[0] targets=[885.8518088301946] pair=[1,2]
;   0.250974 fixed=[0] targets=[833.7428788990067] pair=[1,2]
;   0.247613 fixed=[0] targets=[781.6339489678189] pair=[1,2]
;   0.244222 fixed=[0] targets=[729.525019036631] pair=[1,2]
; collect_command:
;   node autocal/control/cli/collect_sweep_data.mjs --machineType slideprinter --sweep-config-file autocal/data/layered_manual_some_bad_points.replay_tmp.active_sweep_cfg.default.txt --fixed-targets 937.9607387613826 --output-file autocal/data/layered_manual_some_bad_points.replay_tmp.new_006.json --no-spawn-rrf-simulator --preserve-buildup-factor --force-low 0.01342968040959999 --force-mid 0.2685936081919998 --force-max 2.831339339152179 --no-auto-tune-force --return-to-origin
; reusing force tuning: low=0.01343N mid=0.2686N max=2.831N
; selected run=default score_ui=2.132e+05 score_basis=layered-calibrated cost=1925 rel_std=32.56 max_std=9.597e+04mm
Wrote to console: Score: 2.132e+05 (lower is better)
; replayed sweep 6/6 -> autocal/data/layered_manual_some_bad_points.replay_tmp.json sweeps=9
Wrote to console: Collected sweep nr 9

; === full-auto iteration 7/20 dataset=autocal/data/layered_manual_some_bad_points.replay_tmp.json ===
Wrote to console: 
Wrote to console: ; === full-auto iteration 7/20 dataset=autocal/data/layered_manual_some_bad_points.replay_tmp.json ===
; full-auto run default: flags=''
[gnc] stage 1/3: wide-huber maxiter=400
[gnc] stage 2/3: tight-huber maxiter=240
[gnc] stage 3/3: trim maxiter=160
[robust] pointwise sigma_source: mode=auto point=180 origin=0 min=0 mixed=0 total=180
[robust] pointwise: enabled=True stage=2 (trim) hard_cut=True huber_mult=3
[robust] pointwise scale: source=global global=27.7 floor=0.00013 floor_mm=0.734
[robust] pointwise sigma_floor_mm: origin=0.00254596 mult=3 scaled=0.00763787 min=0.05 model=0.733768 used=0.733768 floor=0.733768 floor_deg=0.01 source=model
[robust] pointwise sigma_components_mm: encoder=0.00255 friction_cogging=0.134 flex=0.282 floor=0.05 non_layered=0.316 layer_changes=0.296 mode_add=0.592 total=0.734 model=0.734 used=0.734 layered=true mode=global/off mode_factor=2 line_width=1 base_radius=38.7 used_override=n/a
[robust] pointwise inlier_ratio: min=0.9 med=0.95 max=1
[robust] pointwise worst: sweep_009 18/20 (0.9), sweep_001 19/20 (0.95), sweep_002 19/20 (0.95), sweep_006 19/20 (0.95), sweep_007 19/20 (0.95)
[robust] sweep-wise: enabled=True status=ok metric=outlier_ratio threshold=0.2 rejected=0
[robust] sweep-wise worst: sweep_009 m=0.1 keep, sweep_008 m=0.05 keep, sweep_007 m=0.05 keep, sweep_006 m=0.05 keep, sweep_001 m=0.05 keep
; full-auto run default: cost_raw=1.331 cost_noise_normalized=894 J=1764 chi2_red=1825 score_ui=202.3 score_basis=layered-calibrated
; Active ellipse calibration
; Anchors: [[4.2055008040967154e-13, -1878.8910334376803], [1621.5401606321416, 934.4823413743208], [-1629.3106742771174, 941.8716545795776]]
; cost=1.331 cost_noise_normalized=894 origin_norms=[1878.891, 1871.537, 1881.961] pairwise=[d01=3247.224, d02=3257.508, d12=3250.859]
; line_model: planning=L_base_mm estimation=L_model_mm find_radii=global find_buildup_factor=off k=0.6366 base=[30,30,30] effective=[38.54,38.54,38.54]
; line_model_params (M666): M666 R38.54:38.54:38.54 Q0.636619
; line_model_prefit: enabled=True success=True guarded=False seed=seed_5 start=196.1 fit=33.52 start_data=196.1 start_prior=0 start_total=196.1 fit_data=33.52 fit_prior=6.829 fit_total=33.52 valid_sweeps=9 invalid_sweeps=0
; line_model_fit: mode=radii=global,buildup=off outer_iters=3 inner_iters=30 best_cost=1567 last_start=6418 last_fit=6418 last_cal=6410 last_data=6410 last_prior=7.84 last_total=6418 nfev=21 nit=10
; noise_cost: J=1764 chi2_red=1825 |z|_med=18.92 |z|_p95=80.29 outlier_ratio=0.9 N=180 mode=sigma lengths=mu J_trim=989.8 chi2_red_trim=1025 N_trim=173
; noise_rescore: tau_MAD=1.327mm cost_noise_normalized_old=894 cost_noise_normalized_new=209.3 chi2_red_old=1825 chi2_red_new=427.3 residual_vs_distance_slope_inliers=0.06433 slope(|r|,d)=0.03521 slope(r^2,d)=0.1015 inlier_cutoff_mm=3.709mm n_inlier_rows_used_for_tau=173 tau_d_tau0=4.089mm tau_d_tau1=0 cost_noise_normalized_tau_d=27.89 chi2_red_tau_d=56.93 cost_noise_normalized_tau_d_trimmed_direct=30.88 chi2_red_tau_d_trimmed_direct=31.99 chi2_red_tau_3bin_debiased_trimmed_direct=217.7 trimmed_coherence_ratio_tau_d_over_tau_3bin_debiased=0.1469
; noise_bias_diagnostic: bias_vs_distance_intercept=-118.8mm bias_vs_distance_slope_inliers=0.07281 cost_after_bias_diagnostic=408.9 chi2_red_after_bias_diagnostic=423.6
; noise_rescore_bins: near_MAD=0.5443mm mid_MAD=0.6079mm far_MAD=0.4359mm N=[58,57,58]
; noise_rescore_bins_debiased: near_MAD=0.5356mm mid_MAD=0.6655mm far_MAD=0.3375mm
; noise_rescore_tau_3bin_debiased: tau_near=0.7941mm tau_mid=0.9866mm tau_far=0.5004mm cost_noise_normalized_tau_3bin_debiased=210.2 chi2_red_tau_3bin_debiased=217.7 chi2_red_tau_3bin_debiased_trimmed_direct=217.7
; sweep_residual: id=sweep_003 median=-0.5056mm MAD=0.8914mm p95_abs=2.91mm mean|z|=23.68 clipped=0/20
; sweep_residual: id=sweep_001 median=0.5034mm MAD=0.8263mm p95_abs=1.855mm mean|z|=24.78 clipped=1/20
; sweep_residual: id=sweep_002 median=-0.374mm MAD=1.083mm p95_abs=2.422mm mean|z|=27.26 clipped=1/20
; sweep_residual: id=sweep_009 median=0.3537mm MAD=0.8521mm p95_abs=2.58mm mean|z|=21.56 clipped=2/20
; sweep_residual: id=sweep_008 median=0.1722mm MAD=0.9325mm p95_abs=2.56mm mean|z|=22.43 clipped=1/20
; sweep_residual: +4 more sweeps
; noise_demean_by_sweep: cost_noise_normalized_demeaned=963.8 chi2_red_demeaned=998.5 tail_ratio=1.81 sweep_bias_span=1.009mm n_obs=173
; noise_norm_floor: min_sigma=0.05mm model_sigma=0.7338mm used_sigma=0.7338mm floor_deg=0.01deg source=auto
; noise_sigma_mm: encoder=0.002546mm friction_cogging=0.1343mm flex=0.2818mm floor=0.05mm non_layered=0.3161mm layer_changes=0.2961mm mode_add=0.5923mm total=0.7338mm model=0.7338mm used=0.7338mm layered=true mode=global/off mode_factor=2 line_width=1mm base_radius=38.72mm used_override=n/a
; info rank: 5/6 std(p0=925mm, p5=862mm, p3=862mm, p4=720mm, p2=720mm, p1=638mm)
; covariance_scaled: chi2_red=1825 std_scaled(p0=3.95e+04mm, p5=3.68e+04mm, p3=3.68e+04mm, p4=3.08e+04mm, p2=3.08e+04mm, p1=2.72e+04mm)
; CI95: max_std=3.95e+04mm max_ci=7.742e+04mm workspace=2948 rel_std=13.4 rel_ci=26.27 scale=chi2_red=1825
; encoder_noise: points=180/180 median_sigma=0deg floor=0.01deg min_samples=10
; encoder_noise_flags: low_samples=0 sigma_below_floor=179 sigma_nonfinite=0
; next_sweep score=0.224183 fixed=[1] targets=[885.8518088301946] pair=[0,2]
; top_candidates:
;   0.224183 fixed=[1] targets=[885.8518088301946] pair=[0,2]
;   0.224159 fixed=[0] targets=[885.8518088301946] pair=[1,2]
;   0.224113 fixed=[2] targets=[885.8518088301946] pair=[0,1]
;   0.221164 fixed=[1] targets=[833.7428788990067] pair=[0,2]
;   0.221141 fixed=[0] targets=[833.7428788990067] pair=[1,2]
; collect_command:
;   node autocal/control/cli/collect_sweep_data.mjs --machineType slideprinter --sweep-config-file autocal/data/layered_manual_some_bad_points.replay_tmp.active_sweep_cfg.default.txt --fixed-targets 885.8518088301946 --output-file autocal/data/layered_manual_some_bad_points.replay_tmp.new_007.json --no-spawn-rrf-simulator --preserve-buildup-factor --force-low 0.01342968040959999 --force-mid 0.2685936081919998 --force-max 2.831339339152179 --no-auto-tune-force --return-to-origin
; reusing force tuning: low=0.01343N mid=0.2686N max=2.831N
; selected run=default score_ui=202.3 score_basis=layered-calibrated cost=894 rel_std=13.4 max_std=3.95e+04mm
Wrote to console: Score: 202.3 (lower is better)
Wrote to console: 
Wrote to console: == Calibration summary ==
Wrote to console: Found parameters of ideal quality
Wrote to console: Fit quality score (lower is better): 1.025
Wrote to console: Parameters (M669): M669 A0.00:-1903.89:0.00 B1647.87:951.75:0.00 C-1647.08:950.77:0.00
Wrote to console: Line model (M666): M666 R39.17:39.17:39.17 Q0.636619
Wrote to console: Interpretation: A Quality score below 2 indicates a near-perfect fit.
Wrote to console: ; --sim + --no-collect set; skipping M669 send.
