{"ts":"2026-04-09T09:56:29.926Z","event":"debug-session-start","pid":45197,"cwd":"/home/torbjorn/repos/hp-sim5","cliArgv":["--debug"]}
{"ts":"2026-04-09T09:56:30.836Z","event":"api-response","method":"info","channel":"prime","result":{"state":"startup","state_message":"\nPrinter is not ready\nThe klippy host software is attempting to connect.  Please\nretry in a few moments.\n","hostname":"torbjorn-MS-7D25","klipper_path":"/home/torbjorn/repos/hp-sim5/klipper","python_path":"/home/torbjorn/repos/hp-sim5/.venv/bin/python","process_id":45210,"user_id":1000,"group_id":1000,"log_file":"/tmp/klipper.log","config_file":"/home/torbjorn/repos/hp-sim5/examples/klipper/hp3/printer-hp3-linux-mcu-with-buildup.cfg","software_version":"v0.13.0-390-gec10973a7","cpu_info":"20 core 12th Gen Intel(R) Core(TM) i7-12700K"}}
{"ts":"2026-04-09T09:56:30.837Z","event":"api-response","method":"objects/list","channel":"prime","result":{"objects":["gcode","webhooks","configfile","mcu","heaters","temperature_host heater_bed","heater_bed","stepper_enable","motion_report","toolhead","temperature_host extruder","extruder","gcode_move","idle_timeout","system_stats","manual_probe"]}}
{"ts":"2026-04-09T09:56:30.837Z","event":"api-response","method":"objects/subscribe","channel":"initial","payload":{"eventtime":11947.718829443,"status":{"webhooks":{"state":"startup","state_message":"\nPrinter is not ready\nThe klippy host software is attempting to connect.  Please\nretry in a few moments.\n"},"toolhead":{"homed_axes":"xyz","axis_minimum":[-1645.448267190434,-1900,-280,0],"axis_maximum":[1645.448267190434,950,1900,0],"print_time":0,"stalls":0,"estimated_print_time":85.68892812,"extruder":"extruder","position":[0,0,0,0],"max_velocity":300,"max_accel":3000,"minimum_cruise_ratio":0.5,"square_corner_velocity":5},"gcode_move":{"speed_factor":1,"speed":1500,"extrude_factor":1,"absolute_coordinates":true,"absolute_extrude":true,"homing_origin":[0,0,0,0],"position":[0,0,0,0],"gcode_position":[0,0,0,0]},"motion_report":{"live_position":[0,0,0,0],"live_velocity":0,"live_extruder_velocity":0,"steppers":[],"trapq":[]}}}}
{"ts":"2026-04-09T09:56:30.838Z","event":"api-status-object","method":"objects/subscribe","channel":"initial","object":"webhooks","eventtime":11947.718829443,"value":{"state":"startup","state_message":"\nPrinter is not ready\nThe klippy host software is attempting to connect.  Please\nretry in a few moments.\n"}}
{"ts":"2026-04-09T09:56:30.838Z","event":"api-status-object","method":"objects/subscribe","channel":"initial","object":"toolhead","eventtime":11947.718829443,"value":{"homed_axes":"xyz","axis_minimum":[-1645.448267190434,-1900,-280,0],"axis_maximum":[1645.448267190434,950,1900,0],"print_time":0,"stalls":0,"estimated_print_time":85.68892812,"extruder":"extruder","position":[0,0,0,0],"max_velocity":300,"max_accel":3000,"minimum_cruise_ratio":0.5,"square_corner_velocity":5}}
{"ts":"2026-04-09T09:56:30.838Z","event":"api-status-object","method":"objects/subscribe","channel":"initial","object":"gcode_move","eventtime":11947.718829443,"value":{"speed_factor":1,"speed":1500,"extrude_factor":1,"absolute_coordinates":true,"absolute_extrude":true,"homing_origin":[0,0,0,0],"position":[0,0,0,0],"gcode_position":[0,0,0,0]}}
{"ts":"2026-04-09T09:56:30.838Z","event":"api-status-object","method":"objects/subscribe","channel":"initial","object":"motion_report","eventtime":11947.718829443,"value":{"live_position":[0,0,0,0],"live_velocity":0,"live_extruder_velocity":0,"steppers":[],"trapq":[]}}
{"ts":"2026-04-09T09:56:31.088Z","event":"api-response","method":"objects/subscribe","channel":"async","payload":{"eventtime":11947.969142574,"status":{"toolhead":{"estimated_print_time":85.93934494}}}}
{"ts":"2026-04-09T09:56:31.088Z","event":"api-status-object","method":"objects/subscribe","channel":"async","object":"toolhead","eventtime":11947.969142574,"value":{"estimated_print_time":85.93934494}}
{"ts":"2026-04-09T09:56:31.230Z","event":"api-response","method":"gcode/subscribe_output","channel":"async","params":{"response":"// Klipper state: Ready"}}
{"ts":"2026-04-09T09:56:31.339Z","event":"api-response","method":"objects/subscribe","channel":"async","payload":{"eventtime":11948.220327502,"status":{"webhooks":{"state":"ready","state_message":"Printer is ready"},"toolhead":{"print_time":86.3311845,"estimated_print_time":86.19056292}}}}
{"ts":"2026-04-09T09:56:31.339Z","event":"api-status-object","method":"objects/subscribe","channel":"async","object":"webhooks","eventtime":11948.220327502,"value":{"state":"ready","state_message":"Printer is ready"}}
{"ts":"2026-04-09T09:56:31.339Z","event":"api-status-object","method":"objects/subscribe","channel":"async","object":"toolhead","eventtime":11948.220327502,"value":{"print_time":86.3311845,"estimated_print_time":86.19056292}}
{"ts":"2026-04-09T09:56:31.590Z","event":"api-response","method":"objects/subscribe","channel":"async","payload":{"eventtime":11948.470820056,"status":{"toolhead":{"estimated_print_time":86.44115046}}}}
{"ts":"2026-04-09T09:56:31.590Z","event":"api-status-object","method":"objects/subscribe","channel":"async","object":"toolhead","eventtime":11948.470820056,"value":{"estimated_print_time":86.44115046}}
{"ts":"2026-04-09T09:56:31.590Z","event":"api-response","method":"objects/query","channel":"refresh","payload":{"eventtime":11948.470820056,"status":{"webhooks":{"state":"ready","state_message":"Printer is ready"},"toolhead":{"homed_axes":"xyz","axis_minimum":[-1645.448267190434,-1900,-280,0],"axis_maximum":[1645.448267190434,950,1900,0],"print_time":86.3311845,"stalls":0,"estimated_print_time":86.44115046,"extruder":"extruder","position":[0,0,0,0],"max_velocity":300,"max_accel":3000,"minimum_cruise_ratio":0.5,"square_corner_velocity":5},"gcode_move":{"speed_factor":1,"speed":1500,"extrude_factor":1,"absolute_coordinates":true,"absolute_extrude":true,"homing_origin":[0,0,0,0],"position":[0,0,0,0],"gcode_position":[0,0,0,0]},"motion_report":{"live_position":[0,0,0,0],"live_velocity":0,"live_extruder_velocity":0,"steppers":["extruder","stepper_a","stepper_b","stepper_c","stepper_d"],"trapq":["extruder","toolhead"]}}}}
{"ts":"2026-04-09T09:56:31.590Z","event":"api-status-object","method":"objects/query","channel":"refresh","object":"webhooks","eventtime":11948.470820056,"value":{"state":"ready","state_message":"Printer is ready"}}
{"ts":"2026-04-09T09:56:31.590Z","event":"api-status-object","method":"objects/query","channel":"refresh","object":"toolhead","eventtime":11948.470820056,"value":{"homed_axes":"xyz","axis_minimum":[-1645.448267190434,-1900,-280,0],"axis_maximum":[1645.448267190434,950,1900,0],"print_time":86.3311845,"stalls":0,"estimated_print_time":86.44115046,"extruder":"extruder","position":[0,0,0,0],"max_velocity":300,"max_accel":3000,"minimum_cruise_ratio":0.5,"square_corner_velocity":5}}
{"ts":"2026-04-09T09:56:31.590Z","event":"api-status-object","method":"objects/query","channel":"refresh","object":"gcode_move","eventtime":11948.470820056,"value":{"speed_factor":1,"speed":1500,"extrude_factor":1,"absolute_coordinates":true,"absolute_extrude":true,"homing_origin":[0,0,0,0],"position":[0,0,0,0],"gcode_position":[0,0,0,0]}}
{"ts":"2026-04-09T09:56:31.590Z","event":"api-status-object","method":"objects/query","channel":"refresh","object":"motion_report","eventtime":11948.470820056,"value":{"live_position":[0,0,0,0],"live_velocity":0,"live_extruder_velocity":0,"steppers":["extruder","stepper_a","stepper_b","stepper_c","stepper_d"],"trapq":["extruder","toolhead"]}}
{"ts":"2026-04-09T09:56:31.591Z","event":"api-response","method":"motion_report/dump_stepper","channel":"initial","name":"extruder","result":{"header":["interval","count","add"]}}
{"ts":"2026-04-09T09:56:31.591Z","event":"api-response","method":"motion_report/dump_stepper","channel":"initial","name":"stepper_a","result":{"header":["interval","count","add"]}}
{"ts":"2026-04-09T09:56:31.591Z","event":"api-response","method":"motion_report/dump_stepper","channel":"initial","name":"stepper_b","result":{"header":["interval","count","add"]}}
{"ts":"2026-04-09T09:56:31.591Z","event":"api-response","method":"motion_report/dump_stepper","channel":"initial","name":"stepper_c","result":{"header":["interval","count","add"]}}
{"ts":"2026-04-09T09:56:31.591Z","event":"api-response","method":"motion_report/dump_stepper","channel":"initial","name":"stepper_d","result":{"header":["interval","count","add"]}}
{"ts":"2026-04-09T09:56:31.592Z","event":"api-response","method":"motion_report/dump_trapq","channel":"initial","name":"extruder","result":{"header":["time","duration","start_velocity","acceleration","start_position","direction"]}}
{"ts":"2026-04-09T09:56:31.592Z","event":"api-response","method":"motion_report/dump_trapq","channel":"initial","name":"toolhead","result":{"header":["time","duration","start_velocity","acceleration","start_position","direction"]}}
{"ts":"2026-04-09T09:56:31.840Z","event":"api-response","method":"objects/subscribe","channel":"async","payload":{"eventtime":11948.72136401,"status":{"toolhead":{"estimated_print_time":86.69178942}}}}
{"ts":"2026-04-09T09:56:31.840Z","event":"api-status-object","method":"objects/subscribe","channel":"async","object":"toolhead","eventtime":11948.72136401,"value":{"estimated_print_time":86.69178942}}
{"ts":"2026-04-09T09:56:32.090Z","event":"api-response","method":"objects/subscribe","channel":"async","payload":{"eventtime":11948.971740557,"status":{"toolhead":{"estimated_print_time":86.94226092}}}}
{"ts":"2026-04-09T09:56:32.090Z","event":"api-status-object","method":"objects/subscribe","channel":"async","object":"toolhead","eventtime":11948.971740557,"value":{"estimated_print_time":86.94226092}}
{"ts":"2026-04-09T09:56:32.092Z","event":"api-response","method":"motion_report/dump_stepper","channel":"async","name":"extruder","params":{"data":[[0,0,0]],"start_position":0,"start_mcu_position":0,"step_distance":0.01046875,"first_clock":4304055212,"first_step_time":86.08110424,"last_clock":4304055212,"last_step_time":86.08110424}}
{"ts":"2026-04-09T09:56:32.092Z","event":"api-response","method":"motion_report/dump_stepper","channel":"async","name":"stepper_a","params":{"data":[[0,0,0]],"start_position":0,"start_mcu_position":0,"step_distance":0.07693749999999999,"first_clock":4304016542,"first_step_time":86.08033084,"last_clock":4304016542,"last_step_time":86.08033084}}
{"ts":"2026-04-09T09:56:32.092Z","event":"api-response","method":"motion_report/dump_stepper","channel":"async","name":"stepper_b","params":{"data":[[0,0,0]],"start_position":0,"start_mcu_position":0,"step_distance":0.07693749999999999,"first_clock":4304031581,"first_step_time":86.08063162,"last_clock":4304031581,"last_step_time":86.08063162}}
{"ts":"2026-04-09T09:56:32.092Z","event":"api-response","method":"motion_report/dump_stepper","channel":"async","name":"stepper_c","params":{"data":[[0,0,0]],"start_position":0,"start_mcu_position":0,"step_distance":0.07693749999999999,"first_clock":4304040055,"first_step_time":86.0808011,"last_clock":4304040055,"last_step_time":86.0808011}}
{"ts":"2026-04-09T09:56:32.092Z","event":"api-response","method":"motion_report/dump_stepper","channel":"async","name":"stepper_d","params":{"data":[[0,0,0]],"start_position":0,"start_mcu_position":0,"step_distance":0.07693749999999999,"first_clock":4304047778,"first_step_time":86.08095556,"last_clock":4304047778,"last_step_time":86.08095556}}
{"ts":"2026-04-09T09:56:32.341Z","event":"api-response","method":"objects/subscribe","channel":"async","payload":{"eventtime":11949.222482506,"status":{"toolhead":{"estimated_print_time":87.19279442}}}}
{"ts":"2026-04-09T09:56:32.341Z","event":"api-status-object","method":"objects/subscribe","channel":"async","object":"toolhead","eventtime":11949.222482506,"value":{"estimated_print_time":87.19279442}}
{"ts":"2026-04-09T09:56:32.592Z","event":"api-response","method":"objects/subscribe","channel":"async","payload":{"eventtime":11949.472846992,"status":{"toolhead":{"estimated_print_time":87.44320198}}}}
{"ts":"2026-04-09T09:56:32.592Z","event":"api-status-object","method":"objects/subscribe","channel":"async","object":"toolhead","eventtime":11949.472846992,"value":{"estimated_print_time":87.44320198}}
{"ts":"2026-04-09T09:56:32.842Z","event":"api-response","method":"objects/subscribe","channel":"async","payload":{"eventtime":11949.723275307,"status":{"toolhead":{"estimated_print_time":87.69367338}}}}
{"ts":"2026-04-09T09:56:32.842Z","event":"api-status-object","method":"objects/subscribe","channel":"async","object":"toolhead","eventtime":11949.723275307,"value":{"estimated_print_time":87.69367338}}
{"ts":"2026-04-09T09:56:33.092Z","event":"api-response","method":"objects/subscribe","channel":"async","payload":{"eventtime":11949.973715135,"status":{"toolhead":{"estimated_print_time":87.94415628}}}}
{"ts":"2026-04-09T09:56:33.092Z","event":"api-status-object","method":"objects/subscribe","channel":"async","object":"toolhead","eventtime":11949.973715135,"value":{"estimated_print_time":87.94415628}}
{"ts":"2026-04-09T09:56:33.343Z","event":"api-response","method":"objects/subscribe","channel":"async","payload":{"eventtime":11950.224768533,"status":{"toolhead":{"estimated_print_time":88.19498008}}}}
{"ts":"2026-04-09T09:56:33.344Z","event":"api-status-object","method":"objects/subscribe","channel":"async","object":"toolhead","eventtime":11950.224768533,"value":{"estimated_print_time":88.19498008}}
{"ts":"2026-04-09T09:56:33.594Z","event":"api-response","method":"objects/subscribe","channel":"async","payload":{"eventtime":11950.475321329,"status":{"toolhead":{"estimated_print_time":88.44554632}}}}
{"ts":"2026-04-09T09:56:33.594Z","event":"api-status-object","method":"objects/subscribe","channel":"async","object":"toolhead","eventtime":11950.475321329,"value":{"estimated_print_time":88.44554632}}
{"ts":"2026-04-09T09:56:33.844Z","event":"api-response","method":"objects/subscribe","channel":"async","payload":{"eventtime":11950.725696468,"status":{"toolhead":{"estimated_print_time":88.69593488}}}}
{"ts":"2026-04-09T09:56:33.844Z","event":"api-status-object","method":"objects/subscribe","channel":"async","object":"toolhead","eventtime":11950.725696468,"value":{"estimated_print_time":88.69593488}}
{"ts":"2026-04-09T09:56:34.095Z","event":"api-response","method":"objects/subscribe","channel":"async","payload":{"eventtime":11950.975962303,"status":{"toolhead":{"estimated_print_time":88.94621414}}}}
{"ts":"2026-04-09T09:56:34.095Z","event":"api-status-object","method":"objects/subscribe","channel":"async","object":"toolhead","eventtime":11950.975962303,"value":{"estimated_print_time":88.94621414}}
{"ts":"2026-04-09T09:56:34.346Z","event":"api-response","method":"objects/subscribe","channel":"async","payload":{"eventtime":11951.226916846,"status":{"toolhead":{"estimated_print_time":89.19719724}}}}
{"ts":"2026-04-09T09:56:34.346Z","event":"api-status-object","method":"objects/subscribe","channel":"async","object":"toolhead","eventtime":11951.226916846,"value":{"estimated_print_time":89.19719724}}
{"ts":"2026-04-09T09:56:34.596Z","event":"api-response","method":"objects/subscribe","channel":"async","payload":{"eventtime":11951.477478762,"status":{"toolhead":{"estimated_print_time":89.44777372}}}}
{"ts":"2026-04-09T09:56:34.596Z","event":"api-status-object","method":"objects/subscribe","channel":"async","object":"toolhead","eventtime":11951.477478762,"value":{"estimated_print_time":89.44777372}}
{"ts":"2026-04-09T09:56:34.847Z","event":"api-response","method":"objects/subscribe","channel":"async","payload":{"eventtime":11951.727842375,"status":{"toolhead":{"estimated_print_time":89.69815186}}}}
{"ts":"2026-04-09T09:56:34.847Z","event":"api-status-object","method":"objects/subscribe","channel":"async","object":"toolhead","eventtime":11951.727842375,"value":{"estimated_print_time":89.69815186}}
{"ts":"2026-04-09T09:56:35.097Z","event":"api-response","method":"objects/subscribe","channel":"async","payload":{"eventtime":11951.978448516,"status":{"toolhead":{"estimated_print_time":89.94877256}}}}
{"ts":"2026-04-09T09:56:35.097Z","event":"api-status-object","method":"objects/subscribe","channel":"async","object":"toolhead","eventtime":11951.978448516,"value":{"estimated_print_time":89.94877256}}
{"ts":"2026-04-09T09:56:35.348Z","event":"api-response","method":"objects/subscribe","channel":"async","payload":{"eventtime":11952.229242869,"status":{"toolhead":{"estimated_print_time":90.199562}}}}
{"ts":"2026-04-09T09:56:35.348Z","event":"api-status-object","method":"objects/subscribe","channel":"async","object":"toolhead","eventtime":11952.229242869,"value":{"estimated_print_time":90.199562}}
{"ts":"2026-04-09T09:56:35.598Z","event":"api-response","method":"objects/subscribe","channel":"async","payload":{"eventtime":11952.479812577,"status":{"toolhead":{"estimated_print_time":90.45014514}}}}
{"ts":"2026-04-09T09:56:35.599Z","event":"api-status-object","method":"objects/subscribe","channel":"async","object":"toolhead","eventtime":11952.479812577,"value":{"estimated_print_time":90.45014514}}
{"ts":"2026-04-09T09:56:35.849Z","event":"api-response","method":"objects/subscribe","channel":"async","payload":{"eventtime":11952.730148643,"status":{"toolhead":{"estimated_print_time":90.70049464}}}}
{"ts":"2026-04-09T09:56:35.849Z","event":"api-status-object","method":"objects/subscribe","channel":"async","object":"toolhead","eventtime":11952.730148643,"value":{"estimated_print_time":90.70049464}}
{"ts":"2026-04-09T09:56:36.100Z","event":"api-response","method":"objects/subscribe","channel":"async","payload":{"eventtime":11952.980728314,"status":{"toolhead":{"estimated_print_time":90.95108774}}}}
{"ts":"2026-04-09T09:56:36.100Z","event":"api-status-object","method":"objects/subscribe","channel":"async","object":"toolhead","eventtime":11952.980728314,"value":{"estimated_print_time":90.95108774}}
{"ts":"2026-04-09T09:56:36.216Z","event":"api-response","method":"info","channel":"prime","result":{"state":"ready","state_message":"Printer is ready","hostname":"torbjorn-MS-7D25","klipper_path":"/home/torbjorn/repos/hp-sim5/klipper","python_path":"/home/torbjorn/repos/hp-sim5/.venv/bin/python","process_id":45210,"user_id":1000,"group_id":1000,"log_file":"/tmp/klipper.log","config_file":"/home/torbjorn/repos/hp-sim5/examples/klipper/hp3/printer-hp3-linux-mcu-with-buildup.cfg","software_version":"v0.13.0-390-gec10973a7","cpu_info":"20 core 12th Gen Intel(R) Core(TM) i7-12700K"}}
{"ts":"2026-04-09T09:56:36.216Z","event":"api-response","method":"objects/list","channel":"prime","result":{"objects":["gcode","webhooks","configfile","mcu","heaters","temperature_host heater_bed","heater_bed","stepper_enable","motion_report","toolhead","temperature_host extruder","extruder","gcode_move","idle_timeout","system_stats","manual_probe"]}}
{"ts":"2026-04-09T09:56:36.217Z","event":"api-response","method":"info","channel":"prime","result":{"state":"ready","state_message":"Printer is ready","hostname":"torbjorn-MS-7D25","klipper_path":"/home/torbjorn/repos/hp-sim5/klipper","python_path":"/home/torbjorn/repos/hp-sim5/.venv/bin/python","process_id":45210,"user_id":1000,"group_id":1000,"log_file":"/tmp/klipper.log","config_file":"/home/torbjorn/repos/hp-sim5/examples/klipper/hp3/printer-hp3-linux-mcu-with-buildup.cfg","software_version":"v0.13.0-390-gec10973a7","cpu_info":"20 core 12th Gen Intel(R) Core(TM) i7-12700K"}}
{"ts":"2026-04-09T09:56:36.217Z","event":"api-response","method":"objects/list","channel":"prime","result":{"objects":["gcode","webhooks","configfile","mcu","heaters","temperature_host heater_bed","heater_bed","stepper_enable","motion_report","toolhead","temperature_host extruder","extruder","gcode_move","idle_timeout","system_stats","manual_probe"]}}
{"ts":"2026-04-09T09:56:36.217Z","event":"api-response","method":"gcode/script","channel":"command","gcode":"G1 X100 F1000","result":{}}
{"ts":"2026-04-09T09:56:36.350Z","event":"api-response","method":"objects/subscribe","channel":"async","payload":{"eventtime":11953.231548861,"status":{"toolhead":{"print_time":97.42510963555556,"estimated_print_time":91.20187496,"position":[100,0,0,0]},"gcode_move":{"speed":1000.0000000000001,"position":[100,0,0,0],"gcode_position":[100,0,0,0]}}}}
{"ts":"2026-04-09T09:56:36.350Z","event":"api-status-object","method":"objects/subscribe","channel":"async","object":"toolhead","eventtime":11953.231548861,"value":{"print_time":97.42510963555556,"estimated_print_time":91.20187496,"position":[100,0,0,0]}}
{"ts":"2026-04-09T09:56:36.350Z","event":"api-status-object","method":"objects/subscribe","channel":"async","object":"gcode_move","eventtime":11953.231548861,"value":{"speed":1000.0000000000001,"position":[100,0,0,0],"gcode_position":[100,0,0,0]}}
{"ts":"2026-04-09T09:56:36.597Z","event":"api-response","method":"motion_report/dump_stepper","channel":"async","name":"stepper_b","params":{"data":[[276283965,-1,0],[269375,-81,9],[270012,-47,11]],"start_position":0,"start_mcu_position":0,"step_distance":0.07693749999999999,"first_clock":4571251261,"first_step_time":91.42502522,"last_clock":4605802251,"last_step_time":92.11604502}}
{"ts":"2026-04-09T09:56:36.598Z","event":"api-response","method":"motion_report/dump_stepper","channel":"async","name":"stepper_c","params":{"data":[[276283963,1,0],[269342,82,-7],[268649,46,-5]],"start_position":0,"start_mcu_position":0,"step_distance":0.07693749999999999,"first_clock":4571251259,"first_step_time":91.42502518,"last_clock":4605666735,"last_step_time":92.1133347}}
{"ts":"2026-04-09T09:56:36.598Z","event":"api-response","method":"motion_report/dump_trapq","channel":"async","name":"toolhead","params":{"data":[[91.41955408,0.005555555555555556,0,3000,[0,0,0],[1,0,0]],[91.42510963555556,5.9944444444444445,16.666666666666668,0,[0.0462962962962963,0,0],[1,0,0]],[97.41955408,0.005555555555555556,16.666666666666668,-3000,[99.95370370370371,0,0],[1,0,0]]]}}
{"ts":"2026-04-09T09:56:36.601Z","event":"api-response","method":"objects/subscribe","channel":"async","payload":{"eventtime":11953.482439022,"status":{"toolhead":{"estimated_print_time":91.45277636},"motion_report":{"live_position":[0.5074083703703623,0,0,0],"live_velocity":16.666666666666668}}}}
{"ts":"2026-04-09T09:56:36.601Z","event":"api-status-object","method":"objects/subscribe","channel":"async","object":"toolhead","eventtime":11953.482439022,"value":{"estimated_print_time":91.45277636}}
{"ts":"2026-04-09T09:56:36.601Z","event":"api-status-object","method":"objects/subscribe","channel":"async","object":"motion_report","eventtime":11953.482439022,"value":{"live_position":[0.5074083703703623,0,0,0],"live_velocity":16.666666666666668}}
{"ts":"2026-04-09T09:56:36.852Z","event":"api-response","method":"objects/subscribe","channel":"async","payload":{"eventtime":11953.733174697,"status":{"toolhead":{"estimated_print_time":91.70352328},"motion_report":{"live_position":[4.686523703703654,0,0,0]}}}}
{"ts":"2026-04-09T09:56:36.852Z","event":"api-status-object","method":"objects/subscribe","channel":"async","object":"toolhead","eventtime":11953.733174697,"value":{"estimated_print_time":91.70352328}}
{"ts":"2026-04-09T09:56:36.852Z","event":"api-status-object","method":"objects/subscribe","channel":"async","object":"motion_report","eventtime":11953.733174697,"value":{"live_position":[4.686523703703654,0,0,0]}}
{"ts":"2026-04-09T09:56:37.097Z","event":"api-response","method":"motion_report/dump_stepper","channel":"async","name":"stepper_a","params":{"data":[[312616386,1,0]],"start_position":0,"start_mcu_position":0,"step_distance":0.07693749999999999,"first_clock":4607583682,"first_step_time":92.15167364,"last_clock":4607583682,"last_step_time":92.15167364}}
{"ts":"2026-04-09T09:56:37.098Z","event":"api-response","method":"motion_report/dump_stepper","channel":"async","name":"stepper_b","params":{"data":[[270381,-46,12],[270742,-46,13]],"start_position":-9.924937499999999,"start_mcu_position":-129,"step_distance":0.07693749999999999,"first_clock":4606072632,"first_step_time":92.12145264,"last_clock":4630719784,"last_step_time":92.61439568}}
{"ts":"2026-04-09T09:56:37.099Z","event":"api-response","method":"motion_report/dump_stepper","channel":"async","name":"stepper_c","params":{"data":[[268275,47,-5],[267897,46,-5]],"start_position":9.924937499999999,"start_mcu_position":129,"step_distance":0.07693749999999999,"first_clock":4605935010,"first_step_time":92.1187002,"last_clock":4630588342,"last_step_time":92.61176684}}
{"ts":"2026-04-09T09:56:37.099Z","event":"api-response","method":"motion_report/dump_stepper","channel":"async","name":"stepper_d","params":{"data":[[312421040,1,0]],"start_position":0,"start_mcu_position":0,"step_distance":0.07693749999999999,"first_clock":4607388336,"first_step_time":92.14776672,"last_clock":4607388336,"last_step_time":92.14776672}}
{"ts":"2026-04-09T09:56:37.103Z","event":"api-response","method":"objects/subscribe","channel":"async","payload":{"eventtime":11953.984010947,"status":{"toolhead":{"estimated_print_time":91.95437076},"motion_report":{"live_position":[8.867315037037061,0,0,0]}}}}
{"ts":"2026-04-09T09:56:37.103Z","event":"api-status-object","method":"objects/subscribe","channel":"async","object":"toolhead","eventtime":11953.984010947,"value":{"estimated_print_time":91.95437076}}
{"ts":"2026-04-09T09:56:37.103Z","event":"api-status-object","method":"objects/subscribe","channel":"async","object":"motion_report","eventtime":11953.984010947,"value":{"live_position":[8.867315037037061,0,0,0]}}
{"ts":"2026-04-09T09:56:37.353Z","event":"api-response","method":"objects/subscribe","channel":"async","payload":{"eventtime":11954.234168039,"status":{"toolhead":{"estimated_print_time":92.20449602},"motion_report":{"live_position":[13.03606937037023,0,0,0]}}}}
{"ts":"2026-04-09T09:56:37.353Z","event":"api-status-object","method":"objects/subscribe","channel":"async","object":"toolhead","eventtime":11954.234168039,"value":{"estimated_print_time":92.20449602}}
{"ts":"2026-04-09T09:56:37.353Z","event":"api-status-object","method":"objects/subscribe","channel":"async","object":"motion_report","eventtime":11954.234168039,"value":{"live_position":[13.03606937037023,0,0,0]}}
{"ts":"2026-04-09T09:56:37.599Z","event":"api-response","method":"motion_report/dump_stepper","channel":"async","name":"stepper_a","params":{"data":[[26696143,1,0],[18380642,1,0]],"start_position":0.07693749999999999,"start_mcu_position":1,"step_distance":0.07693749999999999,"first_clock":4634279825,"first_step_time":92.6855965,"last_clock":4652660467,"last_step_time":93.05320934}}
{"ts":"2026-04-09T09:56:37.599Z","event":"api-response","method":"motion_report/dump_stepper","channel":"async","name":"stepper_b","params":{"data":[[271174,-46,11],[271517,-46,13]],"start_position":-17.0031875,"start_mcu_position":-221,"step_distance":0.07693749999999999,"first_clock":4630990958,"first_step_time":92.61981916,"last_clock":4655708410,"last_step_time":93.1141682}}
{"ts":"2026-04-09T09:56:37.600Z","event":"api-response","method":"motion_report/dump_stepper","channel":"async","name":"stepper_c","params":{"data":[[267527,47,-5],[267150,47,-5]],"start_position":17.080125,"start_mcu_position":222,"step_distance":0.07693749999999999,"first_clock":4630855869,"first_step_time":92.61711738,"last_clock":4655707351,"last_step_time":93.11414702}}
{"ts":"2026-04-09T09:56:37.600Z","event":"api-response","method":"motion_report/dump_stepper","channel":"async","name":"stepper_d","params":{"data":[[26553144,1,0],[18282191,1,0]],"start_position":0.07693749999999999,"start_mcu_position":1,"step_distance":0.07693749999999999,"first_clock":4633941480,"first_step_time":92.6788296,"last_clock":4652223671,"last_step_time":93.04447342}}
{"ts":"2026-04-09T09:56:37.604Z","event":"api-response","method":"objects/subscribe","channel":"async","payload":{"eventtime":11954.484998166,"status":{"toolhead":{"estimated_print_time":92.45533452},"motion_report":{"live_position":[17.216711037036905,0,0,0]}}}}
{"ts":"2026-04-09T09:56:37.604Z","event":"api-status-object","method":"objects/subscribe","channel":"async","object":"toolhead","eventtime":11954.484998166,"value":{"estimated_print_time":92.45533452}}
{"ts":"2026-04-09T09:56:37.604Z","event":"api-status-object","method":"objects/subscribe","channel":"async","object":"motion_report","eventtime":11954.484998166,"value":{"live_position":[17.216711037036905,0,0,0]}}
{"ts":"2026-04-09T09:56:37.854Z","event":"api-response","method":"objects/subscribe","channel":"async","payload":{"eventtime":11954.735652064,"status":{"toolhead":{"estimated_print_time":92.70599678},"motion_report":{"live_position":[21.394415370370453,0,0,0]}}}}
{"ts":"2026-04-09T09:56:37.854Z","event":"api-status-object","method":"objects/subscribe","channel":"async","object":"toolhead","eventtime":11954.735652064,"value":{"estimated_print_time":92.70599678}}
{"ts":"2026-04-09T09:56:37.854Z","event":"api-status-object","method":"objects/subscribe","channel":"async","object":"motion_report","eventtime":11954.735652064,"value":{"live_position":[21.394415370370453,0,0,0]}}
{"ts":"2026-04-09T09:56:38.099Z","event":"api-response","method":"motion_report/dump_stepper","channel":"async","name":"stepper_a","params":{"data":[[14940720,1,0]],"start_position":0.23081249999999998,"start_mcu_position":3,"step_distance":0.07693749999999999,"first_clock":4667601187,"first_step_time":93.35202374,"last_clock":4667601187,"last_step_time":93.35202374}}
{"ts":"2026-04-09T09:56:38.099Z","event":"api-response","method":"motion_report/dump_stepper","channel":"async","name":"stepper_b","params":{"data":[[271929,-46,12],[272299,-46,13]],"start_position":-24.081437499999996,"start_mcu_position":-313,"step_distance":0.07693749999999999,"first_clock":4655980339,"first_step_time":93.11960678,"last_clock":4680768773,"last_step_time":93.61537546}}
{"ts":"2026-04-09T09:56:38.100Z","event":"api-response","method":"motion_report/dump_stepper","channel":"async","name":"stepper_c","params":{"data":[[266777,47,-5],[266405,47,-5]],"start_position":24.31225,"start_mcu_position":316,"step_distance":0.07693749999999999,"first_clock":4655974128,"first_step_time":93.11948256,"last_clock":4680756095,"last_step_time":93.6151219}}
{"ts":"2026-04-09T09:56:38.100Z","event":"api-response","method":"motion_report/dump_stepper","channel":"async","name":"stepper_d","params":{"data":[[14860699,1,0]],"start_position":0.23081249999999998,"start_mcu_position":3,"step_distance":0.07693749999999999,"first_clock":4667084370,"first_step_time":93.3416874,"last_clock":4667084370,"last_step_time":93.3416874}}
{"ts":"2026-04-09T09:56:38.105Z","event":"api-response","method":"objects/subscribe","channel":"async","payload":{"eventtime":11954.986370503,"status":{"toolhead":{"estimated_print_time":92.95672358},"motion_report":{"live_position":[25.573195370370374,0,0,0]}}}}
{"ts":"2026-04-09T09:56:38.105Z","event":"api-status-object","method":"objects/subscribe","channel":"async","object":"toolhead","eventtime":11954.986370503,"value":{"estimated_print_time":92.95672358}}
{"ts":"2026-04-09T09:56:38.105Z","event":"api-status-object","method":"objects/subscribe","channel":"async","object":"motion_report","eventtime":11954.986370503,"value":{"live_position":[25.573195370370374,0,0,0]}}
{"ts":"2026-04-09T09:56:38.356Z","event":"api-response","method":"objects/subscribe","channel":"async","payload":{"eventtime":11955.237372722,"status":{"toolhead":{"estimated_print_time":93.20769338},"motion_report":{"live_position":[29.756025370370256,0,0,0]}}}}
{"ts":"2026-04-09T09:56:38.356Z","event":"api-status-object","method":"objects/subscribe","channel":"async","object":"toolhead","eventtime":11955.237372722,"value":{"estimated_print_time":93.20769338}}
{"ts":"2026-04-09T09:56:38.356Z","event":"api-status-object","method":"objects/subscribe","channel":"async","object":"motion_report","eventtime":11955.237372722,"value":{"live_position":[29.756025370370256,0,0,0]}}
{"ts":"2026-04-09T09:56:38.600Z","event":"api-response","method":"motion_report/dump_stepper","channel":"async","name":"stepper_a","params":{"data":[[12919311,1,0],[11547392,1,0],[10537418,1,0]],"start_position":0.30774999999999997,"start_mcu_position":4,"step_distance":0.07693749999999999,"first_clock":4680520498,"first_step_time":93.61040996,"last_clock":4702605308,"last_step_time":94.05210616}}
{"ts":"2026-04-09T09:56:38.600Z","event":"api-response","method":"motion_report/dump_stepper","channel":"async","name":"stepper_b","params":{"data":[[272715,-46,12],[273090,-45,13]],"start_position":-31.159687499999997,"start_mcu_position":-405,"step_distance":0.07693749999999999,"first_clock":4681041488,"first_step_time":93.62082976,"last_clock":4705628003,"last_step_time":94.11256006}}
{"ts":"2026-04-09T09:56:38.601Z","event":"api-response","method":"motion_report/dump_stepper","channel":"async","name":"stepper_c","params":{"data":[[266034,47,-5],[265665,47,-5]],"start_position":31.544374999999995,"start_mcu_position":410,"step_distance":0.07693749999999999,"first_clock":4681022129,"first_step_time":93.62044258,"last_clock":4705735138,"last_step_time":94.11470276}}
{"ts":"2026-04-09T09:56:38.601Z","event":"api-response","method":"motion_report/dump_stepper","channel":"async","name":"stepper_d","params":{"data":[[12850121,1,0],[11485553,1,0],[10480991,1,0]],"start_position":0.30774999999999997,"start_mcu_position":4,"step_distance":0.07693749999999999,"first_clock":4679934491,"first_step_time":93.59868982,"last_clock":4701901035,"last_step_time":94.0380207}}
{"ts":"2026-04-09T09:56:38.607Z","event":"api-response","method":"objects/subscribe","channel":"async","payload":{"eventtime":11955.488185582,"status":{"toolhead":{"estimated_print_time":93.45851318},"motion_report":{"live_position":[33.93635537037029,0,0,0]}}}}
{"ts":"2026-04-09T09:56:38.607Z","event":"api-status-object","method":"objects/subscribe","channel":"async","object":"toolhead","eventtime":11955.488185582,"value":{"estimated_print_time":93.45851318}}
{"ts":"2026-04-09T09:56:38.607Z","event":"api-status-object","method":"objects/subscribe","channel":"async","object":"motion_report","eventtime":11955.488185582,"value":{"live_position":[33.93635537037029,0,0,0]}}
{"ts":"2026-04-09T09:56:38.857Z","event":"api-response","method":"objects/subscribe","channel":"async","payload":{"eventtime":11955.738728438,"status":{"toolhead":{"estimated_print_time":93.70906298},"motion_report":{"live_position":[38.11218537037032,0,0,0]}}}}
{"ts":"2026-04-09T09:56:38.858Z","event":"api-status-object","method":"objects/subscribe","channel":"async","object":"toolhead","eventtime":11955.738728438,"value":{"estimated_print_time":93.70906298}}
{"ts":"2026-04-09T09:56:38.858Z","event":"api-status-object","method":"objects/subscribe","channel":"async","object":"motion_report","eventtime":11955.738728438,"value":{"live_position":[38.11218537037032,0,0,0]}}
{"ts":"2026-04-09T09:56:39.100Z","event":"api-response","method":"motion_report/dump_stepper","channel":"async","name":"stepper_a","params":{"data":[[9753673,1,0],[9122522,1,0]],"start_position":0.5385624999999999,"start_mcu_position":7,"step_distance":0.07693749999999999,"first_clock":4712358981,"first_step_time":94.24717962,"last_clock":4721481503,"last_step_time":94.42963006}}
{"ts":"2026-04-09T09:56:39.100Z","event":"api-response","method":"motion_report/dump_stepper","channel":"async","name":"stepper_b","params":{"data":[[273500,-46,12],[273876,-46,13]],"start_position":-38.160999999999994,"start_mcu_position":-496,"step_distance":0.07693749999999999,"first_clock":4705901503,"first_step_time":94.11803006,"last_clock":4730833174,"last_step_time":94.61666348}}
{"ts":"2026-04-09T09:56:39.101Z","event":"api-response","method":"motion_report/dump_stepper","channel":"async","name":"stepper_c","params":{"data":[[265298,47,-5],[264932,47,-5]],"start_position":38.7765,"start_mcu_position":504,"step_distance":0.07693749999999999,"first_clock":4706000436,"first_step_time":94.12000872,"last_clock":4730645138,"last_step_time":94.61290276}}
{"ts":"2026-04-09T09:56:39.101Z","event":"api-response","method":"motion_report/dump_stepper","channel":"async","name":"stepper_d","params":{"data":[[9701446,1,0],[9073677,1,0]],"start_position":0.5385624999999999,"start_mcu_position":7,"step_distance":0.07693749999999999,"first_clock":4711602481,"first_step_time":94.23204962,"last_clock":4720676158,"last_step_time":94.41352316}}
{"ts":"2026-04-09T09:56:39.108Z","event":"api-response","method":"objects/subscribe","channel":"async","payload":{"eventtime":11955.989668499,"status":{"toolhead":{"estimated_print_time":93.9600229},"motion_report":{"live_position":[42.29485070370365,0,0,0]}}}}
{"ts":"2026-04-09T09:56:39.108Z","event":"api-status-object","method":"objects/subscribe","channel":"async","object":"toolhead","eventtime":11955.989668499,"value":{"estimated_print_time":93.9600229}}
{"ts":"2026-04-09T09:56:39.108Z","event":"api-status-object","method":"objects/subscribe","channel":"async","object":"motion_report","eventtime":11955.989668499,"value":{"live_position":[42.29485070370365,0,0,0]}}
{"ts":"2026-04-09T09:56:39.359Z","event":"api-response","method":"objects/subscribe","channel":"async","payload":{"eventtime":11956.240672969,"status":{"toolhead":{"estimated_print_time":94.21103474},"motion_report":{"live_position":[46.47838137037038,0,0,0]}}}}
{"ts":"2026-04-09T09:56:39.359Z","event":"api-status-object","method":"objects/subscribe","channel":"async","object":"toolhead","eventtime":11956.240672969,"value":{"estimated_print_time":94.21103474}}
{"ts":"2026-04-09T09:56:39.360Z","event":"api-status-object","method":"objects/subscribe","channel":"async","object":"motion_report","eventtime":11956.240672969,"value":{"live_position":[46.47838137037038,0,0,0]}}
{"ts":"2026-04-09T09:56:39.601Z","event":"api-response","method":"motion_report/dump_stepper","channel":"async","name":"stepper_a","params":{"data":[[8600068,1,0],[8158289,1,0],[7778342,1,0],[7447021,1,0]],"start_position":0.6924374999999999,"start_mcu_position":9,"step_distance":0.07693749999999999,"first_clock":4730081571,"first_step_time":94.60163142,"last_clock":4753465223,"last_step_time":95.06930446}}
{"ts":"2026-04-09T09:56:39.601Z","event":"api-response","method":"motion_report/dump_stepper","channel":"async","name":"stepper_b","params":{"data":[[274281,-45,13],[274696,-46,12]],"start_position":-45.23925,"start_mcu_position":-588,"step_distance":0.07693749999999999,"first_clock":4731107455,"first_step_time":94.6221491,"last_clock":4755837125,"last_step_time":95.1167425}}
{"ts":"2026-04-09T09:56:39.602Z","event":"api-response","method":"motion_report/dump_stepper","channel":"async","name":"stepper_c","params":{"data":[[264566,48,-5],[264198,47,-5]],"start_position":46.008624999999995,"start_mcu_position":598,"step_distance":0.07693749999999999,"first_clock":4730909704,"first_step_time":94.61819408,"last_clock":4755750567,"last_step_time":95.11501134}}
{"ts":"2026-04-09T09:56:39.602Z","event":"api-response","method":"motion_report/dump_stepper","channel":"async","name":"stepper_d","params":{"data":[[8554024,1,0],[8114613,1,0],[7736702,1,0],[7407158,1,0]],"start_position":0.6924374999999999,"start_mcu_position":9,"step_distance":0.07693749999999999,"first_clock":4729230182,"first_step_time":94.58460364,"last_clock":4752488655,"last_step_time":95.0497731}}
{"ts":"2026-04-09T09:56:39.610Z","event":"api-response","method":"objects/subscribe","channel":"async","payload":{"eventtime":11956.491576411,"status":{"toolhead":{"estimated_print_time":94.46194554},"motion_report":{"live_position":[50.660228037037044,0,0,0]}}}}
{"ts":"2026-04-09T09:56:39.610Z","event":"api-status-object","method":"objects/subscribe","channel":"async","object":"toolhead","eventtime":11956.491576411,"value":{"estimated_print_time":94.46194554}}
{"ts":"2026-04-09T09:56:39.610Z","event":"api-status-object","method":"objects/subscribe","channel":"async","object":"motion_report","eventtime":11956.491576411,"value":{"live_position":[50.660228037037044,0,0,0]}}
{"ts":"2026-04-09T09:56:39.861Z","event":"api-response","method":"objects/subscribe","channel":"async","payload":{"eventtime":11956.742335951,"status":{"toolhead":{"estimated_print_time":94.71271244},"motion_report":{"live_position":[54.83967637037041,0,0,0]}}}}
{"ts":"2026-04-09T09:56:39.861Z","event":"api-status-object","method":"objects/subscribe","channel":"async","object":"toolhead","eventtime":11956.742335951,"value":{"estimated_print_time":94.71271244}}
{"ts":"2026-04-09T09:56:39.861Z","event":"api-status-object","method":"objects/subscribe","channel":"async","object":"motion_report","eventtime":11956.742335951,"value":{"live_position":[54.83967637037041,0,0,0]}}
{"ts":"2026-04-09T09:56:40.102Z","event":"api-response","method":"motion_report/dump_stepper","channel":"async","name":"stepper_a","params":{"data":[[7154767,1,0],[6894454,1,0],[6660659,1,0]],"start_position":1.0001875,"start_mcu_position":13,"step_distance":0.07693749999999999,"first_clock":4760619990,"first_step_time":95.2123998,"last_clock":4774175103,"last_step_time":95.48350206}}
{"ts":"2026-04-09T09:56:40.102Z","event":"api-response","method":"motion_report/dump_stepper","channel":"async","name":"stepper_b","params":{"data":[[275081,-45,13],[275502,-45,12]],"start_position":-52.240562499999996,"start_mcu_position":-679,"step_distance":0.07693749999999999,"first_clock":4756112206,"first_step_time":95.12224412,"last_clock":4780638110,"last_step_time":95.6127622}}
{"ts":"2026-04-09T09:56:40.103Z","event":"api-response","method":"motion_report/dump_stepper","channel":"async","name":"stepper_c","params":{"data":[[263836,47,-5],[263476,48,-5]],"start_position":53.31768749999999,"start_mcu_position":693,"step_distance":0.07693749999999999,"first_clock":4756014403,"first_step_time":95.12028806,"last_clock":4780786662,"last_step_time":95.61573324}}
{"ts":"2026-04-09T09:56:40.103Z","event":"api-response","method":"motion_report/dump_stepper","channel":"async","name":"stepper_d","params":{"data":[[7116469,1,0],[6857553,1,0],[6625011,1,0]],"start_position":1.0001875,"start_mcu_position":13,"step_distance":0.07693749999999999,"first_clock":4759605124,"first_step_time":95.19210248,"last_clock":4773087688,"last_step_time":95.46175376}}
{"ts":"2026-04-09T09:56:40.111Z","event":"api-response","method":"objects/subscribe","channel":"async","payload":{"eventtime":11956.99261183,"status":{"toolhead":{"estimated_print_time":94.96297888},"motion_report":{"live_position":[59.01078370370358,0,0,0]}}}}
{"ts":"2026-04-09T09:56:40.111Z","event":"api-status-object","method":"objects/subscribe","channel":"async","object":"toolhead","eventtime":11956.99261183,"value":{"estimated_print_time":94.96297888}}
{"ts":"2026-04-09T09:56:40.111Z","event":"api-status-object","method":"objects/subscribe","channel":"async","object":"motion_report","eventtime":11956.99261183,"value":{"live_position":[59.01078370370358,0,0,0]}}
{"ts":"2026-04-09T09:56:40.363Z","event":"api-response","method":"objects/subscribe","channel":"async","payload":{"eventtime":11957.243698766,"status":{"toolhead":{"estimated_print_time":95.2140727},"motion_report":{"live_position":[63.19568070370372,0,0,0]}}}}
{"ts":"2026-04-09T09:56:40.363Z","event":"api-status-object","method":"objects/subscribe","channel":"async","object":"toolhead","eventtime":11957.243698766,"value":{"estimated_print_time":95.2140727}}
{"ts":"2026-04-09T09:56:40.363Z","event":"api-status-object","method":"objects/subscribe","channel":"async","object":"motion_report","eventtime":11957.243698766,"value":{"live_position":[63.19568070370372,0,0,0]}}
{"ts":"2026-04-09T09:56:40.602Z","event":"api-response","method":"motion_report/dump_stepper","channel":"async","name":"stepper_a","params":{"data":[[6449163,1,0],[6256632,1,0],[6080393,1,0],[5918268,1,0]],"start_position":1.2309999999999999,"start_mcu_position":16,"step_distance":0.07693749999999999,"first_clock":4780624266,"first_step_time":95.61248532,"last_clock":4798879559,"last_step_time":95.97759118}}
{"ts":"2026-04-09T09:56:40.602Z","event":"api-response","method":"motion_report/dump_stepper","channel":"async","name":"stepper_b","params":{"data":[[275904,-45,12],[276282,-46,13]],"start_position":-59.16493749999999,"start_mcu_position":-769,"step_distance":0.07693749999999999,"first_clock":4780914014,"first_step_time":95.61828028,"last_clock":4805788097,"last_step_time":96.11576194}}
{"ts":"2026-04-09T09:56:40.603Z","event":"api-response","method":"motion_report/dump_stepper","channel":"async","name":"stepper_c","params":{"data":[[263111,47,-5],[262754,48,-5]],"start_position":60.626749999999994,"start_mcu_position":788,"step_distance":0.07693749999999999,"first_clock":4781049773,"first_step_time":95.62099546,"last_clock":4805754026,"last_step_time":96.11508052}}
{"ts":"2026-04-09T09:56:40.603Z","event":"api-response","method":"motion_report/dump_stepper","channel":"async","name":"stepper_d","params":{"data":[[6414649,1,0],[6223151,1,0],[6047856,1,0],[5886601,1,0],[5737606,1,0]],"start_position":1.2309999999999999,"start_mcu_position":16,"step_distance":0.07693749999999999,"first_clock":4779502337,"first_step_time":95.59004674,"last_clock":4803397551,"last_step_time":96.06795102}}
{"ts":"2026-04-09T09:56:40.613Z","event":"api-response","method":"objects/subscribe","channel":"async","payload":{"eventtime":11957.49464403,"status":{"toolhead":{"estimated_print_time":95.46502484},"motion_report":{"live_position":[67.37821637037031,0,0,0]}}}}
{"ts":"2026-04-09T09:56:40.613Z","event":"api-status-object","method":"objects/subscribe","channel":"async","object":"toolhead","eventtime":11957.49464403,"value":{"estimated_print_time":95.46502484}}
{"ts":"2026-04-09T09:56:40.613Z","event":"api-status-object","method":"objects/subscribe","channel":"async","object":"motion_report","eventtime":11957.49464403,"value":{"live_position":[67.37821637037031,0,0,0]}}
{"ts":"2026-04-09T09:56:40.864Z","event":"api-response","method":"objects/subscribe","channel":"async","payload":{"eventtime":11957.745196418,"status":{"toolhead":{"estimated_print_time":95.7155841},"motion_report":{"live_position":[71.55420403703702,0,0,0]}}}}
{"ts":"2026-04-09T09:56:40.864Z","event":"api-status-object","method":"objects/subscribe","channel":"async","object":"toolhead","eventtime":11957.745196418,"value":{"estimated_print_time":95.7155841}}
{"ts":"2026-04-09T09:56:40.864Z","event":"api-status-object","method":"objects/subscribe","channel":"async","object":"motion_report","eventtime":11957.745196418,"value":{"live_position":[71.55420403703702,0,0,0]}}
{"ts":"2026-04-09T09:56:41.103Z","event":"api-response","method":"motion_report/dump_stepper","channel":"async","name":"stepper_a","params":{"data":[[5768470,1,0],[5629510,1,0],[5500144,1,0],[5379314,1,0],[5266122,1,0]],"start_position":1.5387499999999998,"start_mcu_position":20,"step_distance":0.07693749999999999,"first_clock":4804648029,"first_step_time":96.09296058,"last_clock":4826423119,"last_step_time":96.52846238}}
{"ts":"2026-04-09T09:56:41.103Z","event":"api-response","method":"motion_report/dump_stepper","channel":"async","name":"stepper_b","params":{"data":[[276699,-45,13],[277084,-45,14]],"start_position":-66.16624999999999,"start_mcu_position":-860,"step_distance":0.07693749999999999,"first_clock":4806064796,"first_step_time":96.12129592,"last_clock":4830735062,"last_step_time":96.61470124}}
{"ts":"2026-04-09T09:56:41.104Z","event":"api-response","method":"motion_report/dump_stepper","channel":"async","name":"stepper_c","params":{"data":[[262391,48,-5],[262031,47,-5]],"start_position":67.9358125,"start_mcu_position":883,"step_distance":0.07693749999999999,"first_clock":4806016417,"first_step_time":96.12032834,"last_clock":4830653206,"last_step_time":96.61306412}}
{"ts":"2026-04-09T09:56:41.104Z","event":"api-response","method":"motion_report/dump_stepper","channel":"async","name":"stepper_d","params":{"data":[[5599392,1,0],[5470720,1,0],[5350537,1,0],[5237954,1,0]],"start_position":1.6156875,"start_mcu_position":21,"step_distance":0.07693749999999999,"first_clock":4808996943,"first_step_time":96.17993886,"last_clock":4825056154,"last_step_time":96.50112308}}
{"ts":"2026-04-09T09:56:41.115Z","event":"api-response","method":"objects/subscribe","channel":"async","payload":{"eventtime":11957.99608113,"status":{"toolhead":{"estimated_print_time":95.96648502},"motion_report":{"live_position":[75.73588603703689,0,0,0]}}}}
{"ts":"2026-04-09T09:56:41.115Z","event":"api-status-object","method":"objects/subscribe","channel":"async","object":"toolhead","eventtime":11957.99608113,"value":{"estimated_print_time":95.96648502}}
{"ts":"2026-04-09T09:56:41.115Z","event":"api-status-object","method":"objects/subscribe","channel":"async","object":"motion_report","eventtime":11957.99608113,"value":{"live_position":[75.73588603703689,0,0,0]}}
{"ts":"2026-04-09T09:56:41.366Z","event":"api-response","method":"objects/subscribe","channel":"async","payload":{"eventtime":11958.247042451,"status":{"toolhead":{"estimated_print_time":96.21745346},"motion_report":{"live_position":[79.91869337037036,0,0,0]}}}}
{"ts":"2026-04-09T09:56:41.366Z","event":"api-status-object","method":"objects/subscribe","channel":"async","object":"toolhead","eventtime":11958.247042451,"value":{"estimated_print_time":96.21745346}}
{"ts":"2026-04-09T09:56:41.366Z","event":"api-status-object","method":"objects/subscribe","channel":"async","object":"motion_report","eventtime":11958.247042451,"value":{"live_position":[79.91869337037036,0,0,0]}}
{"ts":"2026-04-09T09:56:41.603Z","event":"api-response","method":"motion_report/dump_stepper","channel":"async","name":"stepper_a","params":{"data":[[5159796,1,0],[5059669,1,0],[4965160,1,0],[4875763,1,0],[4791034,1,0]],"start_position":1.9234375,"start_mcu_position":25,"step_distance":0.07693749999999999,"first_clock":4831582915,"first_step_time":96.6316583,"last_clock":4851274541,"last_step_time":97.02549082}}
{"ts":"2026-04-09T09:56:41.604Z","event":"api-response","method":"motion_report/dump_stepper","channel":"async","name":"stepper_b","params":{"data":[[277493,-45,14],[277927,-45,13]],"start_position":-73.09062499999999,"start_mcu_position":-950,"step_distance":0.07693749999999999,"first_clock":4831012555,"first_step_time":96.6202511,"last_clock":4855755692,"last_step_time":97.11511384}}
{"ts":"2026-04-09T09:56:41.604Z","event":"api-response","method":"motion_report/dump_stepper","channel":"async","name":"stepper_c","params":{"data":[[261678,48,-5],[261320,48,-5]],"start_position":75.244875,"start_mcu_position":978,"step_distance":0.07693749999999999,"first_clock":4830914884,"first_step_time":96.61829768,"last_clock":4855745830,"last_step_time":97.1149166}}
{"ts":"2026-04-09T09:56:41.605Z","event":"api-response","method":"motion_report/dump_stepper","channel":"async","name":"stepper_d","params":{"data":[[5132197,1,0],[5032607,1,0],[4938605,1,0],[4849689,1,0],[4765414,1,0]],"start_position":1.9234375,"start_mcu_position":25,"step_distance":0.07693749999999999,"first_clock":4830188351,"first_step_time":96.60376702,"last_clock":4849774666,"last_step_time":96.99549332}}
{"ts":"2026-04-09T09:56:41.617Z","event":"api-response","method":"objects/subscribe","channel":"async","payload":{"eventtime":11958.497882384,"status":{"toolhead":{"estimated_print_time":96.46830052},"motion_report":{"live_position":[84.09947770370367,0,0,0]}}}}
{"ts":"2026-04-09T09:56:41.617Z","event":"api-status-object","method":"objects/subscribe","channel":"async","object":"toolhead","eventtime":11958.497882384,"value":{"estimated_print_time":96.46830052}}
{"ts":"2026-04-09T09:56:41.617Z","event":"api-status-object","method":"objects/subscribe","channel":"async","object":"motion_report","eventtime":11958.497882384,"value":{"live_position":[84.09947770370367,0,0,0]}}
{"ts":"2026-04-09T09:56:41.867Z","event":"api-response","method":"objects/subscribe","channel":"async","payload":{"eventtime":11958.748505259,"status":{"toolhead":{"estimated_print_time":96.7189305},"motion_report":{"live_position":[88.27664403703699,0,0,0]}}}}
{"ts":"2026-04-09T09:56:41.867Z","event":"api-status-object","method":"objects/subscribe","channel":"async","object":"toolhead","eventtime":11958.748505259,"value":{"estimated_print_time":96.7189305}}
{"ts":"2026-04-09T09:56:41.867Z","event":"api-status-object","method":"objects/subscribe","channel":"async","object":"motion_report","eventtime":11958.748505259,"value":{"live_position":[88.27664403703699,0,0,0]}}
{"ts":"2026-04-09T09:56:42.104Z","event":"api-response","method":"motion_report/dump_stepper","channel":"async","name":"stepper_a","params":{"data":[[4710581,1,0],[4634054,1,0],[4561145,1,0]],"start_position":2.3081249999999995,"start_mcu_position":30,"step_distance":0.07693749999999999,"first_clock":4855985122,"first_step_time":97.11970244,"last_clock":4865180321,"last_step_time":97.30360642}}
{"ts":"2026-04-09T09:56:42.104Z","event":"api-response","method":"motion_report/dump_stepper","channel":"async","name":"stepper_b","params":{"data":[[278341,-45,13],[278854,-9,0]],"start_position":-80.01499999999999,"start_mcu_position":-1040,"step_distance":0.07693749999999999,"first_clock":4856034033,"first_step_time":97.12068066,"last_clock":4870803593,"last_step_time":97.41607186}}
{"ts":"2026-04-09T09:56:42.105Z","event":"api-response","method":"motion_report/dump_stepper","channel":"async","name":"stepper_c","params":{"data":[[260964,48,-5],[260633,10,0]],"start_position":82.63087499999999,"start_mcu_position":1074,"step_distance":0.07693749999999999,"first_clock":4856006794,"first_step_time":97.12013588,"last_clock":4870872792,"last_step_time":97.41745584}}
{"ts":"2026-04-09T09:56:42.105Z","event":"api-response","method":"motion_report/dump_stepper","channel":"async","name":"stepper_d","params":{"data":[[4685392,1,0],[4609277,1,0],[4536758,1,0],[4467565,1,0]],"start_position":2.3081249999999995,"start_mcu_position":30,"step_distance":0.07693749999999999,"first_clock":4854460058,"first_step_time":97.08920116,"last_clock":4868073658,"last_step_time":97.36147316}}
{"ts":"2026-04-09T09:56:42.118Z","event":"api-response","method":"objects/subscribe","channel":"async","payload":{"eventtime":11958.998667477,"status":{"toolhead":{"estimated_print_time":96.96910278},"motion_report":{"live_position":[92.446182037037,0,0,0]}}}}
{"ts":"2026-04-09T09:56:42.118Z","event":"api-status-object","method":"objects/subscribe","channel":"async","object":"toolhead","eventtime":11958.998667477,"value":{"estimated_print_time":96.96910278}}
{"ts":"2026-04-09T09:56:42.118Z","event":"api-status-object","method":"objects/subscribe","channel":"async","object":"motion_report","eventtime":11958.998667477,"value":{"live_position":[92.446182037037,0,0,0]}}
{"ts":"2026-04-09T09:56:42.368Z","event":"api-response","method":"objects/subscribe","channel":"async","payload":{"eventtime":11959.249076182,"status":{"toolhead":{"estimated_print_time":97.21951868},"motion_report":{"live_position":[96.61978037037022,0,0,0]}}}}
{"ts":"2026-04-09T09:56:42.368Z","event":"api-status-object","method":"objects/subscribe","channel":"async","object":"toolhead","eventtime":11959.249076182,"value":{"estimated_print_time":97.21951868}}
{"ts":"2026-04-09T09:56:42.368Z","event":"api-status-object","method":"objects/subscribe","channel":"async","object":"motion_report","eventtime":11959.249076182,"value":{"live_position":[96.61978037037022,0,0,0]}}
{"ts":"2026-04-09T09:56:42.604Z","event":"api-response","method":"motion_report/dump_stepper","channel":"async","name":"stepper_a","params":{"data":[[4491578,1,0]],"start_position":2.5389375,"start_mcu_position":33,"step_distance":0.07693749999999999,"first_clock":4869671899,"first_step_time":97.39343798,"last_clock":4869671899,"last_step_time":97.39343798}}
{"ts":"2026-04-09T09:56:42.605Z","event":"api-response","method":"motion_report/dump_stepper","channel":"async","name":"stepper_b","params":{"data":[[314742,-1,0]],"start_position":-84.169625,"start_mcu_position":-1094,"step_distance":0.07693749999999999,"first_clock":4871118335,"first_step_time":97.4223667,"last_clock":4871118335,"last_step_time":97.4223667}}
{"ts":"2026-04-09T09:56:42.619Z","event":"api-response","method":"objects/subscribe","channel":"async","payload":{"eventtime":11959.500028166,"status":{"toolhead":{"estimated_print_time":97.47047786},"motion_report":{"live_position":[100,0,0,0],"live_velocity":0}}}}
{"ts":"2026-04-09T09:56:42.619Z","event":"api-status-object","method":"objects/subscribe","channel":"async","object":"toolhead","eventtime":11959.500028166,"value":{"estimated_print_time":97.47047786}}
{"ts":"2026-04-09T09:56:42.619Z","event":"api-status-object","method":"objects/subscribe","channel":"async","object":"motion_report","eventtime":11959.500028166,"value":{"live_position":[100,0,0,0],"live_velocity":0}}
{"ts":"2026-04-09T09:56:42.869Z","event":"api-response","method":"objects/subscribe","channel":"async","payload":{"eventtime":11959.750486014,"status":{"toolhead":{"estimated_print_time":97.72094288}}}}
{"ts":"2026-04-09T09:56:42.869Z","event":"api-status-object","method":"objects/subscribe","channel":"async","object":"toolhead","eventtime":11959.750486014,"value":{"estimated_print_time":97.72094288}}
{"ts":"2026-04-09T09:56:43.120Z","event":"api-response","method":"objects/subscribe","channel":"async","payload":{"eventtime":11960.000684467,"status":{"toolhead":{"estimated_print_time":97.97115446}}}}
{"ts":"2026-04-09T09:56:43.120Z","event":"api-status-object","method":"objects/subscribe","channel":"async","object":"toolhead","eventtime":11960.000684467,"value":{"estimated_print_time":97.97115446}}
{"ts":"2026-04-09T09:56:43.371Z","event":"api-response","method":"objects/subscribe","channel":"async","payload":{"eventtime":11960.251768788,"status":{"toolhead":{"estimated_print_time":98.2222461}}}}
{"ts":"2026-04-09T09:56:43.371Z","event":"api-status-object","method":"objects/subscribe","channel":"async","object":"toolhead","eventtime":11960.251768788,"value":{"estimated_print_time":98.2222461}}
{"ts":"2026-04-09T09:56:43.622Z","event":"api-response","method":"objects/subscribe","channel":"async","payload":{"eventtime":11960.502635177,"status":{"toolhead":{"estimated_print_time":98.47311982}}}}
{"ts":"2026-04-09T09:56:43.622Z","event":"api-status-object","method":"objects/subscribe","channel":"async","object":"toolhead","eventtime":11960.502635177,"value":{"estimated_print_time":98.47311982}}
{"ts":"2026-04-09T09:56:43.872Z","event":"api-response","method":"objects/subscribe","channel":"async","payload":{"eventtime":11960.753097737,"status":{"toolhead":{"estimated_print_time":98.7235897}}}}
{"ts":"2026-04-09T09:56:43.872Z","event":"api-status-object","method":"objects/subscribe","channel":"async","object":"toolhead","eventtime":11960.753097737,"value":{"estimated_print_time":98.7235897}}
{"ts":"2026-04-09T09:56:44.122Z","event":"api-response","method":"objects/subscribe","channel":"async","payload":{"eventtime":11961.003292247,"status":{"toolhead":{"estimated_print_time":98.97379258}}}}
{"ts":"2026-04-09T09:56:44.122Z","event":"api-status-object","method":"objects/subscribe","channel":"async","object":"toolhead","eventtime":11961.003292247,"value":{"estimated_print_time":98.97379258}}
{"ts":"2026-04-09T09:56:44.373Z","event":"api-response","method":"objects/subscribe","channel":"async","payload":{"eventtime":11961.254109126,"status":{"toolhead":{"estimated_print_time":99.22461682}}}}
{"ts":"2026-04-09T09:56:44.373Z","event":"api-status-object","method":"objects/subscribe","channel":"async","object":"toolhead","eventtime":11961.254109126,"value":{"estimated_print_time":99.22461682}}
{"ts":"2026-04-09T09:56:44.624Z","event":"api-response","method":"objects/subscribe","channel":"async","payload":{"eventtime":11961.504667961,"status":{"toolhead":{"estimated_print_time":99.47518298}}}}
{"ts":"2026-04-09T09:56:44.624Z","event":"api-status-object","method":"objects/subscribe","channel":"async","object":"toolhead","eventtime":11961.504667961,"value":{"estimated_print_time":99.47518298}}
{"ts":"2026-04-09T09:56:44.874Z","event":"api-response","method":"objects/subscribe","channel":"async","payload":{"eventtime":11961.755117003,"status":{"toolhead":{"estimated_print_time":99.72563936}}}}
{"ts":"2026-04-09T09:56:44.874Z","event":"api-status-object","method":"objects/subscribe","channel":"async","object":"toolhead","eventtime":11961.755117003,"value":{"estimated_print_time":99.72563936}}
{"ts":"2026-04-09T09:56:45.125Z","event":"api-response","method":"objects/subscribe","channel":"async","payload":{"eventtime":11962.006039176,"status":{"toolhead":{"estimated_print_time":99.97656726}}}}
{"ts":"2026-04-09T09:56:45.125Z","event":"api-status-object","method":"objects/subscribe","channel":"async","object":"toolhead","eventtime":11962.006039176,"value":{"estimated_print_time":99.97656726}}
{"ts":"2026-04-09T09:56:45.376Z","event":"api-response","method":"objects/subscribe","channel":"async","payload":{"eventtime":11962.256882081,"status":{"toolhead":{"estimated_print_time":100.22741748}}}}
{"ts":"2026-04-09T09:56:45.376Z","event":"api-status-object","method":"objects/subscribe","channel":"async","object":"toolhead","eventtime":11962.256882081,"value":{"estimated_print_time":100.22741748}}
{"ts":"2026-04-09T09:56:45.626Z","event":"api-response","method":"objects/subscribe","channel":"async","payload":{"eventtime":11962.507436756,"status":{"toolhead":{"estimated_print_time":100.47797946}}}}
{"ts":"2026-04-09T09:56:45.626Z","event":"api-status-object","method":"objects/subscribe","channel":"async","object":"toolhead","eventtime":11962.507436756,"value":{"estimated_print_time":100.47797946}}
{"ts":"2026-04-09T09:56:45.877Z","event":"api-response","method":"objects/subscribe","channel":"async","payload":{"eventtime":11962.75779795,"status":{"toolhead":{"estimated_print_time":100.72834796}}}}
{"ts":"2026-04-09T09:56:45.877Z","event":"api-status-object","method":"objects/subscribe","channel":"async","object":"toolhead","eventtime":11962.75779795,"value":{"estimated_print_time":100.72834796}}
{"ts":"2026-04-09T09:56:46.127Z","event":"api-response","method":"objects/subscribe","channel":"async","payload":{"eventtime":11963.008426562,"status":{"toolhead":{"estimated_print_time":100.97896212}}}}
{"ts":"2026-04-09T09:56:46.127Z","event":"api-status-object","method":"objects/subscribe","channel":"async","object":"toolhead","eventtime":11963.008426562,"value":{"estimated_print_time":100.97896212}}
{"ts":"2026-04-09T09:56:46.378Z","event":"api-response","method":"objects/subscribe","channel":"async","payload":{"eventtime":11963.259345275,"status":{"toolhead":{"estimated_print_time":101.22988764}}}}
{"ts":"2026-04-09T09:56:46.378Z","event":"api-status-object","method":"objects/subscribe","channel":"async","object":"toolhead","eventtime":11963.259345275,"value":{"estimated_print_time":101.22988764}}
{"ts":"2026-04-09T09:56:46.629Z","event":"api-response","method":"objects/subscribe","channel":"async","payload":{"eventtime":11963.509983742,"status":{"toolhead":{"estimated_print_time":101.48053292}}}}
{"ts":"2026-04-09T09:56:46.629Z","event":"api-status-object","method":"objects/subscribe","channel":"async","object":"toolhead","eventtime":11963.509983742,"value":{"estimated_print_time":101.48053292}}
{"ts":"2026-04-09T09:56:46.879Z","event":"api-response","method":"objects/subscribe","channel":"async","payload":{"eventtime":11963.760344739,"status":{"toolhead":{"estimated_print_time":101.73090072}}}}
{"ts":"2026-04-09T09:56:46.879Z","event":"api-status-object","method":"objects/subscribe","channel":"async","object":"toolhead","eventtime":11963.760344739,"value":{"estimated_print_time":101.73090072}}
{"ts":"2026-04-09T09:56:47.130Z","event":"api-response","method":"objects/subscribe","channel":"async","payload":{"eventtime":11964.011005874,"status":{"toolhead":{"estimated_print_time":101.98155934}}}}
{"ts":"2026-04-09T09:56:47.130Z","event":"api-status-object","method":"objects/subscribe","channel":"async","object":"toolhead","eventtime":11964.011005874,"value":{"estimated_print_time":101.98155934}}
{"ts":"2026-04-09T09:56:47.167Z","event":"debug-session-end"}
