; command: autocal/active_calibrate.py --sim --machine-type slideprinter --full-auto --dataset autocal/data/five_points_bigger_deltas.json --find-radii global --base-radii 30.0 --buildup-factor 0.636619 --scale-fix 3 --fit-structure 3 --no-collect
Wrote to console: Writing additional info to log: autocal/data/five_points_bigger_deltas.full_auto.log
; auto-enabling --hp-sim-reset for spool search in simulation
; full-auto replay: starting from 3 sweeps, replaying 5 additional sweeps
; full-auto replay: using autocal/data/five_points_bigger_deltas.replay_tmp.json (original autocal/data/five_points_bigger_deltas.json left untouched)
; full-auto log: autocal/data/five_points_bigger_deltas.full_auto_log.jsonl
Wrote to console: ; full-auto stop: press Ctrl-C to accept best-so-far, or create autocal/data/five_points_bigger_deltas.full_auto.stop to request stop (cross-platform)

; === full-auto iteration 1/20 dataset=autocal/data/five_points_bigger_deltas.replay_tmp.json ===
Wrote to console: 
Wrote to console: ; === full-auto iteration 1/20 dataset=autocal/data/five_points_bigger_deltas.replay_tmp.json ===
; full-auto run default: flags=''
[gnc] stage 1/3: wide-huber maxiter=400
[gnc] stage 2/3: tight-huber maxiter=240
[gnc] stage 3/3: trim maxiter=160
[robust] pointwise sigma_source: mode=auto point=25 origin=0 min=0 mixed=0 total=25
[robust] pointwise: enabled=False stage=1 (tight-huber) hard_cut=False huber_mult=3
[robust] pointwise scale: source=global global=n/a floor=0.00013 floor_mm=0.738
[robust] pointwise sigma_floor_mm: origin=0.00401201 mult=3 scaled=0.012036 min=0.05 model=0.73815 used=0.73815 floor=0.73815 floor_deg=0.01 source=model
[robust] pointwise sigma_components_mm: encoder=0.00401 friction_cogging=0.134 flex=0.282 floor=0.05 non_layered=0.316 layer_changes=0.298 mode_add=0.597 total=0.738 model=0.738 used=0.738 layered=true mode=global/off mode_factor=2 line_width=1 base_radius=30 used_override=n/a
[gnc] stage 1/3: wide-huber maxiter=400
[gnc] stage 2/3: tight-huber maxiter=240
[gnc] stage 3/3: trim maxiter=160
[robust] pointwise sigma_source: mode=auto point=21 origin=0 min=0 mixed=0 total=21
[robust] pointwise: enabled=False stage=1 (tight-huber) hard_cut=False huber_mult=3
[robust] pointwise scale: source=global global=n/a floor=0.00013 floor_mm=0.738
[robust] pointwise sigma_floor_mm: origin=0.00401201 mult=3 scaled=0.012036 min=0.05 model=0.73815 used=0.73815 floor=0.73815 floor_deg=0.01 source=model
[robust] pointwise sigma_components_mm: encoder=0.00401 friction_cogging=0.134 flex=0.282 floor=0.05 non_layered=0.316 layer_changes=0.298 mode_add=0.597 total=0.738 model=0.738 used=0.738 layered=true mode=global/off mode_factor=2 line_width=1 base_radius=30 used_override=n/a
[gnc] stage 1/3: wide-huber maxiter=400
[gnc] stage 2/3: tight-huber maxiter=240
[gnc] stage 3/3: trim maxiter=160
[robust] pointwise sigma_source: mode=auto point=20 origin=0 min=0 mixed=0 total=20
[robust] pointwise: enabled=False stage=1 (tight-huber) hard_cut=False huber_mult=3
[robust] pointwise scale: source=global global=n/a floor=0.00013 floor_mm=0.738
[robust] pointwise sigma_floor_mm: origin=0.00401201 mult=3 scaled=0.012036 min=0.05 model=0.73815 used=0.73815 floor=0.73815 floor_deg=0.01 source=model
[robust] pointwise sigma_components_mm: encoder=0.00401 friction_cogging=0.134 flex=0.282 floor=0.05 non_layered=0.316 layer_changes=0.298 mode_add=0.597 total=0.738 model=0.738 used=0.738 layered=true mode=global/off mode_factor=2 line_width=1 base_radius=30 used_override=n/a
[gnc] stage 1/3: wide-huber maxiter=400
[gnc] stage 2/3: tight-huber maxiter=240
[gnc] stage 3/3: trim maxiter=160
[robust] pointwise sigma_source: mode=auto point=20 origin=0 min=0 mixed=0 total=20
[robust] pointwise: enabled=False stage=1 (tight-huber) hard_cut=False huber_mult=3
[robust] pointwise scale: source=global global=n/a floor=0.00013 floor_mm=0.738
[robust] pointwise sigma_floor_mm: origin=0.00401201 mult=3 scaled=0.012036 min=0.05 model=0.73815 used=0.73815 floor=0.73815 floor_deg=0.01 source=model
[robust] pointwise sigma_components_mm: encoder=0.00401 friction_cogging=0.134 flex=0.282 floor=0.05 non_layered=0.316 layer_changes=0.298 mode_add=0.597 total=0.738 model=0.738 used=0.738 layered=true mode=global/off mode_factor=2 line_width=1 base_radius=30 used_override=n/a
; full-auto run default: cost_raw=0.1109 cost_noise_normalized=100 J=30.85 chi2_red=44.08 score_ui=0.1257 score_basis=layered-calibrated
; Active ellipse calibration
; Anchors: [[3.1423673264214105e-15, -1905.761268289215], [1651.2476073814125, 955.0892615596184], [-1647.3196236401352, 950.9385309424782]]
; cost=0.1109 cost_noise_normalized=100 origin_norms=[1905.761, 1907.568, 1902.090] pairwise=[d01=3303.193, d02=3297.635, d12=3298.570]
; line_model: planning=L_base_mm estimation=L_model_mm find_radii=global find_buildup_factor=off k=0.6366 base=[30,30,30] effective=[39.27,39.27,39.27]
; line_model_params (M666): M666 R39.27:39.27:39.27 Q0.636619
; line_model_prefit: enabled=True success=True guarded=False seed=seed_1 start=1.676 fit=1.656 start_data=1.676 start_prior=0 start_total=1.676 fit_data=1.656 fit_prior=0 fit_total=1.656 valid_sweeps=3 invalid_sweeps=0
; line_model_fit: mode=radii=global,buildup=off outer_iters=3 inner_iters=30 best_cost=105 last_start=105 last_fit=61.51 last_cal=105 last_data=105 last_prior=0 last_total=105 nfev=29 nit=14
; line_model_refreeze: iters=4 passes=4 last_score_ui=6.115e+05 last_rank=7.219 last_cost=100
; noise_cost: J=30.85 chi2_red=44.08 |z|_med=3.995 |z|_p95=10.59 outlier_ratio=0.6 N=20 mode=sigma lengths=mu J_trim=30.85 chi2_red_trim=44.08 N_trim=20
; noise_rescore: tau_MAD=0.2482mm cost_noise_normalized_old=100 cost_noise_normalized_new=89.84 chi2_red_old=44.08 chi2_red_new=39.6 residual_vs_distance_slope_inliers=0.006265 slope(|r|,d)=-0.004434 slope(r^2,d)=-0.003937 inlier_cutoff_mm=0.7692mm n_inlier_rows_used_for_tau=29 tau_d_tau0=1.661mm tau_d_tau1=0 cost_noise_normalized_tau_d=16.5 chi2_red_tau_d=7.271 cost_noise_normalized_tau_d_trimmed_direct=8.913 chi2_red_tau_d_trimmed_direct=11.24 chi2_red_tau_3bin_debiased_trimmed_direct=47.61 trimmed_coherence_ratio_tau_d_over_tau_3bin_debiased=0.236
; noise_bias_diagnostic: bias_vs_distance_intercept=-14.37mm bias_vs_distance_slope_inliers=0.008665 cost_after_bias_diagnostic=46.14 chi2_red_after_bias_diagnostic=58.18
; noise_rescore_bins: near_MAD=0.3065mm mid_MAD=0.1179mm far_MAD=0.1724mm N=[10,9,10]
; noise_rescore_bins_debiased: near_MAD=0.311mm mid_MAD=0.1256mm far_MAD=0.09063mm
; noise_rescore_tau_3bin_debiased: tau_near=0.4611mm tau_mid=0.1862mm tau_far=0.1344mm cost_noise_normalized_tau_3bin_debiased=37.76 chi2_red_tau_3bin_debiased=47.61 chi2_red_tau_3bin_debiased_trimmed_direct=47.61
; sweep_residual: id=sweep_002 median=0.03974mm MAD=0.1795mm p95_abs=0.2842mm mean|z|=4.679 clipped=0/10
; sweep_residual: id=sweep_001 median=-0.02058mm MAD=0.4868mm p95_abs=0.6806mm mean|z|=8.262 clipped=1/10
; sweep_residual: id=sweep_003 median=0.007258mm MAD=0.1469mm p95_abs=0.2689mm mean|z|=4.28 clipped=0/10
; noise_demean_by_sweep: cost_noise_normalized_demeaned=54.83 chi2_red_demeaned=69.13 tail_ratio=2.742 normalized_sweep_bias=0.04906 tail_factor_median=1.583 sweep_bias_span=0.06032mm n_obs=29
; noise_norm_floor: min_sigma=0.05mm model_sigma=0.7381mm used_sigma=0.7381mm floor_deg=0.01deg source=auto
; noise_sigma_mm: encoder=0.004012mm friction_cogging=0.1343mm flex=0.2818mm floor=0.05mm non_layered=0.3162mm layer_changes=0.2983mm mode_add=0.5966mm total=0.7381mm model=0.7381mm used=0.7381mm layered=true mode=global/off mode_factor=2 line_width=1mm base_radius=30mm used_override=n/a
; info rank: 5/6 std(p0=962mm, p5=922mm, p3=922mm, p4=837mm, p2=837mm, p1=790mm)
; covariance_scaled: chi2_red=44.08 std_scaled(p0=6.39e+03mm, p5=6.12e+03mm, p3=6.12e+03mm, p4=5.56e+03mm, p2=5.56e+03mm, p1=5.25e+03mm)
; CI95: max_std=6390mm max_ci=1.252e+04mm workspace=2948 rel_std=2.168 rel_ci=4.249 scale=chi2_red=44.08
; encoder_noise: points=30/30 median_sigma=0deg floor=0.01deg min_samples=10
; encoder_noise_flags: low_samples=0 sigma_below_floor=30 sigma_nonfinite=0
; next_sweep score=0.392142 fixed=[1] targets=[990.0696686925708] pair=[0,2]
; top_candidates:
;   0.392142 fixed=[1] targets=[990.0696686925708] pair=[0,2]
;   0.392047 fixed=[0] targets=[990.0696686925708] pair=[1,2]
;   0.392 fixed=[2] targets=[990.0696686925708] pair=[0,1]
;   0.387235 fixed=[1] targets=[937.9607387613828] pair=[0,2]
;   0.38714 fixed=[0] targets=[937.9607387613828] pair=[1,2]
; collect_command:
;   node autocal/control/cli/collect_sweep_data.mjs --machineType slideprinter --sweep-config-file autocal/data/five_points_bigger_deltas.replay_tmp.active_sweep_cfg.default.txt --fixed-targets 990.0696686925708 --output-file autocal/data/five_points_bigger_deltas.replay_tmp.new_001.json --no-spawn-rrf-simulator --preserve-buildup-factor --force-low 0.01342968040959999 --force-mid 0.2685936081919998 --force-max 2.831339339152179 --no-auto-tune-force --return-to-origin
; reusing force tuning: low=0.01343N mid=0.2686N max=2.831N
; selected run=default score_ui=0.1257 score_basis=layered-calibrated cost=100 rel_std=2.168 max_std=6390mm
Wrote to console: Score: 0.1257 (lower is better)
Wrote to console: ; selected run hit underconstrained sentinel; continuing to collect more sweeps.
; replayed sweep 1/5 -> autocal/data/five_points_bigger_deltas.replay_tmp.json sweeps=4
Wrote to console: Collected sweep nr 4

; === full-auto iteration 2/20 dataset=autocal/data/five_points_bigger_deltas.replay_tmp.json ===
Wrote to console: 
Wrote to console: ; === full-auto iteration 2/20 dataset=autocal/data/five_points_bigger_deltas.replay_tmp.json ===
; full-auto run default: flags=''
[gnc] stage 1/3: wide-huber maxiter=400
[gnc] stage 2/3: tight-huber maxiter=240
[gnc] stage 3/3: trim maxiter=160
[robust] pointwise sigma_source: mode=auto point=30 origin=0 min=0 mixed=0 total=30
[robust] pointwise: enabled=False stage=1 (tight-huber) hard_cut=False huber_mult=3
[robust] pointwise scale: source=global global=n/a floor=0.00013 floor_mm=0.738
[robust] pointwise sigma_floor_mm: origin=0.00401201 mult=3 scaled=0.012036 min=0.05 model=0.73815 used=0.73815 floor=0.73815 floor_deg=0.01 source=model
[robust] pointwise sigma_components_mm: encoder=0.00401 friction_cogging=0.134 flex=0.282 floor=0.05 non_layered=0.316 layer_changes=0.298 mode_add=0.597 total=0.738 model=0.738 used=0.738 layered=true mode=global/off mode_factor=2 line_width=1 base_radius=30 used_override=n/a
[gnc] stage 1/3: wide-huber maxiter=400
[gnc] stage 2/3: tight-huber maxiter=240
[gnc] stage 3/3: trim maxiter=160
[robust] pointwise sigma_source: mode=auto point=30 origin=0 min=0 mixed=0 total=30
[robust] pointwise: enabled=False stage=1 (tight-huber) hard_cut=False huber_mult=3
[robust] pointwise scale: source=global global=n/a floor=0.00013 floor_mm=0.738
[robust] pointwise sigma_floor_mm: origin=0.00401201 mult=3 scaled=0.012036 min=0.05 model=0.73815 used=0.73815 floor=0.73815 floor_deg=0.01 source=model
[robust] pointwise sigma_components_mm: encoder=0.00401 friction_cogging=0.134 flex=0.282 floor=0.05 non_layered=0.316 layer_changes=0.298 mode_add=0.597 total=0.738 model=0.738 used=0.738 layered=true mode=global/off mode_factor=2 line_width=1 base_radius=30 used_override=n/a
[gnc] stage 1/3: wide-huber maxiter=400
[gnc] stage 2/3: tight-huber maxiter=240
[gnc] stage 3/3: trim maxiter=160
[robust] pointwise sigma_source: mode=auto point=37 origin=0 min=0 mixed=0 total=37
[robust] pointwise: enabled=False stage=1 (tight-huber) hard_cut=False huber_mult=3
[robust] pointwise scale: source=global global=n/a floor=0.00013 floor_mm=0.738
[robust] pointwise sigma_floor_mm: origin=0.00401201 mult=3 scaled=0.012036 min=0.05 model=0.73815 used=0.73815 floor=0.73815 floor_deg=0.01 source=model
[robust] pointwise sigma_components_mm: encoder=0.00401 friction_cogging=0.134 flex=0.282 floor=0.05 non_layered=0.316 layer_changes=0.298 mode_add=0.597 total=0.738 model=0.738 used=0.738 layered=true mode=global/off mode_factor=2 line_width=1 base_radius=30 used_override=n/a
[gnc] stage 1/3: wide-huber maxiter=400
[gnc] stage 2/3: tight-huber maxiter=240
[gnc] stage 3/3: trim maxiter=160
[robust] pointwise sigma_source: mode=auto point=30 origin=0 min=0 mixed=0 total=30
[robust] pointwise: enabled=False stage=1 (tight-huber) hard_cut=False huber_mult=3
[robust] pointwise scale: source=global global=n/a floor=0.00013 floor_mm=0.738
[robust] pointwise sigma_floor_mm: origin=0.00401201 mult=3 scaled=0.012036 min=0.05 model=0.73815 used=0.73815 floor=0.73815 floor_deg=0.01 source=model
[robust] pointwise sigma_components_mm: encoder=0.00401 friction_cogging=0.134 flex=0.282 floor=0.05 non_layered=0.316 layer_changes=0.298 mode_add=0.597 total=0.738 model=0.738 used=0.738 layered=true mode=global/off mode_factor=2 line_width=1 base_radius=30 used_override=n/a
; full-auto run default: cost_raw=0.208 cost_noise_normalized=75.95 J=75.95 chi2_red=94.94 score_ui=6.407 score_basis=layered-calibrated
; Active ellipse calibration
; Anchors: [[-4.3909189517578216e-14, -1902.9842145692296], [1650.5041289396097, 954.6255713939419], [-1646.2706573317328, 950.1212356660917]]
; cost=0.208 cost_noise_normalized=75.95 origin_norms=[1902.984, 1906.692, 1900.773] pairwise=[d01=3300.015, d02=3293.997, d12=3296.778]
; line_model: planning=L_base_mm estimation=L_model_mm find_radii=global find_buildup_factor=off k=0.6366 base=[30,30,30] effective=[39.22,39.22,39.22]
; line_model_params (M666): M666 R39.22:39.22:39.22 Q0.636619
; line_model_prefit: enabled=True success=True guarded=False seed=seed_1 start=2.301 fit=2.285 start_data=2.301 start_prior=0 start_total=2.301 fit_data=2.285 fit_prior=0 fit_total=2.285 valid_sweeps=4 invalid_sweeps=0
; line_model_fit: mode=radii=global,buildup=off outer_iters=3 inner_iters=30 best_cost=73.61 last_start=73.61 last_fit=73.61 last_cal=73.61 last_data=73.61 last_prior=0 last_total=73.61 nfev=21 nit=10
; line_model_refreeze: iters=4 passes=4 last_score_ui=4.872e+06 last_rank=7.634 last_cost=75.95
; noise_cost: J=75.95 chi2_red=94.94 |z|_med=4.294 |z|_p95=16.47 outlier_ratio=0.5667 N=30 mode=sigma lengths=mu J_trim=75.95 chi2_red_trim=94.94 N_trim=30
; noise_rescore: tau_MAD=0.2618mm cost_noise_normalized_old=75.95 cost_noise_normalized_new=67.47 chi2_red_old=94.94 chi2_red_new=84.34 residual_vs_distance_slope_inliers=0.00437 slope(|r|,d)=0.0002189 slope(r^2,d)=6.147e-05 inlier_cutoff_mm=1.051mm n_inlier_rows_used_for_tau=39 tau_d_tau0=0mm tau_d_tau1=0.001182 cost_noise_normalized_tau_d=9.365 chi2_red_tau_d=11.71 cost_noise_normalized_tau_d_trimmed_direct=10.72 chi2_red_tau_d_trimmed_direct=12.67 chi2_red_tau_3bin_debiased_trimmed_direct=119.5 trimmed_coherence_ratio_tau_d_over_tau_3bin_debiased=0.1061
; noise_bias_diagnostic: bias_vs_distance_intercept=-16.84mm bias_vs_distance_slope_inliers=0.01017 cost_after_bias_diagnostic=106.4 chi2_red_after_bias_diagnostic=125.8
; noise_rescore_bins: near_MAD=0.081mm mid_MAD=0.1251mm far_MAD=0.2501mm N=[13,13,13]
; noise_rescore_bins_debiased: near_MAD=0.09435mm mid_MAD=0.09098mm far_MAD=0.1265mm
; noise_rescore_tau_3bin_debiased: tau_near=0.1399mm tau_mid=0.1349mm tau_far=0.1875mm cost_noise_normalized_tau_3bin_debiased=101.1 chi2_red_tau_3bin_debiased=119.5 chi2_red_tau_3bin_debiased_trimmed_direct=119.5
; sweep_residual: id=sweep_004 median=0.1979mm MAD=0.3043mm p95_abs=0.8707mm mean|z|=8.383 clipped=1/10
; sweep_residual: id=sweep_001 median=0.05742mm MAD=0.4918mm p95_abs=0.787mm mean|z|=10.11 clipped=0/10
; sweep_residual: id=sweep_002 median=0.01341mm MAD=0.1191mm p95_abs=0.3343mm mean|z|=4.878 clipped=0/10
; sweep_residual: id=sweep_003 median=-0.002366mm MAD=0.1036mm p95_abs=0.287mm mean|z|=4.538 clipped=0/10
; noise_demean_by_sweep: cost_noise_normalized_demeaned=79.25 chi2_red_demeaned=93.66 tail_ratio=2.217 normalized_sweep_bias=0.3146 tail_factor_median=2.788 sweep_bias_span=0.2002mm n_obs=39
; noise_norm_floor: min_sigma=0.05mm model_sigma=0.7381mm used_sigma=0.7381mm floor_deg=0.01deg source=auto
; noise_sigma_mm: encoder=0.004012mm friction_cogging=0.1343mm flex=0.2818mm floor=0.05mm non_layered=0.3162mm layer_changes=0.2983mm mode_add=0.5966mm total=0.7381mm model=0.7381mm used=0.7381mm layered=true mode=global/off mode_factor=2 line_width=1mm base_radius=30mm used_override=n/a
; info rank: 5/6 std(p0=956mm, p3=918mm, p5=897mm, p2=827mm, p1=783mm, p4=776mm)
; covariance_scaled: chi2_red=94.94 std_scaled(p0=9.31e+03mm, p3=8.95e+03mm, p5=8.74e+03mm, p2=8.06e+03mm, p1=7.63e+03mm, p4=7.56e+03mm)
; CI95: max_std=9315mm max_ci=1.826e+04mm workspace=2948 rel_std=3.16 rel_ci=6.194 scale=chi2_red=94.94
; encoder_noise: points=40/40 median_sigma=0deg floor=0.01deg min_samples=10
; encoder_noise_flags: low_samples=0 sigma_below_floor=40 sigma_nonfinite=0
; next_sweep score=0.372005 fixed=[1] targets=[990.0696686925708] pair=[0,2]
; top_candidates:
;   0.372005 fixed=[1] targets=[990.0696686925708] pair=[0,2]
;   0.371859 fixed=[0] targets=[990.0696686925708] pair=[1,2]
;   0.367312 fixed=[1] targets=[937.9607387613828] pair=[0,2]
;   0.367167 fixed=[0] targets=[937.9607387613828] pair=[1,2]
;   0.362567 fixed=[1] targets=[885.8518088301951] pair=[0,2]
; collect_command:
;   node autocal/control/cli/collect_sweep_data.mjs --machineType slideprinter --sweep-config-file autocal/data/five_points_bigger_deltas.replay_tmp.active_sweep_cfg.default.txt --fixed-targets 990.0696686925708 --output-file autocal/data/five_points_bigger_deltas.replay_tmp.new_002.json --no-spawn-rrf-simulator --preserve-buildup-factor --force-low 0.01342968040959999 --force-mid 0.2685936081919998 --force-max 2.831339339152179 --no-auto-tune-force --return-to-origin
; reusing force tuning: low=0.01343N mid=0.2686N max=2.831N
; selected run=default score_ui=6.407 score_basis=layered-calibrated cost=75.95 rel_std=3.16 max_std=9315mm
Wrote to console: Score: 6.407 (lower is better)
; replayed sweep 2/5 -> autocal/data/five_points_bigger_deltas.replay_tmp.json sweeps=5
Wrote to console: Collected sweep nr 5

; === full-auto iteration 3/20 dataset=autocal/data/five_points_bigger_deltas.replay_tmp.json ===
Wrote to console: 
Wrote to console: ; === full-auto iteration 3/20 dataset=autocal/data/five_points_bigger_deltas.replay_tmp.json ===
; full-auto run default: flags=''
[gnc] stage 1/3: wide-huber maxiter=400
[gnc] stage 2/3: tight-huber maxiter=240
[gnc] stage 3/3: trim maxiter=160
[robust] pointwise sigma_source: mode=auto point=30 origin=0 min=0 mixed=0 total=30
[robust] pointwise: enabled=False stage=1 (tight-huber) hard_cut=False huber_mult=3
[robust] pointwise scale: source=global global=n/a floor=0.00013 floor_mm=0.738
[robust] pointwise sigma_floor_mm: origin=0.00401201 mult=3 scaled=0.012036 min=0.05 model=0.73815 used=0.73815 floor=0.73815 floor_deg=0.01 source=model
[robust] pointwise sigma_components_mm: encoder=0.00401 friction_cogging=0.134 flex=0.282 floor=0.05 non_layered=0.316 layer_changes=0.298 mode_add=0.597 total=0.738 model=0.738 used=0.738 layered=true mode=global/off mode_factor=2 line_width=1 base_radius=30 used_override=n/a
[gnc] stage 1/3: wide-huber maxiter=400
[gnc] stage 2/3: tight-huber maxiter=240
[gnc] stage 3/3: trim maxiter=160
[robust] pointwise sigma_source: mode=auto point=30 origin=0 min=0 mixed=0 total=30
[robust] pointwise: enabled=False stage=1 (tight-huber) hard_cut=False huber_mult=3
[robust] pointwise scale: source=global global=n/a floor=0.00013 floor_mm=0.738
[robust] pointwise sigma_floor_mm: origin=0.00401201 mult=3 scaled=0.012036 min=0.05 model=0.73815 used=0.73815 floor=0.73815 floor_deg=0.01 source=model
[robust] pointwise sigma_components_mm: encoder=0.00401 friction_cogging=0.134 flex=0.282 floor=0.05 non_layered=0.316 layer_changes=0.298 mode_add=0.597 total=0.738 model=0.738 used=0.738 layered=true mode=global/off mode_factor=2 line_width=1 base_radius=30 used_override=n/a
[gnc] stage 1/3: wide-huber maxiter=400
[gnc] stage 2/3: tight-huber maxiter=240
[gnc] stage 3/3: trim maxiter=160
[robust] pointwise sigma_source: mode=auto point=30 origin=0 min=0 mixed=0 total=30
[robust] pointwise: enabled=False stage=1 (tight-huber) hard_cut=False huber_mult=3
[robust] pointwise scale: source=global global=n/a floor=0.00013 floor_mm=0.738
[robust] pointwise sigma_floor_mm: origin=0.00401201 mult=3 scaled=0.012036 min=0.05 model=0.73815 used=0.73815 floor=0.73815 floor_deg=0.01 source=model
[robust] pointwise sigma_components_mm: encoder=0.00401 friction_cogging=0.134 flex=0.282 floor=0.05 non_layered=0.316 layer_changes=0.298 mode_add=0.597 total=0.738 model=0.738 used=0.738 layered=true mode=global/off mode_factor=2 line_width=1 base_radius=30 used_override=n/a
[gnc] stage 1/3: wide-huber maxiter=400
[gnc] stage 2/3: tight-huber maxiter=240
[gnc] stage 3/3: trim maxiter=160
[robust] pointwise sigma_source: mode=auto point=30 origin=0 min=0 mixed=0 total=30
[robust] pointwise: enabled=False stage=1 (tight-huber) hard_cut=False huber_mult=3
[robust] pointwise scale: source=global global=n/a floor=0.00013 floor_mm=0.738
[robust] pointwise sigma_floor_mm: origin=0.00401201 mult=3 scaled=0.012036 min=0.05 model=0.73815 used=0.73815 floor=0.73815 floor_deg=0.01 source=model
[robust] pointwise sigma_components_mm: encoder=0.00401 friction_cogging=0.134 flex=0.282 floor=0.05 non_layered=0.316 layer_changes=0.298 mode_add=0.597 total=0.738 model=0.738 used=0.738 layered=true mode=global/off mode_factor=2 line_width=1 base_radius=30 used_override=n/a
; full-auto run default: cost_raw=0.2416 cost_noise_normalized=61.13 J=61.13 chi2_red=76.42 score_ui=2.415 score_basis=layered-calibrated
; Active ellipse calibration
; Anchors: [[4.1296499201650313e-14, -1909.5306323526158], [1656.112045495361, 958.094437968652], [-1650.7460037535202, 952.5139187274058]]
; cost=0.2416 cost_noise_normalized=61.13 origin_norms=[1909.531, 1913.283, 1905.845] pairwise=[d01=3311.492, d02=3303.977, d12=3306.863]
; line_model: planning=L_base_mm estimation=L_model_mm find_radii=global find_buildup_factor=off k=0.6366 base=[30,30,30] effective=[39.38,39.38,39.38]
; line_model_params (M666): M666 R39.38:39.38:39.38 Q0.636619
; line_model_prefit: enabled=True success=True guarded=False seed=seed_1 start=2.817 fit=2.795 start_data=2.817 start_prior=0 start_total=2.817 fit_data=2.795 fit_prior=0 fit_total=2.795 valid_sweeps=5 invalid_sweeps=0
; line_model_fit: mode=radii=global,buildup=off outer_iters=3 inner_iters=30 best_cost=90.75 last_start=91.43 last_fit=91.4 last_cal=92.11 last_data=92.11 last_prior=0 last_total=92.11 nfev=23 nit=11
; line_model_refreeze: iters=4 passes=4 last_score_ui=5.836e+05 last_rank=7.21 last_cost=61.13
; noise_cost: J=61.13 chi2_red=76.42 |z|_med=5.445 |z|_p95=15.95 outlier_ratio=0.7 N=30 mode=sigma lengths=mu J_trim=61.13 chi2_red_trim=76.42 N_trim=30
; noise_rescore: tau_MAD=0.3751mm cost_noise_normalized_old=61.13 cost_noise_normalized_new=48.59 chi2_red_old=76.42 chi2_red_new=60.73 residual_vs_distance_slope_inliers=-0.002306 slope(|r|,d)=0.0008799 slope(r^2,d)=0.0005077 inlier_cutoff_mm=1.194mm n_inlier_rows_used_for_tau=48 tau_d_tau0=0.5523mm tau_d_tau1=0 cost_noise_normalized_tau_d=39.19 chi2_red_tau_d=48.99 cost_noise_normalized_tau_d_trimmed_direct=57.35 chi2_red_tau_d_trimmed_direct=65.54 chi2_red_tau_3bin_debiased_trimmed_direct=73.22 trimmed_coherence_ratio_tau_d_over_tau_3bin_debiased=0.8951
; noise_bias_diagnostic: bias_vs_distance_intercept=4.95mm bias_vs_distance_slope_inliers=-0.002944 cost_after_bias_diagnostic=82.78 chi2_red_after_bias_diagnostic=94.61
; noise_rescore_bins: near_MAD=0.3304mm mid_MAD=0.1031mm far_MAD=0.3104mm N=[16,16,16]
; noise_rescore_bins_debiased: near_MAD=0.3293mm mid_MAD=0.107mm far_MAD=0.2721mm
; noise_rescore_tau_3bin_debiased: tau_near=0.4882mm tau_mid=0.1586mm tau_far=0.4034mm cost_noise_normalized_tau_3bin_debiased=64.07 chi2_red_tau_3bin_debiased=73.22 chi2_red_tau_3bin_debiased_trimmed_direct=73.22
; sweep_residual: id=sweep_004 median=0.2339mm MAD=0.2385mm p95_abs=0.8641mm mean|z|=9.362 clipped=1/10
; sweep_residual: id=sweep_001 median=-0.1042mm MAD=0.3239mm p95_abs=0.7382mm mean|z|=10.36 clipped=0/10
; sweep_residual: id=sweep_005 median=0.02852mm MAD=0.2714mm p95_abs=0.8132mm mean|z|=9.374 clipped=1/10
; sweep_residual: id=sweep_003 median=-0.004451mm MAD=0.2183mm p95_abs=0.2832mm mean|z|=3.831 clipped=0/10
; sweep_residual: id=sweep_002 median=0.003359mm MAD=0.241mm p95_abs=0.2896mm mean|z|=4.319 clipped=0/10
; noise_demean_by_sweep: cost_noise_normalized_demeaned=88.09 chi2_red_demeaned=100.7 tail_ratio=2.249 normalized_sweep_bias=0.1305 tail_factor_median=2.279 sweep_bias_span=0.3381mm n_obs=48
; noise_norm_floor: min_sigma=0.05mm model_sigma=0.7381mm used_sigma=0.7381mm floor_deg=0.01deg source=auto
; noise_sigma_mm: encoder=0.004012mm friction_cogging=0.1343mm flex=0.2818mm floor=0.05mm non_layered=0.3162mm layer_changes=0.2983mm mode_add=0.5966mm total=0.7381mm model=0.7381mm used=0.7381mm layered=true mode=global/off mode_factor=2 line_width=1mm base_radius=30mm used_override=n/a
; info rank: 5/6 std(p0=950mm, p5=893mm, p3=893mm, p1=776mm, p4=769mm, p2=769mm)
; covariance_scaled: chi2_red=76.42 std_scaled(p0=8.3e+03mm, p5=7.81e+03mm, p3=7.8e+03mm, p1=6.78e+03mm, p4=6.72e+03mm, p2=6.72e+03mm)
; CI95: max_std=8305mm max_ci=1.628e+04mm workspace=2948 rel_std=2.817 rel_ci=5.522 scale=chi2_red=76.42
; encoder_noise: points=50/50 median_sigma=0deg floor=0.01deg min_samples=10
; encoder_noise_flags: low_samples=0 sigma_below_floor=50 sigma_nonfinite=0
; next_sweep score=0.35404 fixed=[0] targets=[990.0696686925708] pair=[1,2]
; top_candidates:
;   0.35404 fixed=[0] targets=[990.0696686925708] pair=[1,2]
;   0.349513 fixed=[0] targets=[937.9607387613828] pair=[1,2]
;   0.344937 fixed=[0] targets=[885.8518088301951] pair=[1,2]
;   0.340313 fixed=[0] targets=[833.7428788990071] pair=[1,2]
;   0.335646 fixed=[0] targets=[781.6339489678192] pair=[1,2]
; collect_command:
;   node autocal/control/cli/collect_sweep_data.mjs --machineType slideprinter --sweep-config-file autocal/data/five_points_bigger_deltas.replay_tmp.active_sweep_cfg.default.txt --fixed-targets 990.0696686925708 --output-file autocal/data/five_points_bigger_deltas.replay_tmp.new_003.json --no-spawn-rrf-simulator --preserve-buildup-factor --force-low 0.01342968040959999 --force-mid 0.2685936081919998 --force-max 2.831339339152179 --no-auto-tune-force --return-to-origin
; reusing force tuning: low=0.01343N mid=0.2686N max=2.831N
; selected run=default score_ui=2.415 score_basis=layered-calibrated cost=61.13 rel_std=2.817 max_std=8305mm
Wrote to console: Score: 2.415 (lower is better)
; replayed sweep 3/5 -> autocal/data/five_points_bigger_deltas.replay_tmp.json sweeps=6
Wrote to console: Collected sweep nr 6

; === full-auto iteration 4/20 dataset=autocal/data/five_points_bigger_deltas.replay_tmp.json ===
Wrote to console: 
Wrote to console: ; === full-auto iteration 4/20 dataset=autocal/data/five_points_bigger_deltas.replay_tmp.json ===
; full-auto run default: flags=''
[gnc] stage 1/3: wide-huber maxiter=400
[gnc] stage 2/3: tight-huber maxiter=240
[gnc] stage 3/3: trim maxiter=160
[robust] pointwise sigma_source: mode=auto point=60 origin=0 min=0 mixed=0 total=60
[robust] pointwise: enabled=False stage=1 (tight-huber) hard_cut=False huber_mult=3
[robust] pointwise scale: source=global global=n/a floor=0.00013 floor_mm=0.738
[robust] pointwise sigma_floor_mm: origin=0.00401201 mult=3 scaled=0.012036 min=0.05 model=0.73815 used=0.73815 floor=0.73815 floor_deg=0.01 source=model
[robust] pointwise sigma_components_mm: encoder=0.00401 friction_cogging=0.134 flex=0.282 floor=0.05 non_layered=0.316 layer_changes=0.298 mode_add=0.597 total=0.738 model=0.738 used=0.738 layered=true mode=global/off mode_factor=2 line_width=1 base_radius=30 used_override=n/a
[gnc] stage 1/3: wide-huber maxiter=400
[gnc] stage 2/3: tight-huber maxiter=240
[gnc] stage 3/3: trim maxiter=160
[robust] pointwise sigma_source: mode=auto point=40 origin=0 min=0 mixed=0 total=40
[robust] pointwise: enabled=False stage=1 (tight-huber) hard_cut=False huber_mult=3
[robust] pointwise scale: source=global global=n/a floor=0.00013 floor_mm=0.738
[robust] pointwise sigma_floor_mm: origin=0.00401201 mult=3 scaled=0.012036 min=0.05 model=0.73815 used=0.73815 floor=0.73815 floor_deg=0.01 source=model
[robust] pointwise sigma_components_mm: encoder=0.00401 friction_cogging=0.134 flex=0.282 floor=0.05 non_layered=0.316 layer_changes=0.298 mode_add=0.597 total=0.738 model=0.738 used=0.738 layered=true mode=global/off mode_factor=2 line_width=1 base_radius=30 used_override=n/a
[gnc] stage 1/3: wide-huber maxiter=400
[gnc] stage 2/3: tight-huber maxiter=240
[gnc] stage 3/3: trim maxiter=160
[robust] pointwise sigma_source: mode=auto point=40 origin=0 min=0 mixed=0 total=40
[robust] pointwise: enabled=False stage=1 (tight-huber) hard_cut=False huber_mult=3
[robust] pointwise scale: source=global global=n/a floor=0.00013 floor_mm=0.738
[robust] pointwise sigma_floor_mm: origin=0.00401201 mult=3 scaled=0.012036 min=0.05 model=0.73815 used=0.73815 floor=0.73815 floor_deg=0.01 source=model
[robust] pointwise sigma_components_mm: encoder=0.00401 friction_cogging=0.134 flex=0.282 floor=0.05 non_layered=0.316 layer_changes=0.298 mode_add=0.597 total=0.738 model=0.738 used=0.738 layered=true mode=global/off mode_factor=2 line_width=1 base_radius=30 used_override=n/a
[gnc] stage 1/3: wide-huber maxiter=400
[gnc] stage 2/3: tight-huber maxiter=240
[gnc] stage 3/3: trim maxiter=160
[robust] pointwise sigma_source: mode=auto point=40 origin=0 min=0 mixed=0 total=40
[robust] pointwise: enabled=False stage=1 (tight-huber) hard_cut=False huber_mult=3
[robust] pointwise scale: source=global global=n/a floor=0.00013 floor_mm=0.738
[robust] pointwise sigma_floor_mm: origin=0.00401201 mult=3 scaled=0.012036 min=0.05 model=0.73815 used=0.73815 floor=0.73815 floor_deg=0.01 source=model
[robust] pointwise sigma_components_mm: encoder=0.00401 friction_cogging=0.134 flex=0.282 floor=0.05 non_layered=0.316 layer_changes=0.298 mode_add=0.597 total=0.738 model=0.738 used=0.738 layered=true mode=global/off mode_factor=2 line_width=1 base_radius=30 used_override=n/a
; full-auto run default: cost_raw=0.2508 cost_noise_normalized=82.91 J=82.91 chi2_red=97.54 score_ui=0.6692 score_basis=layered-calibrated
; Active ellipse calibration
; Anchors: [[-1.0680755126577826e-13, -1906.7426632730167], [1654.5338443587518, 956.6639066042558], [-1651.2424908625906, 953.0940581224053]]
; cost=0.2508 cost_noise_normalized=82.91 origin_norms=[1906.743, 1911.201, 1906.565] pairwise=[d01=3307.050, d02=3302.312, d12=3305.778]
; line_model: planning=L_base_mm estimation=L_model_mm find_radii=global find_buildup_factor=off k=0.6366 base=[30,30,30] effective=[39.35,39.35,39.35]
; line_model_params (M666): M666 R39.35:39.35:39.35 Q0.636619
; line_model_prefit: enabled=True success=True guarded=False seed=seed_1 start=3.405 fit=3.385 start_data=3.405 start_prior=0 start_total=3.405 fit_data=3.385 fit_prior=0 fit_total=3.385 valid_sweeps=6 invalid_sweeps=0
; line_model_fit: mode=radii=global,buildup=off outer_iters=3 inner_iters=30 best_cost=83.74 last_start=83.74 last_fit=83.74 last_cal=83.74 last_data=83.74 last_prior=0 last_total=83.74 nfev=21 nit=10
; line_model_refreeze: iters=4 passes=4 last_score_ui=5.275e+06 last_rank=7.65 last_cost=82.91
; noise_cost: J=82.91 chi2_red=97.54 |z|_med=5.329 |z|_p95=18.96 outlier_ratio=0.775 N=40 mode=sigma lengths=mu J_trim=82.91 chi2_red_trim=97.54 N_trim=40
; noise_rescore: tau_MAD=0.3591mm cost_noise_normalized_old=82.91 cost_noise_normalized_new=67.04 chi2_red_old=97.54 chi2_red_new=78.88 residual_vs_distance_slope_inliers=-0.002306 slope(|r|,d)=0.0009148 slope(r^2,d)=0.0003956 inlier_cutoff_mm=1.302mm n_inlier_rows_used_for_tau=58 tau_d_tau0=0mm tau_d_tau1=0.001242 cost_noise_normalized_tau_d=9.192 chi2_red_tau_d=10.81 cost_noise_normalized_tau_d_trimmed_direct=10.69 chi2_red_tau_d_trimmed_direct=11.93 chi2_red_tau_3bin_debiased_trimmed_direct=81.7 trimmed_coherence_ratio_tau_d_over_tau_3bin_debiased=0.146
; noise_bias_diagnostic: bias_vs_distance_intercept=5.445mm bias_vs_distance_slope_inliers=-0.00324 cost_after_bias_diagnostic=88.5 chi2_red_after_bias_diagnostic=98.71
; noise_rescore_bins: near_MAD=0.2003mm mid_MAD=0.1399mm far_MAD=0.3744mm N=[20,19,19]
; noise_rescore_bins_debiased: near_MAD=0.2018mm mid_MAD=0.1659mm far_MAD=0.2629mm
; noise_rescore_tau_3bin_debiased: tau_near=0.2991mm tau_mid=0.2459mm tau_far=0.3897mm cost_noise_normalized_tau_3bin_debiased=73.25 chi2_red_tau_3bin_debiased=81.7 chi2_red_tau_3bin_debiased_trimmed_direct=81.7
; sweep_residual: id=sweep_004 median=0.2072mm MAD=0.2403mm p95_abs=0.8435mm mean|z|=9.121 clipped=1/10
; sweep_residual: id=sweep_001 median=-0.1192mm MAD=0.4131mm p95_abs=0.7305mm mean|z|=9.927 clipped=0/10
; sweep_residual: id=sweep_002 median=0.05927mm MAD=0.1716mm p95_abs=0.2739mm mean|z|=4.451 clipped=0/10
; sweep_residual: id=sweep_006 median=-0.03587mm MAD=0.3551mm p95_abs=0.936mm mean|z|=10.56 clipped=0/10
; sweep_residual: id=sweep_003 median=0.03226mm MAD=0.1947mm p95_abs=0.27mm mean|z|=3.842 clipped=0/10
; sweep_residual: +1 more sweeps
; noise_demean_by_sweep: cost_noise_normalized_demeaned=94.77 chi2_red_demeaned=105.7 tail_ratio=2.44 normalized_sweep_bias=0.1068 tail_factor_median=2.202 sweep_bias_span=0.3264mm n_obs=58
; noise_norm_floor: min_sigma=0.05mm model_sigma=0.7381mm used_sigma=0.7381mm floor_deg=0.01deg source=auto
; noise_sigma_mm: encoder=0.004012mm friction_cogging=0.1343mm flex=0.2818mm floor=0.05mm non_layered=0.3162mm layer_changes=0.2983mm mode_add=0.5966mm total=0.7381mm model=0.7381mm used=0.7381mm layered=true mode=global/off mode_factor=2 line_width=1mm base_radius=30mm used_override=n/a
; info rank: 5/6 std(p0=941mm, p5=887mm, p3=887mm, p2=766mm, p4=766mm, p1=698mm)
; covariance_scaled: chi2_red=97.54 std_scaled(p0=9.29e+03mm, p5=8.76e+03mm, p3=8.76e+03mm, p2=7.57e+03mm, p4=7.57e+03mm, p1=6.9e+03mm)
; CI95: max_std=9294mm max_ci=1.822e+04mm workspace=2948 rel_std=3.153 rel_ci=6.18 scale=chi2_red=97.54
; encoder_noise: points=60/60 median_sigma=0deg floor=0.01deg min_samples=10
; encoder_noise_flags: low_samples=0 sigma_below_floor=60 sigma_nonfinite=0
; next_sweep score=0.295226 fixed=[1] targets=[990.0696686925708] pair=[0,2]
; top_candidates:
;   0.295226 fixed=[1] targets=[990.0696686925708] pair=[0,2]
;   0.295214 fixed=[2] targets=[990.0696686925708] pair=[0,1]
;   0.295159 fixed=[0] targets=[990.0696686925708] pair=[1,2]
;   0.291425 fixed=[1] targets=[937.9607387613828] pair=[0,2]
;   0.291413 fixed=[2] targets=[937.9607387613828] pair=[0,1]
; collect_command:
;   node autocal/control/cli/collect_sweep_data.mjs --machineType slideprinter --sweep-config-file autocal/data/five_points_bigger_deltas.replay_tmp.active_sweep_cfg.default.txt --fixed-targets 990.0696686925708 --output-file autocal/data/five_points_bigger_deltas.replay_tmp.new_004.json --no-spawn-rrf-simulator --preserve-buildup-factor --force-low 0.01342968040959999 --force-mid 0.2685936081919998 --force-max 2.831339339152179 --no-auto-tune-force --return-to-origin
; reusing force tuning: low=0.01343N mid=0.2686N max=2.831N
; selected run=default score_ui=0.6692 score_basis=layered-calibrated cost=82.91 rel_std=3.153 max_std=9294mm
Wrote to console: Score: 0.6692 (lower is better)
; replayed sweep 4/5 -> autocal/data/five_points_bigger_deltas.replay_tmp.json sweeps=7
Wrote to console: Collected sweep nr 7

; === full-auto iteration 5/20 dataset=autocal/data/five_points_bigger_deltas.replay_tmp.json ===
Wrote to console: 
Wrote to console: ; === full-auto iteration 5/20 dataset=autocal/data/five_points_bigger_deltas.replay_tmp.json ===
; full-auto run default: flags=''
[gnc] stage 1/3: wide-huber maxiter=400
[gnc] stage 2/3: tight-huber maxiter=240
[gnc] stage 3/3: trim maxiter=160
[robust] pointwise sigma_source: mode=auto point=70 origin=0 min=0 mixed=0 total=70
[robust] pointwise: enabled=False stage=1 (tight-huber) hard_cut=False huber_mult=3
[robust] pointwise scale: source=global global=n/a floor=0.00013 floor_mm=0.738
[robust] pointwise sigma_floor_mm: origin=0.00401201 mult=3 scaled=0.012036 min=0.05 model=0.73815 used=0.73815 floor=0.73815 floor_deg=0.01 source=model
[robust] pointwise sigma_components_mm: encoder=0.00401 friction_cogging=0.134 flex=0.282 floor=0.05 non_layered=0.316 layer_changes=0.298 mode_add=0.597 total=0.738 model=0.738 used=0.738 layered=true mode=global/off mode_factor=2 line_width=1 base_radius=30 used_override=n/a
[gnc] stage 1/3: wide-huber maxiter=400
[gnc] stage 2/3: tight-huber maxiter=240
[gnc] stage 3/3: trim maxiter=160
[robust] pointwise sigma_source: mode=auto point=70 origin=0 min=0 mixed=0 total=70
[robust] pointwise: enabled=False stage=1 (tight-huber) hard_cut=False huber_mult=3
[robust] pointwise scale: source=global global=n/a floor=0.00013 floor_mm=0.738
[robust] pointwise sigma_floor_mm: origin=0.00401201 mult=3 scaled=0.012036 min=0.05 model=0.73815 used=0.73815 floor=0.73815 floor_deg=0.01 source=model
[robust] pointwise sigma_components_mm: encoder=0.00401 friction_cogging=0.134 flex=0.282 floor=0.05 non_layered=0.316 layer_changes=0.298 mode_add=0.597 total=0.738 model=0.738 used=0.738 layered=true mode=global/off mode_factor=2 line_width=1 base_radius=30 used_override=n/a
[gnc] stage 1/3: wide-huber maxiter=400
[gnc] stage 2/3: tight-huber maxiter=240
[gnc] stage 3/3: trim maxiter=160
[robust] pointwise sigma_source: mode=auto point=70 origin=0 min=0 mixed=0 total=70
[robust] pointwise: enabled=False stage=1 (tight-huber) hard_cut=False huber_mult=3
[robust] pointwise scale: source=global global=n/a floor=0.00013 floor_mm=0.738
[robust] pointwise sigma_floor_mm: origin=0.00401201 mult=3 scaled=0.012036 min=0.05 model=0.73815 used=0.73815 floor=0.73815 floor_deg=0.01 source=model
[robust] pointwise sigma_components_mm: encoder=0.00401 friction_cogging=0.134 flex=0.282 floor=0.05 non_layered=0.316 layer_changes=0.298 mode_add=0.597 total=0.738 model=0.738 used=0.738 layered=true mode=global/off mode_factor=2 line_width=1 base_radius=30 used_override=n/a
[gnc] stage 1/3: wide-huber maxiter=400
[gnc] stage 2/3: tight-huber maxiter=240
[gnc] stage 3/3: trim maxiter=160
[robust] pointwise sigma_source: mode=auto point=70 origin=0 min=0 mixed=0 total=70
[robust] pointwise: enabled=False stage=1 (tight-huber) hard_cut=False huber_mult=3
[robust] pointwise scale: source=global global=n/a floor=0.00013 floor_mm=0.738
[robust] pointwise sigma_floor_mm: origin=0.00401201 mult=3 scaled=0.012036 min=0.05 model=0.73815 used=0.73815 floor=0.73815 floor_deg=0.01 source=model
[robust] pointwise sigma_components_mm: encoder=0.00401 friction_cogging=0.134 flex=0.282 floor=0.05 non_layered=0.316 layer_changes=0.298 mode_add=0.597 total=0.738 model=0.738 used=0.738 layered=true mode=global/off mode_factor=2 line_width=1 base_radius=30 used_override=n/a
; full-auto run default: cost_raw=0.3352 cost_noise_normalized=165.9 J=165.9 chi2_red=181.5 score_ui=7.3 score_basis=layered-calibrated
; Active ellipse calibration
; Anchors: [[2.724921509752207e-13, -1905.527707546097], [1653.153015361697, 954.4758446131985], [-1653.8054860064767, 955.050041213141]]
; cost=0.3352 cost_noise_normalized=165.9 origin_norms=[1905.528, 1908.910, 1909.763] pairwise=[d01=3303.413, d02=3304.236, d12=3306.959]
; line_model: planning=L_base_mm estimation=L_model_mm find_radii=global find_buildup_factor=off k=0.6366 base=[30,30,30] effective=[39.32,39.32,39.32]
; line_model_params (M666): M666 R39.32:39.32:39.32 Q0.636619
; line_model_prefit: enabled=True success=True guarded=False seed=seed_1 start=3.41 fit=3.392 start_data=3.41 start_prior=0 start_total=3.41 fit_data=3.392 fit_prior=0 fit_total=3.392 valid_sweeps=7 invalid_sweeps=0
; line_model_fit: mode=radii=global,buildup=off outer_iters=3 inner_iters=30 best_cost=115.2 last_start=115.2 last_fit=115.2 last_cal=115.2 last_data=115.2 last_prior=0 last_total=115.2 nfev=21 nit=10
; line_model_refreeze: iters=4 passes=4 last_score_ui=3.442e+09 last_rank=8.946 last_cost=165.9
; noise_cost: J=165.9 chi2_red=181.5 |z|_med=8.94 |z|_p95=27.01 outlier_ratio=0.8 N=70 mode=sigma lengths=mu J_trim=165.9 chi2_red_trim=181.5 N_trim=70
; noise_rescore: tau_MAD=0.4777mm cost_noise_normalized_old=165.9 cost_noise_normalized_new=117 chi2_red_old=181.5 chi2_red_new=127.9 residual_vs_distance_slope_inliers=0.004979 slope(|r|,d)=0.002805 slope(r^2,d)=0.003621 inlier_cutoff_mm=1.731mm n_inlier_rows_used_for_tau=70 tau_d_tau0=0mm tau_d_tau1=0.001189 cost_noise_normalized_tau_d=19.35 chi2_red_tau_d=21.17 cost_noise_normalized_tau_d_trimmed_direct=19.35 chi2_red_tau_d_trimmed_direct=21.17 chi2_red_tau_3bin_debiased_trimmed_direct=130.2 trimmed_coherence_ratio_tau_d_over_tau_3bin_debiased=0.1625
; noise_bias_diagnostic: bias_vs_distance_intercept=-7.39mm bias_vs_distance_slope_inliers=0.004406 cost_after_bias_diagnostic=155.8 chi2_red_after_bias_diagnostic=170.4
; noise_rescore_bins: near_MAD=0.1892mm mid_MAD=0.2305mm far_MAD=0.4544mm N=[24,23,23]
; noise_rescore_bins_debiased: near_MAD=0.1814mm mid_MAD=0.2166mm far_MAD=0.3488mm
; noise_rescore_tau_3bin_debiased: tau_near=0.2689mm tau_mid=0.3212mm tau_far=0.5171mm cost_noise_normalized_tau_3bin_debiased=119.1 chi2_red_tau_3bin_debiased=130.2 chi2_red_tau_3bin_debiased_trimmed_direct=130.2
; sweep_residual: id=sweep_007 median=0.7078mm MAD=0.1614mm p95_abs=1.506mm mean|z|=17.41 clipped=0/10
; sweep_residual: id=sweep_003 median=-0.1471mm MAD=0.1151mm p95_abs=0.4422mm mean|z|=5.335 clipped=0/10
; sweep_residual: id=sweep_001 median=-0.1019mm MAD=0.4522mm p95_abs=0.7538mm mean|z|=10.03 clipped=0/10
; sweep_residual: id=sweep_004 median=0.09005mm MAD=0.352mm p95_abs=1.077mm mean|z|=10.57 clipped=0/10
; sweep_residual: id=sweep_002 median=-0.0609mm MAD=0.114mm p95_abs=0.403mm mean|z|=5.309 clipped=0/10
; sweep_residual: +2 more sweeps
; noise_demean_by_sweep: cost_noise_normalized_demeaned=117.4 chi2_red_demeaned=128.4 tail_ratio=2.143 normalized_sweep_bias=0.2305 tail_factor_median=3.064 sweep_bias_span=0.8549mm n_obs=70
; noise_norm_floor: min_sigma=0.05mm model_sigma=0.7381mm used_sigma=0.7381mm floor_deg=0.01deg source=auto
; noise_sigma_mm: encoder=0.004012mm friction_cogging=0.1343mm flex=0.2818mm floor=0.05mm non_layered=0.3162mm layer_changes=0.2983mm mode_add=0.5966mm total=0.7381mm model=0.7381mm used=0.7381mm layered=true mode=global/off mode_factor=2 line_width=1mm base_radius=30mm used_override=n/a
; info rank: 5/6 std(p0=937mm, p3=884mm, p5=871mm, p2=761mm, p4=731mm, p1=695mm)
; covariance_scaled: chi2_red=181.5 std_scaled(p0=1.26e+04mm, p3=1.19e+04mm, p5=1.17e+04mm, p2=1.03e+04mm, p4=9.84e+03mm, p1=9.37e+03mm)
; CI95: max_std=1.262e+04mm max_ci=2.474e+04mm workspace=2948 rel_std=4.282 rel_ci=8.393 scale=chi2_red=181.5
; encoder_noise: points=70/70 median_sigma=0deg floor=0.01deg min_samples=10
; encoder_noise_flags: low_samples=0 sigma_below_floor=70 sigma_nonfinite=0
; next_sweep score=0.285243 fixed=[1] targets=[990.0696686925708] pair=[0,2]
; top_candidates:
;   0.285243 fixed=[1] targets=[990.0696686925708] pair=[0,2]
;   0.285198 fixed=[0] targets=[990.0696686925708] pair=[1,2]
;   0.281554 fixed=[1] targets=[937.9607387613828] pair=[0,2]
;   0.28151 fixed=[0] targets=[937.9607387613828] pair=[1,2]
;   0.27783 fixed=[1] targets=[885.8518088301951] pair=[0,2]
; collect_command:
;   node autocal/control/cli/collect_sweep_data.mjs --machineType slideprinter --sweep-config-file autocal/data/five_points_bigger_deltas.replay_tmp.active_sweep_cfg.default.txt --fixed-targets 990.0696686925708 --output-file autocal/data/five_points_bigger_deltas.replay_tmp.new_005.json --no-spawn-rrf-simulator --preserve-buildup-factor --force-low 0.01342968040959999 --force-mid 0.2685936081919998 --force-max 2.831339339152179 --no-auto-tune-force --return-to-origin
; reusing force tuning: low=0.01343N mid=0.2686N max=2.831N
; selected run=default score_ui=7.3 score_basis=layered-calibrated cost=165.9 rel_std=4.282 max_std=1.262e+04mm
Wrote to console: Score: 7.3 (lower is better)
; replayed sweep 5/5 -> autocal/data/five_points_bigger_deltas.replay_tmp.json sweeps=8
Wrote to console: Collected sweep nr 8

; === full-auto iteration 6/20 dataset=autocal/data/five_points_bigger_deltas.replay_tmp.json ===
Wrote to console: 
Wrote to console: ; === full-auto iteration 6/20 dataset=autocal/data/five_points_bigger_deltas.replay_tmp.json ===
; full-auto run default: flags=''
[gnc] stage 1/3: wide-huber maxiter=400
[gnc] stage 2/3: tight-huber maxiter=240
[gnc] stage 3/3: trim maxiter=160
[robust] pointwise sigma_source: mode=auto point=80 origin=0 min=0 mixed=0 total=80
[robust] pointwise: enabled=False stage=1 (tight-huber) hard_cut=False huber_mult=3
[robust] pointwise scale: source=global global=n/a floor=0.00013 floor_mm=0.738
[robust] pointwise sigma_floor_mm: origin=0.00401201 mult=3 scaled=0.012036 min=0.05 model=0.73815 used=0.73815 floor=0.73815 floor_deg=0.01 source=model
[robust] pointwise sigma_components_mm: encoder=0.00401 friction_cogging=0.134 flex=0.282 floor=0.05 non_layered=0.316 layer_changes=0.298 mode_add=0.597 total=0.738 model=0.738 used=0.738 layered=true mode=global/off mode_factor=2 line_width=1 base_radius=30 used_override=n/a
[gnc] stage 1/3: wide-huber maxiter=400
[gnc] stage 2/3: tight-huber maxiter=240
[gnc] stage 3/3: trim maxiter=160
[robust] pointwise sigma_source: mode=auto point=80 origin=0 min=0 mixed=0 total=80
[robust] pointwise: enabled=False stage=1 (tight-huber) hard_cut=False huber_mult=3
[robust] pointwise scale: source=global global=n/a floor=0.00013 floor_mm=0.738
[robust] pointwise sigma_floor_mm: origin=0.00401201 mult=3 scaled=0.012036 min=0.05 model=0.73815 used=0.73815 floor=0.73815 floor_deg=0.01 source=model
[robust] pointwise sigma_components_mm: encoder=0.00401 friction_cogging=0.134 flex=0.282 floor=0.05 non_layered=0.316 layer_changes=0.298 mode_add=0.597 total=0.738 model=0.738 used=0.738 layered=true mode=global/off mode_factor=2 line_width=1 base_radius=30 used_override=n/a
[gnc] stage 1/3: wide-huber maxiter=400
[gnc] stage 2/3: tight-huber maxiter=240
[gnc] stage 3/3: trim maxiter=160
[robust] pointwise sigma_source: mode=auto point=80 origin=0 min=0 mixed=0 total=80
[robust] pointwise: enabled=False stage=1 (tight-huber) hard_cut=False huber_mult=3
[robust] pointwise scale: source=global global=n/a floor=0.00013 floor_mm=0.738
[robust] pointwise sigma_floor_mm: origin=0.00401201 mult=3 scaled=0.012036 min=0.05 model=0.73815 used=0.73815 floor=0.73815 floor_deg=0.01 source=model
[robust] pointwise sigma_components_mm: encoder=0.00401 friction_cogging=0.134 flex=0.282 floor=0.05 non_layered=0.316 layer_changes=0.298 mode_add=0.597 total=0.738 model=0.738 used=0.738 layered=true mode=global/off mode_factor=2 line_width=1 base_radius=30 used_override=n/a
[gnc] stage 1/3: wide-huber maxiter=400
[gnc] stage 2/3: tight-huber maxiter=240
[gnc] stage 3/3: trim maxiter=160
[robust] pointwise sigma_source: mode=auto point=70 origin=0 min=0 mixed=0 total=70
[robust] pointwise: enabled=False stage=1 (tight-huber) hard_cut=False huber_mult=3
[robust] pointwise scale: source=global global=n/a floor=0.00013 floor_mm=0.738
[robust] pointwise sigma_floor_mm: origin=0.00401201 mult=3 scaled=0.012036 min=0.05 model=0.73815 used=0.73815 floor=0.73815 floor_deg=0.01 source=model
[robust] pointwise sigma_components_mm: encoder=0.00401 friction_cogging=0.134 flex=0.282 floor=0.05 non_layered=0.316 layer_changes=0.298 mode_add=0.597 total=0.738 model=0.738 used=0.738 layered=true mode=global/off mode_factor=2 line_width=1 base_radius=30 used_override=n/a
; full-auto run default: cost_raw=0.4639 cost_noise_normalized=177.2 J=177.2 chi2_red=193.8 score_ui=11.63 score_basis=layered-calibrated
; Active ellipse calibration
; Anchors: [[1.6599987848405523e-14, -1902.1675773999702], [1654.4674282271146, 956.8880475076343], [-1647.9012509073132, 949.9813969097901]]
; cost=0.4639 cost_noise_normalized=177.2 origin_norms=[1902.168, 1911.255, 1902.115] pairwise=[d01=3303.250, d02=3293.984, d12=3302.376]
; line_model: planning=L_base_mm estimation=L_model_mm find_radii=global find_buildup_factor=off k=0.6366 base=[30,30,30] effective=[39.24,39.24,39.24]
; line_model_params (M666): M666 R39.24:39.24:39.24 Q0.636619
; line_model_prefit: enabled=True success=True guarded=False seed=seed_1 start=3.416 fit=3.402 start_data=3.416 start_prior=0 start_total=3.416 fit_data=3.402 fit_prior=0 fit_total=3.402 valid_sweeps=8 invalid_sweeps=0
; line_model_fit: mode=radii=global,buildup=off outer_iters=3 inner_iters=30 best_cost=187 last_start=187 last_fit=187 last_cal=187 last_data=187 last_prior=0 last_total=187 nfev=21 nit=10
; line_model_refreeze: iters=4 passes=4 last_score_ui=6.585e+09 last_rank=9.076 last_cost=177.2
; noise_cost: J=177.2 chi2_red=193.8 |z|_med=10.25 |z|_p95=24.75 outlier_ratio=0.8571 N=70 mode=sigma lengths=mu J_trim=177.2 chi2_red_trim=193.8 N_trim=70
; noise_rescore: tau_MAD=0.596mm cost_noise_normalized_old=177.2 cost_noise_normalized_new=107.2 chi2_red_old=193.8 chi2_red_new=117.3 residual_vs_distance_slope_inliers=0.007189 slope(|r|,d)=0.003458 slope(r^2,d)=0.005284 inlier_cutoff_mm=2.009mm n_inlier_rows_used_for_tau=80 tau_d_tau0=0mm tau_d_tau1=0.0006054 cost_noise_normalized_tau_d=59.09 chi2_red_tau_d=64.63 cost_noise_normalized_tau_d_trimmed_direct=74.41 chi2_red_tau_d_trimmed_direct=80.45 chi2_red_tau_3bin_debiased_trimmed_direct=106.2 trimmed_coherence_ratio_tau_d_over_tau_3bin_debiased=0.7576
; noise_bias_diagnostic: bias_vs_distance_intercept=-11.42mm bias_vs_distance_slope_inliers=0.006844 cost_after_bias_diagnostic=162 chi2_red_after_bias_diagnostic=175.2
; noise_rescore_bins: near_MAD=0.1146mm mid_MAD=0.2964mm far_MAD=0.2846mm N=[27,26,27]
; noise_rescore_bins_debiased: near_MAD=0.221mm mid_MAD=0.3274mm far_MAD=0.5074mm
; noise_rescore_tau_3bin_debiased: tau_near=0.3277mm tau_mid=0.4853mm tau_far=0.7523mm cost_noise_normalized_tau_3bin_debiased=98.22 chi2_red_tau_3bin_debiased=106.2 chi2_red_tau_3bin_debiased_trimmed_direct=106.2
; sweep_residual: id=sweep_007 median=0.8278mm MAD=0.2132mm p95_abs=1.688mm mean|z|=20.9 clipped=0/10
; sweep_residual: id=sweep_008 median=0.7421mm MAD=0.2229mm p95_abs=1.564mm mean|z|=18.86 clipped=0/10
; sweep_residual: id=sweep_002 median=-0.2347mm MAD=0.09512mm p95_abs=0.5227mm mean|z|=7.074 clipped=0/10
; sweep_residual: id=sweep_003 median=-0.1878mm MAD=0.09696mm p95_abs=0.4836mm mean|z|=6.732 clipped=0/10
; sweep_residual: id=sweep_004 median=0.1713mm MAD=0.3523mm p95_abs=1.23mm mean|z|=10.54 clipped=0/10
; sweep_residual: +3 more sweeps
; noise_demean_by_sweep: cost_noise_normalized_demeaned=118 chi2_red_demeaned=127.6 tail_ratio=2.234 normalized_sweep_bias=0.6446 tail_factor_median=4.24 sweep_bias_span=1.063mm n_obs=80
; noise_norm_floor: min_sigma=0.05mm model_sigma=0.7381mm used_sigma=0.7381mm floor_deg=0.01deg source=auto
; noise_sigma_mm: encoder=0.004012mm friction_cogging=0.1343mm flex=0.2818mm floor=0.05mm non_layered=0.3162mm layer_changes=0.2983mm mode_add=0.5966mm total=0.7381mm model=0.7381mm used=0.7381mm layered=true mode=global/off mode_factor=2 line_width=1mm base_radius=30mm used_override=n/a
; info rank: 5/6 std(p0=933mm, p5=869mm, p3=869mm, p2=727mm, p4=727mm, p1=692mm)
; covariance_scaled: chi2_red=193.8 std_scaled(p0=1.3e+04mm, p5=1.21e+04mm, p3=1.21e+04mm, p2=1.01e+04mm, p4=1.01e+04mm, p1=9.64e+03mm)
; CI95: max_std=1.299e+04mm max_ci=2.546e+04mm workspace=2948 rel_std=4.407 rel_ci=8.637 scale=chi2_red=193.8
; encoder_noise: points=80/80 median_sigma=0deg floor=0.01deg min_samples=10
; encoder_noise_flags: low_samples=0 sigma_below_floor=80 sigma_nonfinite=0
; next_sweep score=0.27534 fixed=[0] targets=[990.0696686925708] pair=[1,2]
; top_candidates:
;   0.27534 fixed=[0] targets=[990.0696686925708] pair=[1,2]
;   0.271764 fixed=[0] targets=[937.9607387613828] pair=[1,2]
;   0.268153 fixed=[0] targets=[885.8518088301951] pair=[1,2]
;   0.264509 fixed=[0] targets=[833.7428788990071] pair=[1,2]
;   0.260834 fixed=[0] targets=[781.6339489678192] pair=[1,2]
; collect_command:
;   node autocal/control/cli/collect_sweep_data.mjs --machineType slideprinter --sweep-config-file autocal/data/five_points_bigger_deltas.replay_tmp.active_sweep_cfg.default.txt --fixed-targets 990.0696686925708 --output-file autocal/data/five_points_bigger_deltas.replay_tmp.new_006.json --no-spawn-rrf-simulator --preserve-buildup-factor --force-low 0.01342968040959999 --force-mid 0.2685936081919998 --force-max 2.831339339152179 --no-auto-tune-force --return-to-origin
; reusing force tuning: low=0.01343N mid=0.2686N max=2.831N
; selected run=default score_ui=11.63 score_basis=layered-calibrated cost=177.2 rel_std=4.407 max_std=1.299e+04mm
Wrote to console: Score: 11.63 (lower is better)
Wrote to console: ; full-auto replay: no more sweeps to replay; switching to live collection.
; full-auto replay: no more sweeps to replay; switching to live collection.
; --no-collect set; stopping before live collection.
Wrote to console: ; --no-collect set; stopping before live collection.
Wrote to console: 
Wrote to console: == Calibration summary ==
Wrote to console: Found parameters of ideal quality
Wrote to console: Fit quality score (lower is better): 0.6692
Wrote to console: Parameters (M669): M669 A-0.00:-1906.74:0.00 B1654.53:956.66:0.00 C-1651.24:953.09:0.00
Wrote to console: Line model (M666): M666 R39.35:39.35:39.35 Q0.636619
Wrote to console: Interpretation: A Quality score below 2 indicates a near-perfect fit.
Wrote to console: ; --sim + --no-collect set; skipping M669 send.
