; command: /home/torbjorn/repos/hp-sim5/autocal/active_calibrate.py --sim --machine-type slideprinter --full-auto --dataset /home/torbjorn/repos/hp-sim5/autocal/data/.regress_parallel_runs/flexible_lines_2000_de4c4818/flexible_lines_2000.json --find-radii global --base-radii 30.0 --buildup-factor 0.636619 --no-collect --optimizer-mode fast --scale-fix 3 --fit-structure 3 --filter-schedule 0,0,0,1 --full-auto-log /home/torbjorn/repos/hp-sim5/autocal/data/.regress_parallel_runs/flexible_lines_2000_de4c4818/flexible_lines_2000.full_auto_log.jsonl
Wrote to console: Writing additional info to log: /home/torbjorn/repos/hp-sim5/autocal/data/.regress_parallel_runs/flexible_lines_2000_de4c4818/flexible_lines_2000.full_auto.log
; auto-enabling --hp-sim-reset for spool search in simulation
; full-auto replay: starting from 3 sweeps, replaying 3 additional sweeps
; full-auto replay: using /home/torbjorn/repos/hp-sim5/autocal/data/.regress_parallel_runs/flexible_lines_2000_de4c4818/flexible_lines_2000.replay_tmp.json (original /home/torbjorn/repos/hp-sim5/autocal/data/.regress_parallel_runs/flexible_lines_2000_de4c4818/flexible_lines_2000.json left untouched)
; full-auto log: /home/torbjorn/repos/hp-sim5/autocal/data/.regress_parallel_runs/flexible_lines_2000_de4c4818/flexible_lines_2000.full_auto_log.jsonl
Wrote to console: ; full-auto stop: press Ctrl-C to accept best-so-far, or create /home/torbjorn/repos/hp-sim5/autocal/data/.regress_parallel_runs/flexible_lines_2000_de4c4818/flexible_lines_2000.full_auto.stop to request stop (cross-platform)

; === full-auto iteration 1/20 dataset=/home/torbjorn/repos/hp-sim5/autocal/data/.regress_parallel_runs/flexible_lines_2000_de4c4818/flexible_lines_2000.replay_tmp.json ===
Wrote to console: 
Wrote to console: ; === full-auto iteration 1/20 dataset=/home/torbjorn/repos/hp-sim5/autocal/data/.regress_parallel_runs/flexible_lines_2000_de4c4818/flexible_lines_2000.replay_tmp.json ===
; full-auto run default: flags=''
[robust] pointwise sigma_source: mode=auto point=60 origin=0 min=0 mixed=0 total=60
[robust] pointwise: enabled=False stage=0 (wide-huber) hard_cut=False huber_mult=10
[robust] pointwise scale: source=global global=n/a floor=0.000125 floor_mm=0.708
[robust] pointwise sigma_floor_mm: origin=0.00220713 mult=3 scaled=0.00662138 min=0.05 model=0.708141 used=0.708141 floor=0.708141 floor_deg=0.01 source=model
[robust] pointwise sigma_components_mm: encoder=0.00221 friction_cogging=0.159 flex=0.17 floor=0.05 non_layered=0.238 layer_changes=0.298 mode_add=0.597 total=0.708 model=0.708 used=0.708 layered=true mode=global/off mode_factor=2 line_width=1 base_radius=30 used_override=n/a
[robust] pointwise sigma_source: mode=auto point=60 origin=0 min=0 mixed=0 total=60
[robust] pointwise: enabled=False stage=0 (wide-huber) hard_cut=False huber_mult=10
[robust] pointwise scale: source=global global=n/a floor=0.000125 floor_mm=0.708
[robust] pointwise sigma_floor_mm: origin=0.00220713 mult=3 scaled=0.00662138 min=0.05 model=0.708141 used=0.708141 floor=0.708141 floor_deg=0.01 source=model
[robust] pointwise sigma_components_mm: encoder=0.00221 friction_cogging=0.159 flex=0.17 floor=0.05 non_layered=0.238 layer_changes=0.298 mode_add=0.597 total=0.708 model=0.708 used=0.708 layered=true mode=global/off mode_factor=2 line_width=1 base_radius=30 used_override=n/a
[robust] pointwise sigma_source: mode=auto point=60 origin=0 min=0 mixed=0 total=60
[robust] pointwise: enabled=False stage=0 (wide-huber) hard_cut=False huber_mult=10
[robust] pointwise scale: source=global global=n/a floor=0.000125 floor_mm=0.708
[robust] pointwise sigma_floor_mm: origin=0.00220713 mult=3 scaled=0.00662138 min=0.05 model=0.708141 used=0.708141 floor=0.708141 floor_deg=0.01 source=model
[robust] pointwise sigma_components_mm: encoder=0.00221 friction_cogging=0.159 flex=0.17 floor=0.05 non_layered=0.238 layer_changes=0.298 mode_add=0.597 total=0.708 model=0.708 used=0.708 layered=true mode=global/off mode_factor=2 line_width=1 base_radius=30 used_override=n/a
[gnc] stage 1/3: wide-huber maxiter=400
[gnc] stage 2/3: tight-huber maxiter=240
[gnc] stage 3/3: trim maxiter=160
[robust] pointwise sigma_source: mode=auto point=60 origin=0 min=0 mixed=0 total=60
[robust] pointwise: enabled=False stage=1 (tight-huber) hard_cut=False huber_mult=3
[robust] pointwise scale: source=global global=n/a floor=0.000125 floor_mm=0.708
[robust] pointwise sigma_floor_mm: origin=0.00220713 mult=3 scaled=0.00662138 min=0.05 model=0.708141 used=0.708141 floor=0.708141 floor_deg=0.01 source=model
[robust] pointwise sigma_components_mm: encoder=0.00221 friction_cogging=0.159 flex=0.17 floor=0.05 non_layered=0.238 layer_changes=0.298 mode_add=0.597 total=0.708 model=0.708 used=0.708 layered=true mode=global/off mode_factor=2 line_width=1 base_radius=30 used_override=n/a
; full-auto run default: cost_raw=0.2122 cost_noise_normalized=92.26 J=92.26 chi2_red=102.5 score_ui=0.1421 score_basis=layered-calibrated rank_coverage_adjust=0 effective_obs=60 filtered_ratio=0
; Active ellipse calibration
; Anchors: [[-2.0576883340847467e-13, -1925.105692234526], [1661.7722975333495, 959.981011607722], [-1661.2178344746517, 959.434398590644]]
; cost=0.2122 cost_noise_normalized=92.26 origin_norms=[1925.106, 1919.128, 1918.374] pairwise=[d01=3329.446, d02=3328.696, d12=3322.990]
; line_model: planning=L_base_mm estimation=L_model_mm find_radii=global find_buildup_factor=off k=0.6366 base=[30,30,30] effective=[39.5,39.5,39.5]
; line_model_params (M666): M666 R39.5:39.5:39.5 Q0.636619
; line_model_prefit: enabled=True success=True guarded=False seed=seed_9 start=1.892 fit=1.659 start_data=1.892 start_prior=0 start_total=1.892 fit_data=1.659 fit_prior=0 fit_total=1.659 valid_sweeps=3 invalid_sweeps=0
; line_model_fit: mode=radii=global,buildup=off outer_iters=3 inner_iters=30 best_cost=94.93 last_start=133.9 last_fit=133.9 last_cal=133.9 last_data=133.9 last_prior=0 last_total=133.9 nfev=21 nit=10
; line_model_filter_schedule: passes=4 schedule=[warmup,warmup,warmup,dynamic] last_score_ui=1.132e+07 last_rank=7.803 last_cost=92.26
; noise_cost: J=92.26 chi2_red=102.5 |z|_med=7.57 |z|_p95=17.6 outlier_ratio=0.7833 N=60 mode=sigma lengths=mu J_trim=92.26 chi2_red_trim=102.5 N_trim=60
; noise_rescore: tau_MAD=0.4969mm cost_noise_normalized_old=92.26 cost_noise_normalized_new=61.82 chi2_red_old=102.5 chi2_red_new=68.69 residual_vs_distance_slope_inliers=-0.006607 slope(|r|,d)=-0.008474 slope(r^2,d)=-0.006378 inlier_cutoff_mm=1.532mm n_inlier_rows_used_for_tau=60 tau_d_tau0=3.079mm tau_d_tau1=0 cost_noise_normalized_tau_d=4.636 chi2_red_tau_d=5.151 cost_noise_normalized_tau_d_trimmed_direct=4.636 chi2_red_tau_d_trimmed_direct=5.151 chi2_red_tau_3bin_debiased_trimmed_direct=61.73 trimmed_coherence_ratio_tau_d_over_tau_3bin_debiased=0.08344
; noise_bias_diagnostic: bias_vs_distance_intercept=12.57mm bias_vs_distance_slope_inliers=-0.007415 cost_after_bias_diagnostic=83.85 chi2_red_after_bias_diagnostic=93.17
; noise_rescore_bins: near_MAD=0.32mm mid_MAD=0.4258mm far_MAD=0.08987mm N=[20,20,20]
; noise_rescore_bins_debiased: near_MAD=0.3167mm mid_MAD=0.4072mm far_MAD=0.09073mm
; noise_rescore_tau_3bin_debiased: tau_near=0.4696mm tau_mid=0.6037mm tau_far=0.1345mm cost_noise_normalized_tau_3bin_debiased=55.56 chi2_red_tau_3bin_debiased=61.73 chi2_red_tau_3bin_debiased_trimmed_direct=61.73
; sweep_residual: id=sweep_001 median=-0.01178mm MAD=0.3448mm p95_abs=0.7458mm mean|z|=7.602 clipped=0/20
; sweep_residual: id=sweep_003 median=-0.01147mm MAD=0.3093mm p95_abs=0.6551mm mean|z|=7.61 clipped=0/20
; sweep_residual: id=sweep_002 median=0.008068mm MAD=0.379mm p95_abs=0.7332mm mean|z|=9.014 clipped=0/20
; noise_demean_by_sweep: cost_noise_normalized_demeaned=92.42 chi2_red_demeaned=102.7 tail_ratio=1.494 normalized_sweep_bias=0.01467 tail_factor_median=2.118 sweep_bias_span=0.01985mm n_obs=60
; rank_coverage: effective_obs=60 total_obs=60 filtered_ratio=0 obs_bonus=0 filtered_penalty=0 rank_adjust=0
; noise_norm_floor: min_sigma=0.05mm model_sigma=0.7081mm used_sigma=0.7081mm floor_deg=0.01deg source=auto
; noise_sigma_mm: encoder=0.002207mm friction_cogging=0.1591mm flex=0.1695mm floor=0.05mm non_layered=0.2378mm layer_changes=0.2983mm mode_add=0.5966mm total=0.7081mm model=0.7081mm used=0.7081mm layered=true mode=global/off mode_factor=2 line_width=1mm base_radius=30mm used_override=n/a
; info rank: 5/6 std(p0=964mm, p5=925mm, p3=925mm, p4=844mm, p2=844mm, p1=799mm)
; covariance_scaled: chi2_red=102.5 std_scaled(p0=9.76e+03mm, p5=9.37e+03mm, p3=9.37e+03mm, p4=8.54e+03mm, p2=8.54e+03mm, p1=8.09e+03mm)
; CI95: max_std=9759mm max_ci=1.913e+04mm workspace=2165 rel_std=4.508 rel_ci=8.837 scale=chi2_red=102.5
; encoder_noise: points=60/60 median_sigma=0deg floor=0.01deg min_samples=10
; encoder_noise_flags: low_samples=0 sigma_below_floor=60 sigma_nonfinite=0
; next_sweep score=0.380336 fixed=[0] targets=[727.0158052477309] pair=[1,2]
; top_candidates:
;   0.380336 fixed=[0] targets=[727.0158052477309] pair=[1,2]
;   0.380146 fixed=[1] targets=[727.0158052477309] pair=[0,2]
;   0.380125 fixed=[2] targets=[727.0158052477309] pair=[0,1]
;   0.376425 fixed=[0] targets=[688.7518154978504] pair=[1,2]
;   0.376237 fixed=[1] targets=[688.7518154978504] pair=[0,2]
; collect_command:
;   node autocal/control/cli/collect_sweep_data.mjs --machineType slideprinter --sweep-config-file /home/torbjorn/repos/hp-sim5/autocal/data/.regress_parallel_runs/flexible_lines_2000_de4c4818/flexible_lines_2000.replay_tmp.active_sweep_cfg.default.txt --fixed-targets 727.0158052477309 --output-file /home/torbjorn/repos/hp-sim5/autocal/data/.regress_parallel_runs/flexible_lines_2000_de4c4818/flexible_lines_2000.replay_tmp.new_001.json --no-spawn-rrf-simulator --force-base-radii 30 --force-buildup-factor 0.636619 --force-low 0.01590900602367999 --force-mid 0.3181801204735998 --force-max 1.7112490511359328 --no-auto-tune-force --return-to-origin
; reusing force tuning: low=0.01591N mid=0.3182N max=1.711N
; selected run=default score_ui=0.1421 score_basis=layered-calibrated cost=92.26 rel_std=4.508 max_std=9759mm rank_score=4.179 iteration_adjust=0 coverage_adjust=0 selection_rank=4.179
Wrote to console: The best try so far.
Wrote to console: Ranking: fit quality first, retained data second.
; replayed sweep 1/3 -> /home/torbjorn/repos/hp-sim5/autocal/data/.regress_parallel_runs/flexible_lines_2000_de4c4818/flexible_lines_2000.replay_tmp.json sweeps=4
Wrote to console: Collected sweep nr 4

; === full-auto iteration 2/20 dataset=/home/torbjorn/repos/hp-sim5/autocal/data/.regress_parallel_runs/flexible_lines_2000_de4c4818/flexible_lines_2000.replay_tmp.json ===
Wrote to console: 
Wrote to console: ; === full-auto iteration 2/20 dataset=/home/torbjorn/repos/hp-sim5/autocal/data/.regress_parallel_runs/flexible_lines_2000_de4c4818/flexible_lines_2000.replay_tmp.json ===
; full-auto run default: flags=''
[robust] pointwise sigma_source: mode=auto point=80 origin=0 min=0 mixed=0 total=80
[robust] pointwise: enabled=False stage=0 (wide-huber) hard_cut=False huber_mult=10
[robust] pointwise scale: source=global global=n/a floor=0.000125 floor_mm=0.708
[robust] pointwise sigma_floor_mm: origin=0.00220713 mult=3 scaled=0.00662138 min=0.05 model=0.708141 used=0.708141 floor=0.708141 floor_deg=0.01 source=model
[robust] pointwise sigma_components_mm: encoder=0.00221 friction_cogging=0.159 flex=0.17 floor=0.05 non_layered=0.238 layer_changes=0.298 mode_add=0.597 total=0.708 model=0.708 used=0.708 layered=true mode=global/off mode_factor=2 line_width=1 base_radius=30 used_override=n/a
[robust] pointwise sigma_source: mode=auto point=80 origin=0 min=0 mixed=0 total=80
[robust] pointwise: enabled=False stage=0 (wide-huber) hard_cut=False huber_mult=10
[robust] pointwise scale: source=global global=n/a floor=0.000125 floor_mm=0.708
[robust] pointwise sigma_floor_mm: origin=0.00220713 mult=3 scaled=0.00662138 min=0.05 model=0.708141 used=0.708141 floor=0.708141 floor_deg=0.01 source=model
[robust] pointwise sigma_components_mm: encoder=0.00221 friction_cogging=0.159 flex=0.17 floor=0.05 non_layered=0.238 layer_changes=0.298 mode_add=0.597 total=0.708 model=0.708 used=0.708 layered=true mode=global/off mode_factor=2 line_width=1 base_radius=30 used_override=n/a
[robust] pointwise sigma_source: mode=auto point=80 origin=0 min=0 mixed=0 total=80
[robust] pointwise: enabled=False stage=0 (wide-huber) hard_cut=False huber_mult=10
[robust] pointwise scale: source=global global=n/a floor=0.000125 floor_mm=0.708
[robust] pointwise sigma_floor_mm: origin=0.00220713 mult=3 scaled=0.00662138 min=0.05 model=0.708141 used=0.708141 floor=0.708141 floor_deg=0.01 source=model
[robust] pointwise sigma_components_mm: encoder=0.00221 friction_cogging=0.159 flex=0.17 floor=0.05 non_layered=0.238 layer_changes=0.298 mode_add=0.597 total=0.708 model=0.708 used=0.708 layered=true mode=global/off mode_factor=2 line_width=1 base_radius=30 used_override=n/a
[gnc] stage 1/3: wide-huber maxiter=400
[gnc] stage 2/3: tight-huber maxiter=240
[gnc] stage 3/3: trim maxiter=160
[robust] pointwise sigma_source: mode=auto point=80 origin=0 min=0 mixed=0 total=80
[robust] pointwise: enabled=False stage=1 (tight-huber) hard_cut=False huber_mult=3
[robust] pointwise scale: source=global global=n/a floor=0.000125 floor_mm=0.708
[robust] pointwise sigma_floor_mm: origin=0.00220713 mult=3 scaled=0.00662138 min=0.05 model=0.708141 used=0.708141 floor=0.708141 floor_deg=0.01 source=model
[robust] pointwise sigma_components_mm: encoder=0.00221 friction_cogging=0.159 flex=0.17 floor=0.05 non_layered=0.238 layer_changes=0.298 mode_add=0.597 total=0.708 model=0.708 used=0.708 layered=true mode=global/off mode_factor=2 line_width=1 base_radius=30 used_override=n/a
; full-auto run default: cost_raw=0.261 cost_noise_normalized=119.6 J=119.6 chi2_red=129.3 score_ui=0.4989 score_basis=layered-calibrated rank_coverage_adjust=-0.0863 effective_obs=80 filtered_ratio=0
; Active ellipse calibration
; Anchors: [[2.1045795952800176e-13, -1914.073850536755], [1650.9889274552997, 953.8142876043223], [-1650.4823012688942, 953.3040063780016]]
; cost=0.261 cost_noise_normalized=119.6 origin_norms=[1914.074, 1906.706, 1906.012] pairwise=[d01=3309.161, d02=3308.466, d12=3301.471]
; line_model: planning=L_base_mm estimation=L_model_mm find_radii=global find_buildup_factor=off k=0.6366 base=[30,30,30] effective=[39.14,39.14,39.14]
; line_model_params (M666): M666 R39.14:39.14:39.14 Q0.636619
; line_model_prefit: enabled=True success=False guarded=True seed=seed_9 start=2.395 fit=2.395 start_data=2.395 start_prior=0 start_total=2.395 fit_data=2.395 fit_prior=0 fit_total=2.395 valid_sweeps=4 invalid_sweeps=0
; line_model_fit: mode=radii=global,buildup=off outer_iters=3 inner_iters=30 best_cost=140.7 last_start=344 last_fit=344 last_cal=344 last_data=344 last_prior=0 last_total=344 nfev=21 nit=10
; line_model_filter_schedule: passes=4 schedule=[warmup,warmup,warmup,dynamic] last_score_ui=1.275e+08 last_rank=8.287 last_cost=119.6
; noise_cost: J=119.6 chi2_red=129.3 |z|_med=8.152 |z|_p95=19.84 outlier_ratio=0.825 N=80 mode=sigma lengths=mu J_trim=119.6 chi2_red_trim=129.3 N_trim=80
; noise_rescore: tau_MAD=0.3952mm cost_noise_normalized_old=119.6 cost_noise_normalized_new=91.2 chi2_red_old=129.3 chi2_red_new=98.6 residual_vs_distance_slope_inliers=0.01404 slope(|r|,d)=-0.004208 slope(r^2,d)=-0.006094 inlier_cutoff_mm=1.458mm n_inlier_rows_used_for_tau=80 tau_d_tau0=2.511mm tau_d_tau1=0 cost_noise_normalized_tau_d=8.812 chi2_red_tau_d=9.527 cost_noise_normalized_tau_d_trimmed_direct=8.812 chi2_red_tau_d_trimmed_direct=9.527 chi2_red_tau_3bin_debiased_trimmed_direct=73.3 trimmed_coherence_ratio_tau_d_over_tau_3bin_debiased=0.13
; noise_bias_diagnostic: bias_vs_distance_intercept=-18.18mm bias_vs_distance_slope_inliers=0.01083 cost_after_bias_diagnostic=95.67 chi2_red_after_bias_diagnostic=103.4
; noise_rescore_bins: near_MAD=0.3084mm mid_MAD=0.3301mm far_MAD=0.1246mm N=[27,26,27]
; noise_rescore_bins_debiased: near_MAD=0.303mm mid_MAD=0.3536mm far_MAD=0.2045mm
; noise_rescore_tau_3bin_debiased: tau_near=0.4492mm tau_mid=0.5243mm tau_far=0.3032mm cost_noise_normalized_tau_3bin_debiased=67.81 chi2_red_tau_3bin_debiased=73.3 chi2_red_tau_3bin_debiased_trimmed_direct=73.3
; sweep_residual: id=sweep_004 median=0.1801mm MAD=0.2479mm p95_abs=0.9566mm mean|z|=9.443 clipped=0/20
; sweep_residual: id=sweep_003 median=0.1755mm MAD=0.2468mm p95_abs=0.9927mm mean|z|=9.147 clipped=0/20
; sweep_residual: id=sweep_001 median=0.1318mm MAD=0.3627mm p95_abs=0.9502mm mean|z|=9.849 clipped=0/20
; sweep_residual: id=sweep_002 median=0.09258mm MAD=0.2287mm p95_abs=1.001mm mean|z|=8.55 clipped=0/20
; noise_demean_by_sweep: cost_noise_normalized_demeaned=125.3 chi2_red_demeaned=135.4 tail_ratio=2.781 normalized_sweep_bias=0.5863 tail_factor_median=3.941 sweep_bias_span=0.08754mm n_obs=80
; rank_coverage: effective_obs=80 total_obs=80 filtered_ratio=0 obs_bonus=0.0863 filtered_penalty=0 rank_adjust=-0.0863
; noise_norm_floor: min_sigma=0.05mm model_sigma=0.7081mm used_sigma=0.7081mm floor_deg=0.01deg source=auto
; noise_sigma_mm: encoder=0.002207mm friction_cogging=0.1591mm flex=0.1695mm floor=0.05mm non_layered=0.2378mm layer_changes=0.2983mm mode_add=0.5966mm total=0.7081mm model=0.7081mm used=0.7081mm layered=true mode=global/off mode_factor=2 line_width=1mm base_radius=30mm used_override=n/a
; info rank: 5/6 std(p0=953mm, p5=916mm, p3=916mm, p4=840mm, p2=840mm, p1=713mm)
; covariance_scaled: chi2_red=129.3 std_scaled(p0=1.08e+04mm, p5=1.04e+04mm, p3=1.04e+04mm, p4=9.56e+03mm, p2=9.56e+03mm, p1=8.11e+03mm)
; CI95: max_std=1.084e+04mm max_ci=2.124e+04mm workspace=2165 rel_std=5.007 rel_ci=9.814 scale=chi2_red=129.3
; encoder_noise: points=80/80 median_sigma=0deg floor=0.01deg min_samples=10
; encoder_noise_flags: low_samples=0 sigma_below_floor=80 sigma_nonfinite=0
; next_sweep score=0.357958 fixed=[1] targets=[727.0158052477309] pair=[0,2]
; top_candidates:
;   0.357958 fixed=[1] targets=[727.0158052477309] pair=[0,2]
;   0.357941 fixed=[2] targets=[727.0158052477309] pair=[0,1]
;   0.354262 fixed=[1] targets=[688.7518154978504] pair=[0,2]
;   0.354245 fixed=[2] targets=[688.7518154978504] pair=[0,1]
;   0.350544 fixed=[1] targets=[650.48782574797] pair=[0,2]
; collect_command:
;   node autocal/control/cli/collect_sweep_data.mjs --machineType slideprinter --sweep-config-file /home/torbjorn/repos/hp-sim5/autocal/data/.regress_parallel_runs/flexible_lines_2000_de4c4818/flexible_lines_2000.replay_tmp.active_sweep_cfg.default.txt --fixed-targets 727.0158052477309 --output-file /home/torbjorn/repos/hp-sim5/autocal/data/.regress_parallel_runs/flexible_lines_2000_de4c4818/flexible_lines_2000.replay_tmp.new_002.json --no-spawn-rrf-simulator --force-base-radii 30 --force-buildup-factor 0.636619 --force-low 0.01590900602367999 --force-mid 0.3181801204735998 --force-max 1.7112490511359328 --no-auto-tune-force --return-to-origin
; reusing force tuning: low=0.01591N mid=0.3182N max=1.711N
; selected run=default score_ui=0.4989 score_basis=layered-calibrated cost=119.6 rel_std=5.007 max_std=1.084e+04mm rank_score=4.427 iteration_adjust=-0.1919 coverage_adjust=-0.0863 selection_rank=4.218
Wrote to console: The 2nd best try so far.
Wrote to console: Ranking: fit quality first, retained data second.
; replayed sweep 2/3 -> /home/torbjorn/repos/hp-sim5/autocal/data/.regress_parallel_runs/flexible_lines_2000_de4c4818/flexible_lines_2000.replay_tmp.json sweeps=5
Wrote to console: Collected sweep nr 5

; === full-auto iteration 3/20 dataset=/home/torbjorn/repos/hp-sim5/autocal/data/.regress_parallel_runs/flexible_lines_2000_de4c4818/flexible_lines_2000.replay_tmp.json ===
Wrote to console: 
Wrote to console: ; === full-auto iteration 3/20 dataset=/home/torbjorn/repos/hp-sim5/autocal/data/.regress_parallel_runs/flexible_lines_2000_de4c4818/flexible_lines_2000.replay_tmp.json ===
; full-auto run default: flags=''
[robust] pointwise sigma_source: mode=auto point=100 origin=0 min=0 mixed=0 total=100
[robust] pointwise: enabled=False stage=0 (wide-huber) hard_cut=False huber_mult=10
[robust] pointwise scale: source=global global=n/a floor=0.000125 floor_mm=0.708
[robust] pointwise sigma_floor_mm: origin=0.00220713 mult=3 scaled=0.00662138 min=0.05 model=0.708141 used=0.708141 floor=0.708141 floor_deg=0.01 source=model
[robust] pointwise sigma_components_mm: encoder=0.00221 friction_cogging=0.159 flex=0.17 floor=0.05 non_layered=0.238 layer_changes=0.298 mode_add=0.597 total=0.708 model=0.708 used=0.708 layered=true mode=global/off mode_factor=2 line_width=1 base_radius=30 used_override=n/a
[robust] pointwise sigma_source: mode=auto point=100 origin=0 min=0 mixed=0 total=100
[robust] pointwise: enabled=False stage=0 (wide-huber) hard_cut=False huber_mult=10
[robust] pointwise scale: source=global global=n/a floor=0.000125 floor_mm=0.708
[robust] pointwise sigma_floor_mm: origin=0.00220713 mult=3 scaled=0.00662138 min=0.05 model=0.708141 used=0.708141 floor=0.708141 floor_deg=0.01 source=model
[robust] pointwise sigma_components_mm: encoder=0.00221 friction_cogging=0.159 flex=0.17 floor=0.05 non_layered=0.238 layer_changes=0.298 mode_add=0.597 total=0.708 model=0.708 used=0.708 layered=true mode=global/off mode_factor=2 line_width=1 base_radius=30 used_override=n/a
[robust] pointwise sigma_source: mode=auto point=100 origin=0 min=0 mixed=0 total=100
[robust] pointwise: enabled=False stage=0 (wide-huber) hard_cut=False huber_mult=10
[robust] pointwise scale: source=global global=n/a floor=0.000125 floor_mm=0.708
[robust] pointwise sigma_floor_mm: origin=0.00220713 mult=3 scaled=0.00662138 min=0.05 model=0.708141 used=0.708141 floor=0.708141 floor_deg=0.01 source=model
[robust] pointwise sigma_components_mm: encoder=0.00221 friction_cogging=0.159 flex=0.17 floor=0.05 non_layered=0.238 layer_changes=0.298 mode_add=0.597 total=0.708 model=0.708 used=0.708 layered=true mode=global/off mode_factor=2 line_width=1 base_radius=30 used_override=n/a
[gnc] stage 1/3: wide-huber maxiter=400
[gnc] stage 2/3: tight-huber maxiter=240
[gnc] stage 3/3: trim maxiter=160
[robust] pointwise sigma_source: mode=auto point=100 origin=0 min=0 mixed=0 total=100
[robust] pointwise: enabled=False stage=1 (tight-huber) hard_cut=False huber_mult=3
[robust] pointwise scale: source=global global=n/a floor=0.000125 floor_mm=0.708
[robust] pointwise sigma_floor_mm: origin=0.00220713 mult=3 scaled=0.00662138 min=0.05 model=0.708141 used=0.708141 floor=0.708141 floor_deg=0.01 source=model
[robust] pointwise sigma_components_mm: encoder=0.00221 friction_cogging=0.159 flex=0.17 floor=0.05 non_layered=0.238 layer_changes=0.298 mode_add=0.597 total=0.708 model=0.708 used=0.708 layered=true mode=global/off mode_factor=2 line_width=1 base_radius=30 used_override=n/a
; full-auto run default: cost_raw=0.3033 cost_noise_normalized=145.2 J=145.2 chi2_red=154.5 score_ui=0.2802 score_basis=layered-calibrated rank_coverage_adjust=-0.1532 effective_obs=100 filtered_ratio=0
; Active ellipse calibration
; Anchors: [[6.595030811214724e-14, -1909.9035625882132], [1651.5324872529343, 954.1503733020251], [-1648.9210103574444, 951.8540417372213]]
; cost=0.3033 cost_noise_normalized=145.2 origin_norms=[1909.904, 1907.344, 1903.935] pairwise=[d01=3306.110, d02=3302.817, d12=3300.454]
; line_model: planning=L_base_mm estimation=L_model_mm find_radii=global find_buildup_factor=off k=0.6366 base=[30,30,30] effective=[39.07,39.07,39.07]
; line_model_params (M666): M666 R39.07:39.07:39.07 Q0.636619
; line_model_prefit: enabled=True success=False guarded=True seed=seed_9 start=2.892 fit=2.892 start_data=2.892 start_prior=0 start_total=2.892 fit_data=2.892 fit_prior=0 fit_total=2.892 valid_sweeps=5 invalid_sweeps=0
; line_model_fit: mode=radii=global,buildup=off outer_iters=3 inner_iters=30 best_cost=145.8 last_start=145.8 last_fit=145.8 last_cal=145.8 last_data=145.8 last_prior=0 last_total=145.8 nfev=21 nit=10
; line_model_filter_schedule: passes=4 schedule=[warmup,warmup,warmup,dynamic] last_score_ui=8.002e+08 last_rank=8.654 last_cost=145.2
; noise_cost: J=145.2 chi2_red=154.5 |z|_med=8.97 |z|_p95=21.12 outlier_ratio=0.81 N=100 mode=sigma lengths=mu J_trim=145.2 chi2_red_trim=154.5 N_trim=100
; noise_rescore: tau_MAD=0.4368mm cost_noise_normalized_old=145.2 cost_noise_normalized_new=105.2 chi2_red_old=154.5 chi2_red_new=111.9 residual_vs_distance_slope_inliers=0.0184 slope(|r|,d)=-0.001575 slope(r^2,d)=-0.004747 inlier_cutoff_mm=1.534mm n_inlier_rows_used_for_tau=100 tau_d_tau0=3.748mm tau_d_tau1=0 cost_noise_normalized_tau_d=5.005 chi2_red_tau_d=5.324 cost_noise_normalized_tau_d_trimmed_direct=5.005 chi2_red_tau_d_trimmed_direct=5.324 chi2_red_tau_3bin_debiased_trimmed_direct=68.1 trimmed_coherence_ratio_tau_d_over_tau_3bin_debiased=0.07819
; noise_bias_diagnostic: bias_vs_distance_intercept=-23.24mm bias_vs_distance_slope_inliers=0.01386 cost_after_bias_diagnostic=102.8 chi2_red_after_bias_diagnostic=109.4
; noise_rescore_bins: near_MAD=0.503mm mid_MAD=0.2602mm far_MAD=0.1079mm N=[34,33,33]
; noise_rescore_bins_debiased: near_MAD=0.5058mm mid_MAD=0.2549mm far_MAD=0.231mm
; noise_rescore_tau_3bin_debiased: tau_near=0.7499mm tau_mid=0.3779mm tau_far=0.3425mm cost_noise_normalized_tau_3bin_debiased=64.01 chi2_red_tau_3bin_debiased=68.1 chi2_red_tau_3bin_debiased_trimmed_direct=68.1
; sweep_residual: id=sweep_005 median=0.2619mm MAD=0.2757mm p95_abs=0.9997mm mean|z|=10.91 clipped=0/20
; sweep_residual: id=sweep_004 median=0.164mm MAD=0.2841mm p95_abs=1.034mm mean|z|=10.09 clipped=0/20
; sweep_residual: id=sweep_003 median=0.1014mm MAD=0.2827mm p95_abs=1.099mm mean|z|=9.846 clipped=0/20
; sweep_residual: id=sweep_001 median=0.08282mm MAD=0.4196mm p95_abs=1.045mm mean|z|=10.83 clipped=0/20
; sweep_residual: id=sweep_002 median=0.03763mm MAD=0.2739mm p95_abs=1.101mm mean|z|=8.728 clipped=0/20
; noise_demean_by_sweep: cost_noise_normalized_demeaned=145.4 chi2_red_demeaned=154.7 tail_ratio=2.614 normalized_sweep_bias=0.4581 tail_factor_median=3.639 sweep_bias_span=0.2242mm n_obs=100
; rank_coverage: effective_obs=100 total_obs=100 filtered_ratio=0 obs_bonus=0.1532 filtered_penalty=0 rank_adjust=-0.1532
; noise_norm_floor: min_sigma=0.05mm model_sigma=0.7081mm used_sigma=0.7081mm floor_deg=0.01deg source=auto
; noise_sigma_mm: encoder=0.002207mm friction_cogging=0.1591mm flex=0.1695mm floor=0.05mm non_layered=0.2378mm layer_changes=0.2983mm mode_add=0.5966mm total=0.7081mm model=0.7081mm used=0.7081mm layered=true mode=global/off mode_factor=2 line_width=1mm base_radius=30mm used_override=n/a
; info rank: 5/6 std(p0=947mm, p5=913mm, p3=892mm, p4=830mm, p2=778mm, p1=709mm)
; covariance_scaled: chi2_red=154.5 std_scaled(p0=1.18e+04mm, p5=1.13e+04mm, p3=1.11e+04mm, p4=1.03e+04mm, p2=9.67e+03mm, p1=8.81e+03mm)
; CI95: max_std=1.178e+04mm max_ci=2.308e+04mm workspace=2165 rel_std=5.44 rel_ci=10.66 scale=chi2_red=154.5
; encoder_noise: points=100/100 median_sigma=0deg floor=0.01deg min_samples=10
; encoder_noise_flags: low_samples=0 sigma_below_floor=100 sigma_nonfinite=0
; next_sweep score=0.338625 fixed=[2] targets=[727.0158052477309] pair=[0,1]
; top_candidates:
;   0.338625 fixed=[2] targets=[727.0158052477309] pair=[0,1]
;   0.335092 fixed=[2] targets=[688.7518154978504] pair=[0,1]
;   0.331538 fixed=[2] targets=[650.48782574797] pair=[0,1]
;   0.327964 fixed=[2] targets=[612.2238359980893] pair=[0,1]
;   0.324371 fixed=[2] targets=[573.9598462482086] pair=[0,1]
; collect_command:
;   node autocal/control/cli/collect_sweep_data.mjs --machineType slideprinter --sweep-config-file /home/torbjorn/repos/hp-sim5/autocal/data/.regress_parallel_runs/flexible_lines_2000_de4c4818/flexible_lines_2000.replay_tmp.active_sweep_cfg.default.txt --fixed-targets 727.0158052477309 --output-file /home/torbjorn/repos/hp-sim5/autocal/data/.regress_parallel_runs/flexible_lines_2000_de4c4818/flexible_lines_2000.replay_tmp.new_003.json --no-spawn-rrf-simulator --force-base-radii 30 --force-buildup-factor 0.636619 --force-low 0.01590900602367999 --force-mid 0.3181801204735998 --force-max 1.7112490511359328 --no-auto-tune-force --return-to-origin
; reusing force tuning: low=0.01591N mid=0.3182N max=1.711N
; selected run=default score_ui=0.2802 score_basis=layered-calibrated cost=145.2 rel_std=5.44 max_std=1.178e+04mm rank_score=4.313 iteration_adjust=-0.2544 coverage_adjust=-0.1532 selection_rank=4.028
Wrote to console: The best try so far.
Wrote to console: Ranking: fit quality first, retained data second.
; replayed sweep 3/3 -> /home/torbjorn/repos/hp-sim5/autocal/data/.regress_parallel_runs/flexible_lines_2000_de4c4818/flexible_lines_2000.replay_tmp.json sweeps=6
Wrote to console: Collected sweep nr 6

; === full-auto iteration 4/20 dataset=/home/torbjorn/repos/hp-sim5/autocal/data/.regress_parallel_runs/flexible_lines_2000_de4c4818/flexible_lines_2000.replay_tmp.json ===
Wrote to console: 
Wrote to console: ; === full-auto iteration 4/20 dataset=/home/torbjorn/repos/hp-sim5/autocal/data/.regress_parallel_runs/flexible_lines_2000_de4c4818/flexible_lines_2000.replay_tmp.json ===
; full-auto run default: flags=''
[robust] pointwise sigma_source: mode=auto point=120 origin=0 min=0 mixed=0 total=120
[robust] pointwise: enabled=False stage=0 (wide-huber) hard_cut=False huber_mult=10
[robust] pointwise scale: source=global global=n/a floor=0.000125 floor_mm=0.708
[robust] pointwise sigma_floor_mm: origin=0.00220713 mult=3 scaled=0.00662138 min=0.05 model=0.708141 used=0.708141 floor=0.708141 floor_deg=0.01 source=model
[robust] pointwise sigma_components_mm: encoder=0.00221 friction_cogging=0.159 flex=0.17 floor=0.05 non_layered=0.238 layer_changes=0.298 mode_add=0.597 total=0.708 model=0.708 used=0.708 layered=true mode=global/off mode_factor=2 line_width=1 base_radius=30 used_override=n/a
[robust] pointwise sigma_source: mode=auto point=120 origin=0 min=0 mixed=0 total=120
[robust] pointwise: enabled=False stage=0 (wide-huber) hard_cut=False huber_mult=10
[robust] pointwise scale: source=global global=n/a floor=0.000125 floor_mm=0.708
[robust] pointwise sigma_floor_mm: origin=0.00220713 mult=3 scaled=0.00662138 min=0.05 model=0.708141 used=0.708141 floor=0.708141 floor_deg=0.01 source=model
[robust] pointwise sigma_components_mm: encoder=0.00221 friction_cogging=0.159 flex=0.17 floor=0.05 non_layered=0.238 layer_changes=0.298 mode_add=0.597 total=0.708 model=0.708 used=0.708 layered=true mode=global/off mode_factor=2 line_width=1 base_radius=30 used_override=n/a
[robust] pointwise sigma_source: mode=auto point=120 origin=0 min=0 mixed=0 total=120
[robust] pointwise: enabled=False stage=0 (wide-huber) hard_cut=False huber_mult=10
[robust] pointwise scale: source=global global=n/a floor=0.000125 floor_mm=0.708
[robust] pointwise sigma_floor_mm: origin=0.00220713 mult=3 scaled=0.00662138 min=0.05 model=0.708141 used=0.708141 floor=0.708141 floor_deg=0.01 source=model
[robust] pointwise sigma_components_mm: encoder=0.00221 friction_cogging=0.159 flex=0.17 floor=0.05 non_layered=0.238 layer_changes=0.298 mode_add=0.597 total=0.708 model=0.708 used=0.708 layered=true mode=global/off mode_factor=2 line_width=1 base_radius=30 used_override=n/a
[gnc] stage 1/3: wide-huber maxiter=400
[gnc] stage 2/3: tight-huber maxiter=240
[gnc] stage 3/3: trim maxiter=160
[robust] pointwise sigma_source: mode=auto point=120 origin=0 min=0 mixed=0 total=120
[robust] pointwise: enabled=False stage=1 (tight-huber) hard_cut=False huber_mult=3
[robust] pointwise scale: source=global global=n/a floor=0.000125 floor_mm=0.708
[robust] pointwise sigma_floor_mm: origin=0.00220713 mult=3 scaled=0.00662138 min=0.05 model=0.708141 used=0.708141 floor=0.708141 floor_deg=0.01 source=model
[robust] pointwise sigma_components_mm: encoder=0.00221 friction_cogging=0.159 flex=0.17 floor=0.05 non_layered=0.238 layer_changes=0.298 mode_add=0.597 total=0.708 model=0.708 used=0.708 layered=true mode=global/off mode_factor=2 line_width=1 base_radius=30 used_override=n/a
; full-auto run default: cost_raw=0.3009 cost_noise_normalized=142.3 J=142.3 chi2_red=149.8 score_ui=0.6506 score_basis=layered-calibrated rank_coverage_adjust=-0.2079 effective_obs=120 filtered_ratio=0
; Active ellipse calibration
; Anchors: [[1.856287694717269e-13, -1910.5372204407324], [1652.2958306332894, 954.0996036405716], [-1651.7181604479513, 953.7178315088775]]
; cost=0.3009 cost_noise_normalized=142.3 origin_norms=[1910.537, 1907.980, 1907.289] pairwise=[d01=3306.996, d02=3306.377, d12=3304.014]
; line_model: planning=L_base_mm estimation=L_model_mm find_radii=global find_buildup_factor=off k=0.6366 base=[30,30,30] effective=[39.11,39.11,39.11]
; line_model_params (M666): M666 R39.11:39.11:39.11 Q0.636619
; line_model_prefit: enabled=True success=False guarded=True seed=seed_9 start=3.456 fit=3.456 start_data=3.456 start_prior=0 start_total=3.456 fit_data=3.456 fit_prior=0 fit_total=3.456 valid_sweeps=6 invalid_sweeps=0
; line_model_fit: mode=radii=global,buildup=off outer_iters=3 inner_iters=30 best_cost=159.4 last_start=159.4 last_fit=159.4 last_cal=159.4 last_data=159.4 last_prior=0 last_total=159.4 nfev=21 nit=10
; line_model_filter_schedule: passes=4 schedule=[warmup,warmup,warmup,dynamic] last_score_ui=6.225e+08 last_rank=8.604 last_cost=142.3
; noise_cost: J=142.3 chi2_red=149.8 |z|_med=9.02 |z|_p95=21.35 outlier_ratio=0.8083 N=120 mode=sigma lengths=mu J_trim=142.3 chi2_red_trim=149.8 N_trim=120
; noise_rescore: tau_MAD=0.4036mm cost_noise_normalized_old=142.3 cost_noise_normalized_new=107.4 chi2_red_old=149.8 chi2_red_new=113.1 residual_vs_distance_slope_inliers=0.01723 slope(|r|,d)=-0.002031 slope(r^2,d)=-0.004851 inlier_cutoff_mm=1.511mm n_inlier_rows_used_for_tau=120 tau_d_tau0=2.82mm tau_d_tau1=0 cost_noise_normalized_tau_d=8.443 chi2_red_tau_d=8.887 cost_noise_normalized_tau_d_trimmed_direct=8.443 chi2_red_tau_d_trimmed_direct=8.887 chi2_red_tau_3bin_debiased_trimmed_direct=78.75 trimmed_coherence_ratio_tau_d_over_tau_3bin_debiased=0.1129
; noise_bias_diagnostic: bias_vs_distance_intercept=-22.44mm bias_vs_distance_slope_inliers=0.01336 cost_after_bias_diagnostic=105.3 chi2_red_after_bias_diagnostic=110.8
; noise_rescore_bins: near_MAD=0.3432mm mid_MAD=0.3618mm far_MAD=0.1175mm N=[40,40,40]
; noise_rescore_bins_debiased: near_MAD=0.302mm mid_MAD=0.3387mm far_MAD=0.2546mm
; noise_rescore_tau_3bin_debiased: tau_near=0.4478mm tau_mid=0.5022mm tau_far=0.3775mm cost_noise_normalized_tau_3bin_debiased=74.81 chi2_red_tau_3bin_debiased=78.75 chi2_red_tau_3bin_debiased_trimmed_direct=78.75
; sweep_residual: id=sweep_006 median=0.281mm MAD=0.3439mm p95_abs=0.998mm mean|z|=11.27 clipped=0/20
; sweep_residual: id=sweep_005 median=0.2498mm MAD=0.2471mm p95_abs=0.9877mm mean|z|=10.61 clipped=0/20
; sweep_residual: id=sweep_004 median=0.1766mm MAD=0.2809mm p95_abs=1.023mm mean|z|=9.824 clipped=0/20
; sweep_residual: id=sweep_001 median=0.06921mm MAD=0.3934mm p95_abs=1.036mm mean|z|=10.57 clipped=0/20
; sweep_residual: id=sweep_003 median=0.06223mm MAD=0.2611mm p95_abs=1.118mm mean|z|=9.082 clipped=0/20
; sweep_residual: +1 more sweeps
; noise_demean_by_sweep: cost_noise_normalized_demeaned=143.3 chi2_red_demeaned=150.8 tail_ratio=2.69 normalized_sweep_bias=0.5196 tail_factor_median=3.759 sweep_bias_span=0.244mm n_obs=120
; rank_coverage: effective_obs=120 total_obs=120 filtered_ratio=0 obs_bonus=0.2079 filtered_penalty=0 rank_adjust=-0.2079
; noise_norm_floor: min_sigma=0.05mm model_sigma=0.7081mm used_sigma=0.7081mm floor_deg=0.01deg source=auto
; noise_sigma_mm: encoder=0.002207mm friction_cogging=0.1591mm flex=0.1695mm floor=0.05mm non_layered=0.2378mm layer_changes=0.2983mm mode_add=0.5966mm total=0.7081mm model=0.7081mm used=0.7081mm layered=true mode=global/off mode_factor=2 line_width=1mm base_radius=30mm used_override=n/a
; info rank: 5/6 std(p0=942mm, p3=889mm, p5=889mm, p4=771mm, p2=771mm, p1=705mm)
; covariance_scaled: chi2_red=149.8 std_scaled(p0=1.15e+04mm, p3=1.09e+04mm, p5=1.09e+04mm, p4=9.44e+03mm, p2=9.44e+03mm, p1=8.63e+03mm)
; CI95: max_std=1.153e+04mm max_ci=2.261e+04mm workspace=2165 rel_std=5.328 rel_ci=10.44 scale=chi2_red=149.8
; encoder_noise: points=120/120 median_sigma=0deg floor=0.01deg min_samples=10
; encoder_noise_flags: low_samples=0 sigma_below_floor=120 sigma_nonfinite=0
; next_sweep score=0.278425 fixed=[0] targets=[688.7518154978504] pair=[1,2]
; top_candidates:
;   0.278425 fixed=[0] targets=[688.7518154978504] pair=[1,2]
;   0.278406 fixed=[1] targets=[688.7518154978504] pair=[0,2]
;   0.2784 fixed=[2] targets=[688.7518154978504] pair=[0,1]
;   0.275466 fixed=[0] targets=[650.48782574797] pair=[1,2]
;   0.275448 fixed=[1] targets=[650.48782574797] pair=[0,2]
; collect_command:
;   node autocal/control/cli/collect_sweep_data.mjs --machineType slideprinter --sweep-config-file /home/torbjorn/repos/hp-sim5/autocal/data/.regress_parallel_runs/flexible_lines_2000_de4c4818/flexible_lines_2000.replay_tmp.active_sweep_cfg.default.txt --fixed-targets 688.7518154978504 --output-file /home/torbjorn/repos/hp-sim5/autocal/data/.regress_parallel_runs/flexible_lines_2000_de4c4818/flexible_lines_2000.replay_tmp.new_004.json --no-spawn-rrf-simulator --force-base-radii 30 --force-buildup-factor 0.636619 --force-low 0.01590900602367999 --force-mid 0.3181801204735998 --force-max 1.7112490511359328 --no-auto-tune-force --return-to-origin
; reusing force tuning: low=0.01591N mid=0.3182N max=1.711N
; selected run=default score_ui=0.6506 score_basis=layered-calibrated cost=142.3 rel_std=5.328 max_std=1.153e+04mm rank_score=4.479 iteration_adjust=-0.2638 coverage_adjust=-0.2079 selection_rank=4.174
Wrote to console: The 2nd best try so far.
Wrote to console: Ranking: fit quality first, retained data second.
; history_select: reason=patience-or-threshold candidates=4 total_iterations=4
; history_select: iter=3 run=default rank=4.313 iteration_adjust=-0.2544 coverage_adjust=-0.1532 selection_score=4.028
; history_select: iter=4 run=default rank=4.479 iteration_adjust=-0.2638 coverage_adjust=-0.2079 selection_score=4.174
; history_select: iter=1 run=default rank=4.179 iteration_adjust=0 coverage_adjust=0 selection_score=4.179
; history_select: iter=2 run=default rank=4.427 iteration_adjust=-0.1919 coverage_adjust=-0.0863 selection_score=4.218
Wrote to console: 
Wrote to console: == Calibration summary ==
Wrote to console: Found parameters of ideal quality
Wrote to console: Fit quality score (lower is better): 0.2802
Wrote to console: Parameters (M669): M669 A0.00:-1909.90:0.00 B1651.53:954.15:0.00 C-1648.92:951.85:0.00
Wrote to console: Line model (M666): M666 R39.07:39.07:39.07 Q0.636619
Wrote to console: Interpretation: A Quality score below 2 indicates a near-perfect fit.
Wrote to console: ; --sim + --no-collect set; skipping M669 send.
