; command: /home/torbjorn/repos/hp-sim5/autocal/autocal.py --sim --machine-type slideprinter --dataset /home/torbjorn/repos/hp-sim5/autocal/data/.regress_parallel_runs/flexible_lines_2000_3f3ae8f3/flexible_lines_2000.json --find-radii global --base-radii 30.0 --buildup-factor 0.636619 --no-collect --full-auto-log /home/torbjorn/repos/hp-sim5/autocal/data/.regress_parallel_runs/flexible_lines_2000_3f3ae8f3/flexible_lines_2000.full_auto_log.jsonl
Wrote to console: Writing additional info to log: /home/torbjorn/repos/hp-sim5/autocal/data/.regress_parallel_runs/flexible_lines_2000_3f3ae8f3/flexible_lines_2000.full_auto.log
; auto-enabling --hp-sim-reset for spool search in simulation
; full-auto replay: starting from 3 sweeps, replaying 3 additional sweeps
; full-auto replay: using /home/torbjorn/repos/hp-sim5/autocal/data/.regress_parallel_runs/flexible_lines_2000_3f3ae8f3/flexible_lines_2000.replay_tmp.json (original /home/torbjorn/repos/hp-sim5/autocal/data/.regress_parallel_runs/flexible_lines_2000_3f3ae8f3/flexible_lines_2000.json left untouched)
; full-auto log: /home/torbjorn/repos/hp-sim5/autocal/data/.regress_parallel_runs/flexible_lines_2000_3f3ae8f3/flexible_lines_2000.full_auto_log.jsonl
Wrote to console: ; full-auto stop: press Ctrl-C to accept best-so-far, or create /home/torbjorn/repos/hp-sim5/autocal/data/.regress_parallel_runs/flexible_lines_2000_3f3ae8f3/flexible_lines_2000.full_auto.stop to request stop (cross-platform)

; === full-auto iteration 1/20 dataset=/home/torbjorn/repos/hp-sim5/autocal/data/.regress_parallel_runs/flexible_lines_2000_3f3ae8f3/flexible_lines_2000.replay_tmp.json ===
Wrote to console: 
Wrote to console: ; === full-auto iteration 1/20 dataset=/home/torbjorn/repos/hp-sim5/autocal/data/.regress_parallel_runs/flexible_lines_2000_3f3ae8f3/flexible_lines_2000.replay_tmp.json ===
; full-auto run default: flags=''
[robust] pointwise sigma_source: mode=auto point=60 origin=0 min=0 mixed=0 total=60
[robust] pointwise: enabled=False stage=0 (wide-huber) hard_cut=False huber_mult=10
[robust] pointwise scale: source=global global=n/a floor=0.000125 floor_mm=0.708
[robust] pointwise sigma_floor_mm: origin=0.00220713 mult=3 scaled=0.00662138 min=0.05 model=0.708141 used=0.708141 floor=0.708141 floor_deg=0.01 source=model
[robust] pointwise sigma_components_mm: encoder=0.00221 friction_cogging=0.159 flex=0.17 floor=0.05 non_layered=0.238 layer_changes=0.298 mode_add=0.597 total=0.708 model=0.708 used=0.708 layered=true mode=global/off mode_factor=2 line_width=1 base_radius=30 used_override=n/a
[robust] pointwise sigma_source: mode=auto point=60 origin=0 min=0 mixed=0 total=60
[robust] pointwise: enabled=False stage=0 (wide-huber) hard_cut=False huber_mult=10
[robust] pointwise scale: source=global global=n/a floor=0.000125 floor_mm=0.708
[robust] pointwise sigma_floor_mm: origin=0.00220713 mult=3 scaled=0.00662138 min=0.05 model=0.708141 used=0.708141 floor=0.708141 floor_deg=0.01 source=model
[robust] pointwise sigma_components_mm: encoder=0.00221 friction_cogging=0.159 flex=0.17 floor=0.05 non_layered=0.238 layer_changes=0.298 mode_add=0.597 total=0.708 model=0.708 used=0.708 layered=true mode=global/off mode_factor=2 line_width=1 base_radius=30 used_override=n/a
[robust] pointwise sigma_source: mode=auto point=60 origin=0 min=0 mixed=0 total=60
[robust] pointwise: enabled=False stage=0 (wide-huber) hard_cut=False huber_mult=10
[robust] pointwise scale: source=global global=n/a floor=0.000125 floor_mm=0.708
[robust] pointwise sigma_floor_mm: origin=0.00220713 mult=3 scaled=0.00662138 min=0.05 model=0.708141 used=0.708141 floor=0.708141 floor_deg=0.01 source=model
[robust] pointwise sigma_components_mm: encoder=0.00221 friction_cogging=0.159 flex=0.17 floor=0.05 non_layered=0.238 layer_changes=0.298 mode_add=0.597 total=0.708 model=0.708 used=0.708 layered=true mode=global/off mode_factor=2 line_width=1 base_radius=30 used_override=n/a
[gnc] stage 1/3: wide-huber maxiter=400
[gnc] stage 2/3: tight-huber maxiter=240
[gnc] stage 3/3: trim maxiter=160
[robust] pointwise sigma_source: mode=auto point=40 origin=0 min=0 mixed=0 total=40
[robust] pointwise: enabled=False stage=1 (tight-huber) hard_cut=False huber_mult=3
[robust] pointwise scale: source=global global=n/a floor=0.000125 floor_mm=0.708
[robust] pointwise sigma_floor_mm: origin=0.00220713 mult=3 scaled=0.00662138 min=0.05 model=0.708141 used=0.708141 floor=0.708141 floor_deg=0.01 source=model
[robust] pointwise sigma_components_mm: encoder=0.00221 friction_cogging=0.159 flex=0.17 floor=0.05 non_layered=0.238 layer_changes=0.298 mode_add=0.597 total=0.708 model=0.708 used=0.708 layered=true mode=global/off mode_factor=2 line_width=1 base_radius=30 used_override=n/a
; full-auto run default: cost_raw=0.3504 cost_noise_normalized=100 J=160.5 chi2_red=183.5 raw_fit_score_ui=0.7919 score_basis=layered-calibrated rank_coverage_adjust=0.008333 effective_obs=59 filtered_ratio=0.01667
Wrote to console: ; selected run underconstrained; trying to restore sweeps/points from current data.
; underconstrained_recovery: run=default attempt=1/2 mode=restore_sweeps
; full-auto recovery default [restore_sweeps]: flags=''
[robust] pointwise sigma_source: mode=auto point=60 origin=0 min=0 mixed=0 total=60
[robust] pointwise: enabled=False stage=0 (wide-huber) hard_cut=False huber_mult=10
[robust] pointwise scale: source=global global=n/a floor=0.000125 floor_mm=0.708
[robust] pointwise sigma_floor_mm: origin=0.00220713 mult=3 scaled=0.00662138 min=0.05 model=0.708141 used=0.708141 floor=0.708141 floor_deg=0.01 source=model
[robust] pointwise sigma_components_mm: encoder=0.00221 friction_cogging=0.159 flex=0.17 floor=0.05 non_layered=0.238 layer_changes=0.298 mode_add=0.597 total=0.708 model=0.708 used=0.708 layered=true mode=global/off mode_factor=2 line_width=1 base_radius=30 used_override=n/a
[robust] pointwise sigma_source: mode=auto point=60 origin=0 min=0 mixed=0 total=60
[robust] pointwise: enabled=False stage=0 (wide-huber) hard_cut=False huber_mult=10
[robust] pointwise scale: source=global global=n/a floor=0.000125 floor_mm=0.708
[robust] pointwise sigma_floor_mm: origin=0.00220713 mult=3 scaled=0.00662138 min=0.05 model=0.708141 used=0.708141 floor=0.708141 floor_deg=0.01 source=model
[robust] pointwise sigma_components_mm: encoder=0.00221 friction_cogging=0.159 flex=0.17 floor=0.05 non_layered=0.238 layer_changes=0.298 mode_add=0.597 total=0.708 model=0.708 used=0.708 layered=true mode=global/off mode_factor=2 line_width=1 base_radius=30 used_override=n/a
[robust] pointwise sigma_source: mode=auto point=60 origin=0 min=0 mixed=0 total=60
[robust] pointwise: enabled=False stage=0 (wide-huber) hard_cut=False huber_mult=10
[robust] pointwise scale: source=global global=n/a floor=0.000125 floor_mm=0.708
[robust] pointwise sigma_floor_mm: origin=0.00220713 mult=3 scaled=0.00662138 min=0.05 model=0.708141 used=0.708141 floor=0.708141 floor_deg=0.01 source=model
[robust] pointwise sigma_components_mm: encoder=0.00221 friction_cogging=0.159 flex=0.17 floor=0.05 non_layered=0.238 layer_changes=0.298 mode_add=0.597 total=0.708 model=0.708 used=0.708 layered=true mode=global/off mode_factor=2 line_width=1 base_radius=30 used_override=n/a
[gnc] stage 1/3: wide-huber maxiter=400
[gnc] stage 2/3: tight-huber maxiter=240
[gnc] stage 3/3: trim maxiter=160
[robust] pointwise sigma_source: mode=auto point=59 origin=0 min=0 mixed=0 total=59
[robust] pointwise: enabled=False stage=1 (tight-huber) hard_cut=False huber_mult=3
[robust] pointwise scale: source=global global=n/a floor=0.000125 floor_mm=0.708
[robust] pointwise sigma_floor_mm: origin=0.00220713 mult=3 scaled=0.00662138 min=0.05 model=0.708141 used=0.708141 floor=0.708141 floor_deg=0.01 source=model
[robust] pointwise sigma_components_mm: encoder=0.00221 friction_cogging=0.159 flex=0.17 floor=0.05 non_layered=0.238 layer_changes=0.298 mode_add=0.597 total=0.708 model=0.708 used=0.708 layered=true mode=global/off mode_factor=2 line_width=1 base_radius=30 used_override=n/a
; full-auto recovery default [restore_sweeps]: cost_raw=0.3469 cost_noise_normalized=164.9 J=164.7 chi2_red=180 raw_fit_score_ui=6.206 score_basis=layered-calibrated rank_coverage_adjust=0.008333 effective_obs=59 filtered_ratio=0.01667
Wrote to console: ; underconstrained recovery succeeded; continuing with the repaired constrained estimate.
; Active ellipse calibration
; Anchors: [[0.00, -1933.72], [1672.51, 965.87], [-1672.50, 965.71]]
; cost=0.3469 cost_noise_normalized=164.9 origin_norms=[1933.724, 1931.370, 1931.283] pairwise=[d01=3347.378, d02=3347.233, d12=3345.009]
; line_model: planning=L_base_mm estimation=L_model_mm find_radii=global find_buildup_factor=off k=0.6366 base=[30,30,30] effective=[39.82,39.82,39.82]
; line_model_params (M666): M666 R39.82:39.82:39.82 Q0.636619
; line_model_prefit: enabled=True success=True guarded=False seed=seed_9 start=1.874 fit=1.659 start_data=1.874 start_prior=0 start_total=1.874 fit_data=1.659 fit_prior=0 fit_total=1.659 valid_sweeps=3 invalid_sweeps=0
; line_model_fit: mode=radii=global,buildup=off outer_iters=3 inner_iters=30 best_cost=177.5 last_start=177.5 last_fit=176.9 last_cal=177.5 last_data=177.5 last_prior=0 last_total=177.5 nfev=51 nit=11
; line_model_filter_schedule: passes=4 schedule=[warmup,warmup,warmup,dynamic] objectives=[1,1,1,1] last_raw_fit_score_ui=3.203e+09 last_rank_score=8.931 last_cost=164.9
; noise_cost: J=164.7 chi2_red=180 |z|_med=11.51 |z|_p95=21.57 outlier_ratio=0.9492 N=59 mode=sigma lengths=mu J_trim=164.7 chi2_red_trim=180 N_trim=59
; noise_rescore: tau_MAD=0.4869mm cost_noise_normalized_old=164.9 cost_noise_normalized_new=112 chi2_red_old=180 chi2_red_new=122.2 residual_vs_distance_slope_inliers=-0.02366 slope(|r|,d)=-0.0004139 slope(r^2,d)=-0.001783 inlier_cutoff_mm=1.717mm n_inlier_rows_used_for_tau=59 tau_d_tau0=3.144mm tau_d_tau1=0 cost_noise_normalized_tau_d=7.964 chi2_red_tau_d=8.692 cost_noise_normalized_tau_d_trimmed_direct=7.955 chi2_red_tau_d_trimmed_direct=8.692 chi2_red_tau_3bin_debiased_trimmed_direct=65.07 trimmed_coherence_ratio_tau_d_over_tau_3bin_debiased=0.1336
; noise_bias_diagnostic: bias_vs_distance_intercept=39.94mm bias_vs_distance_slope_inliers=-0.02346 cost_after_bias_diagnostic=85.11 chi2_red_after_bias_diagnostic=92.99
; noise_rescore_bins: near_MAD=0.3189mm mid_MAD=0.4684mm far_MAD=0.1306mm N=[20,19,20]
; noise_rescore_bins_debiased: near_MAD=0.3122mm mid_MAD=0.371mm far_MAD=0.07534mm
; noise_rescore_tau_3bin_debiased: tau_near=0.4629mm tau_mid=0.55mm tau_far=0.1117mm cost_noise_normalized_tau_3bin_debiased=59.56 chi2_red_tau_3bin_debiased=65.07 chi2_red_tau_3bin_debiased_trimmed_direct=65.07
; sweep_residual: id=sweep_003 median=-0.2389mm MAD=0.3224mm p95_abs=0.8238mm mean|z|=11.72 clipped=0/20
; sweep_residual: id=sweep_002 median=-0.1979mm MAD=0.3411mm p95_abs=0.8995mm mean|z|=11.64 clipped=1/20
; sweep_residual: id=sweep_001 median=-0.1894mm MAD=0.3362mm p95_abs=0.8962mm mean|z|=10.27 clipped=0/20
; noise_demean_by_sweep: cost_noise_normalized_demeaned=175.9 chi2_red_demeaned=192.2 tail_ratio=2.203 normalized_sweep_bias=0.6207 tail_factor_median=2.637 sweep_bias_span=0.04949mm n_obs=59
; rank_coverage: effective_obs=59 total_obs=60 filtered_ratio=0.01667 obs_bonus=0 filtered_penalty=0.008333 rank_adjust=0.008333
; noise_norm_floor: min_sigma=0.05mm model_sigma=0.7081mm used_sigma=0.7081mm floor_deg=0.01deg source=auto
; noise_sigma_mm: encoder=0.002207mm friction_cogging=0.1591mm flex=0.1695mm floor=0.05mm non_layered=0.2378mm layer_changes=0.2983mm mode_add=0.5966mm total=0.7081mm model=0.7081mm used=0.7081mm layered=true mode=global/off mode_factor=2 line_width=1mm base_radius=30mm used_override=n/a
; info rank: 5/6 std(p0=964mm, p5=925mm, p3=925mm, p2=842mm, p4=842mm, p1=798mm)
; covariance_scaled: chi2_red=180 std_scaled(p0=1.29e+04mm, p5=1.24e+04mm, p3=1.24e+04mm, p2=1.13e+04mm, p4=1.13e+04mm, p1=1.07e+04mm)
; CI95: max_std=1.293e+04mm max_ci=2.534e+04mm workspace=2165 rel_std=5.973 rel_ci=11.71 scale=chi2_red=180
; encoder_noise: points=60/60 median_sigma=0deg floor=0.01deg min_samples=10
; encoder_noise_flags: low_samples=0 sigma_below_floor=60 sigma_nonfinite=0
; next_sweep score=0.382226 fixed=[0] targets=[727.0158052477309] pair=[1,2]
; top_candidates:
;   0.382226 fixed=[0] targets=[727.0158052477309] pair=[1,2]
;   0.382149 fixed=[2] targets=[727.0158052477309] pair=[0,1]
;   0.382149 fixed=[1] targets=[727.0158052477309] pair=[0,2]
;   0.378276 fixed=[0] targets=[688.7518154978504] pair=[1,2]
;   0.378199 fixed=[2] targets=[688.7518154978504] pair=[0,1]
; collect_command:
;   node autocal/control/cli/collect_sweep_data.mjs --machineType slideprinter --sweep-config-file /home/torbjorn/repos/hp-sim5/autocal/data/.regress_parallel_runs/flexible_lines_2000_3f3ae8f3/flexible_lines_2000.replay_tmp.active_sweep_cfg.default.restore_sweeps.txt --fixed-targets 727.0158052477309 --output-file /home/torbjorn/repos/hp-sim5/autocal/data/.regress_parallel_runs/flexible_lines_2000_3f3ae8f3/flexible_lines_2000.replay_tmp.new_001.json --no-spawn-rrf-simulator --force-base-radii 30 --force-buildup-factor 0.636619 --force-low 0.01590900602367999 --force-mid 0.3181801204735998 --force-max 1.7112490511359328 --no-auto-tune-force --return-to-origin
; reusing force tuning: low=0.01591N mid=0.3182N max=1.711N
; selected run=default fit_score_ui=15.96 raw_fit_score_ui=6.206 score_basis=layered-calibrated cost=164.9 rel_std=5.973 max_std=1.293e+04mm rank_score=4.926 iteration_adjust=0 coverage_adjust=0.008333 history_rank_score=4.928
Wrote to console: The best try so far.
Wrote to console: Patience reset.
Wrote to console: Replaying next sweep to try and beat it.
Wrote to console: Still has patience for 3 more attempts.
; replayed sweep 1/3 -> /home/torbjorn/repos/hp-sim5/autocal/data/.regress_parallel_runs/flexible_lines_2000_3f3ae8f3/flexible_lines_2000.replay_tmp.json sweeps=4
Wrote to console: Collected sweep nr 4

; === full-auto iteration 2/20 dataset=/home/torbjorn/repos/hp-sim5/autocal/data/.regress_parallel_runs/flexible_lines_2000_3f3ae8f3/flexible_lines_2000.replay_tmp.json ===
Wrote to console: 
Wrote to console: ; === full-auto iteration 2/20 dataset=/home/torbjorn/repos/hp-sim5/autocal/data/.regress_parallel_runs/flexible_lines_2000_3f3ae8f3/flexible_lines_2000.replay_tmp.json ===
; full-auto run default: flags=''
[robust] pointwise sigma_source: mode=auto point=80 origin=0 min=0 mixed=0 total=80
[robust] pointwise: enabled=False stage=0 (wide-huber) hard_cut=False huber_mult=10
[robust] pointwise scale: source=global global=n/a floor=0.000125 floor_mm=0.708
[robust] pointwise sigma_floor_mm: origin=0.00220713 mult=3 scaled=0.00662138 min=0.05 model=0.708141 used=0.708141 floor=0.708141 floor_deg=0.01 source=model
[robust] pointwise sigma_components_mm: encoder=0.00221 friction_cogging=0.159 flex=0.17 floor=0.05 non_layered=0.238 layer_changes=0.298 mode_add=0.597 total=0.708 model=0.708 used=0.708 layered=true mode=global/off mode_factor=2 line_width=1 base_radius=30 used_override=n/a
[robust] pointwise sigma_source: mode=auto point=80 origin=0 min=0 mixed=0 total=80
[robust] pointwise: enabled=False stage=0 (wide-huber) hard_cut=False huber_mult=10
[robust] pointwise scale: source=global global=n/a floor=0.000125 floor_mm=0.708
[robust] pointwise sigma_floor_mm: origin=0.00220713 mult=3 scaled=0.00662138 min=0.05 model=0.708141 used=0.708141 floor=0.708141 floor_deg=0.01 source=model
[robust] pointwise sigma_components_mm: encoder=0.00221 friction_cogging=0.159 flex=0.17 floor=0.05 non_layered=0.238 layer_changes=0.298 mode_add=0.597 total=0.708 model=0.708 used=0.708 layered=true mode=global/off mode_factor=2 line_width=1 base_radius=30 used_override=n/a
[robust] pointwise sigma_source: mode=auto point=80 origin=0 min=0 mixed=0 total=80
[robust] pointwise: enabled=False stage=0 (wide-huber) hard_cut=False huber_mult=10
[robust] pointwise scale: source=global global=n/a floor=0.000125 floor_mm=0.708
[robust] pointwise sigma_floor_mm: origin=0.00220713 mult=3 scaled=0.00662138 min=0.05 model=0.708141 used=0.708141 floor=0.708141 floor_deg=0.01 source=model
[robust] pointwise sigma_components_mm: encoder=0.00221 friction_cogging=0.159 flex=0.17 floor=0.05 non_layered=0.238 layer_changes=0.298 mode_add=0.597 total=0.708 model=0.708 used=0.708 layered=true mode=global/off mode_factor=2 line_width=1 base_radius=30 used_override=n/a
[gnc] stage 1/3: wide-huber maxiter=400
[gnc] stage 2/3: tight-huber maxiter=240
[gnc] stage 3/3: trim maxiter=160
[robust] pointwise sigma_source: mode=auto point=80 origin=0 min=0 mixed=0 total=80
[robust] pointwise: enabled=False stage=1 (tight-huber) hard_cut=False huber_mult=3
[robust] pointwise scale: source=global global=n/a floor=0.000125 floor_mm=0.708
[robust] pointwise sigma_floor_mm: origin=0.00220713 mult=3 scaled=0.00662138 min=0.05 model=0.708141 used=0.708141 floor=0.708141 floor_deg=0.01 source=model
[robust] pointwise sigma_components_mm: encoder=0.00221 friction_cogging=0.159 flex=0.17 floor=0.05 non_layered=0.238 layer_changes=0.298 mode_add=0.597 total=0.708 model=0.708 used=0.708 layered=true mode=global/off mode_factor=2 line_width=1 base_radius=30 used_override=n/a
; full-auto run default: cost_raw=0.2609 cost_noise_normalized=119.6 J=119.6 chi2_red=127.6 raw_fit_score_ui=9.965 score_basis=layered-calibrated rank_coverage_adjust=-0.0863 effective_obs=80 filtered_ratio=0
; Active ellipse calibration
; Anchors: [[0.00, -1914.08], [1650.99, 953.82], [-1650.49, 953.31]]
; cost=0.2609 cost_noise_normalized=119.6 origin_norms=[1914.078, 1906.710, 1906.016] pairwise=[d01=3309.168, d02=3308.473, d12=3301.479]
; line_model: planning=L_base_mm estimation=L_model_mm find_radii=global find_buildup_factor=off k=0.6366 base=[30,30,30] effective=[39.14,39.14,39.14]
; line_model_params (M666): M666 R39.14:39.14:39.14 Q0.636619
; line_model_prefit: enabled=True success=False guarded=True seed=seed_9 start=2.395 fit=2.395 start_data=2.395 start_prior=0 start_total=2.395 fit_data=2.395 fit_prior=0 fit_total=2.395 valid_sweeps=4 invalid_sweeps=0
; line_model_fit: mode=radii=global,buildup=off outer_iters=3 inner_iters=30 best_cost=140.4 last_start=343.8 last_fit=343.8 last_cal=343.8 last_data=343.8 last_prior=0 last_total=343.8 nfev=41 nit=10
; line_model_filter_schedule: passes=4 schedule=[warmup,warmup,warmup,dynamic] objectives=[1,1,1,1] last_raw_fit_score_ui=1.189e+08 last_rank_score=8.273 last_cost=119.6
; noise_cost: J=119.6 chi2_red=127.6 |z|_med=8.152 |z|_p95=19.83 outlier_ratio=0.825 N=80 mode=sigma lengths=mu J_trim=119.6 chi2_red_trim=127.6 N_trim=80
; noise_rescore: tau_MAD=0.395mm cost_noise_normalized_old=119.6 cost_noise_normalized_new=91.2 chi2_red_old=127.6 chi2_red_new=97.28 residual_vs_distance_slope_inliers=0.01404 slope(|r|,d)=-0.004212 slope(r^2,d)=-0.006095 inlier_cutoff_mm=1.457mm n_inlier_rows_used_for_tau=80 tau_d_tau0=2.511mm tau_d_tau1=0 cost_noise_normalized_tau_d=8.809 chi2_red_tau_d=9.397 cost_noise_normalized_tau_d_trimmed_direct=8.809 chi2_red_tau_d_trimmed_direct=9.397 chi2_red_tau_3bin_debiased_trimmed_direct=72.32 trimmed_coherence_ratio_tau_d_over_tau_3bin_debiased=0.1299
; noise_bias_diagnostic: bias_vs_distance_intercept=-18.16mm bias_vs_distance_slope_inliers=0.01082 cost_after_bias_diagnostic=95.67 chi2_red_after_bias_diagnostic=102
; noise_rescore_bins: near_MAD=0.3084mm mid_MAD=0.3301mm far_MAD=0.1246mm N=[27,26,27]
; noise_rescore_bins_debiased: near_MAD=0.303mm mid_MAD=0.3536mm far_MAD=0.2044mm
; noise_rescore_tau_3bin_debiased: tau_near=0.4492mm tau_mid=0.5243mm tau_far=0.3031mm cost_noise_normalized_tau_3bin_debiased=67.8 chi2_red_tau_3bin_debiased=72.32 chi2_red_tau_3bin_debiased_trimmed_direct=72.32
; sweep_residual: id=sweep_004 median=0.1801mm MAD=0.2479mm p95_abs=0.9565mm mean|z|=9.442 clipped=0/20
; sweep_residual: id=sweep_003 median=0.1756mm MAD=0.2466mm p95_abs=0.9925mm mean|z|=9.145 clipped=0/20
; sweep_residual: id=sweep_001 median=0.1318mm MAD=0.3626mm p95_abs=0.9501mm mean|z|=9.847 clipped=0/20
; sweep_residual: id=sweep_002 median=0.09265mm MAD=0.2288mm p95_abs=1.001mm mean|z|=8.548 clipped=0/20
; noise_demean_by_sweep: cost_noise_normalized_demeaned=125.2 chi2_red_demeaned=133.6 tail_ratio=2.782 normalized_sweep_bias=0.5866 tail_factor_median=3.942 sweep_bias_span=0.08741mm n_obs=80
; rank_coverage: effective_obs=80 total_obs=80 filtered_ratio=0 obs_bonus=0.0863 filtered_penalty=0 rank_adjust=-0.0863
; noise_norm_floor: min_sigma=0.05mm model_sigma=0.7081mm used_sigma=0.7081mm floor_deg=0.01deg source=auto
; noise_sigma_mm: encoder=0.002207mm friction_cogging=0.1591mm flex=0.1695mm floor=0.05mm non_layered=0.2378mm layer_changes=0.2983mm mode_add=0.5966mm total=0.7081mm model=0.7081mm used=0.7081mm layered=true mode=global/off mode_factor=2 line_width=1mm base_radius=30mm used_override=n/a
; info rank: 5/6 std(p0=953mm, p5=916mm, p3=916mm, p4=840mm, p2=840mm, p1=713mm)
; covariance_scaled: chi2_red=127.6 std_scaled(p0=1.08e+04mm, p5=1.03e+04mm, p3=1.03e+04mm, p4=9.49e+03mm, p2=9.49e+03mm, p1=8.05e+03mm)
; CI95: max_std=1.076e+04mm max_ci=2.11e+04mm workspace=2165 rel_std=4.973 rel_ci=9.747 scale=chi2_red=127.6
; encoder_noise: points=80/80 median_sigma=0deg floor=0.01deg min_samples=10
; encoder_noise_flags: low_samples=0 sigma_below_floor=80 sigma_nonfinite=0
; next_sweep score=0.357959 fixed=[1] targets=[727.0158052477309] pair=[0,2]
; top_candidates:
;   0.357959 fixed=[1] targets=[727.0158052477309] pair=[0,2]
;   0.357941 fixed=[2] targets=[727.0158052477309] pair=[0,1]
;   0.354263 fixed=[1] targets=[688.7518154978504] pair=[0,2]
;   0.354246 fixed=[2] targets=[688.7518154978504] pair=[0,1]
;   0.350545 fixed=[1] targets=[650.48782574797] pair=[0,2]
; collect_command:
;   node autocal/control/cli/collect_sweep_data.mjs --machineType slideprinter --sweep-config-file /home/torbjorn/repos/hp-sim5/autocal/data/.regress_parallel_runs/flexible_lines_2000_3f3ae8f3/flexible_lines_2000.replay_tmp.active_sweep_cfg.default.txt --fixed-targets 727.0158052477309 --output-file /home/torbjorn/repos/hp-sim5/autocal/data/.regress_parallel_runs/flexible_lines_2000_3f3ae8f3/flexible_lines_2000.replay_tmp.new_002.json --no-spawn-rrf-simulator --force-base-radii 30 --force-buildup-factor 0.636619 --force-low 0.01590900602367999 --force-mid 0.3181801204735998 --force-max 1.7112490511359328 --no-auto-tune-force --return-to-origin
; reusing force tuning: low=0.01591N mid=0.3182N max=1.711N
; selected run=default fit_score_ui=14.05 raw_fit_score_ui=9.965 score_basis=layered-calibrated cost=119.6 rel_std=4.973 max_std=1.076e+04mm rank_score=5.02 iteration_adjust=-0.1919 coverage_adjust=-0.0863 history_rank_score=4.811
Wrote to console: The best try so far.
Wrote to console: Patience reset.
Wrote to console: Replaying next sweep to try and beat it.
Wrote to console: Still has patience for 3 more attempts.
; replayed sweep 2/3 -> /home/torbjorn/repos/hp-sim5/autocal/data/.regress_parallel_runs/flexible_lines_2000_3f3ae8f3/flexible_lines_2000.replay_tmp.json sweeps=5
Wrote to console: Collected sweep nr 5

; === full-auto iteration 3/20 dataset=/home/torbjorn/repos/hp-sim5/autocal/data/.regress_parallel_runs/flexible_lines_2000_3f3ae8f3/flexible_lines_2000.replay_tmp.json ===
Wrote to console: 
Wrote to console: ; === full-auto iteration 3/20 dataset=/home/torbjorn/repos/hp-sim5/autocal/data/.regress_parallel_runs/flexible_lines_2000_3f3ae8f3/flexible_lines_2000.replay_tmp.json ===
; full-auto run default: flags=''
[robust] pointwise sigma_source: mode=auto point=100 origin=0 min=0 mixed=0 total=100
[robust] pointwise: enabled=False stage=0 (wide-huber) hard_cut=False huber_mult=10
[robust] pointwise scale: source=global global=n/a floor=0.000125 floor_mm=0.708
[robust] pointwise sigma_floor_mm: origin=0.00220713 mult=3 scaled=0.00662138 min=0.05 model=0.708141 used=0.708141 floor=0.708141 floor_deg=0.01 source=model
[robust] pointwise sigma_components_mm: encoder=0.00221 friction_cogging=0.159 flex=0.17 floor=0.05 non_layered=0.238 layer_changes=0.298 mode_add=0.597 total=0.708 model=0.708 used=0.708 layered=true mode=global/off mode_factor=2 line_width=1 base_radius=30 used_override=n/a
[robust] pointwise sigma_source: mode=auto point=100 origin=0 min=0 mixed=0 total=100
[robust] pointwise: enabled=False stage=0 (wide-huber) hard_cut=False huber_mult=10
[robust] pointwise scale: source=global global=n/a floor=0.000125 floor_mm=0.708
[robust] pointwise sigma_floor_mm: origin=0.00220713 mult=3 scaled=0.00662138 min=0.05 model=0.708141 used=0.708141 floor=0.708141 floor_deg=0.01 source=model
[robust] pointwise sigma_components_mm: encoder=0.00221 friction_cogging=0.159 flex=0.17 floor=0.05 non_layered=0.238 layer_changes=0.298 mode_add=0.597 total=0.708 model=0.708 used=0.708 layered=true mode=global/off mode_factor=2 line_width=1 base_radius=30 used_override=n/a
[robust] pointwise sigma_source: mode=auto point=100 origin=0 min=0 mixed=0 total=100
[robust] pointwise: enabled=False stage=0 (wide-huber) hard_cut=False huber_mult=10
[robust] pointwise scale: source=global global=n/a floor=0.000125 floor_mm=0.708
[robust] pointwise sigma_floor_mm: origin=0.00220713 mult=3 scaled=0.00662138 min=0.05 model=0.708141 used=0.708141 floor=0.708141 floor_deg=0.01 source=model
[robust] pointwise sigma_components_mm: encoder=0.00221 friction_cogging=0.159 flex=0.17 floor=0.05 non_layered=0.238 layer_changes=0.298 mode_add=0.597 total=0.708 model=0.708 used=0.708 layered=true mode=global/off mode_factor=2 line_width=1 base_radius=30 used_override=n/a
[gnc] stage 1/3: wide-huber maxiter=400
[gnc] stage 2/3: tight-huber maxiter=240
[gnc] stage 3/3: trim maxiter=160
[robust] pointwise sigma_source: mode=auto point=100 origin=0 min=0 mixed=0 total=100
[robust] pointwise: enabled=False stage=1 (tight-huber) hard_cut=False huber_mult=3
[robust] pointwise scale: source=global global=n/a floor=0.000125 floor_mm=0.708
[robust] pointwise sigma_floor_mm: origin=0.00220713 mult=3 scaled=0.00662138 min=0.05 model=0.708141 used=0.708141 floor=0.708141 floor_deg=0.01 source=model
[robust] pointwise sigma_components_mm: encoder=0.00221 friction_cogging=0.159 flex=0.17 floor=0.05 non_layered=0.238 layer_changes=0.298 mode_add=0.597 total=0.708 model=0.708 used=0.708 layered=true mode=global/off mode_factor=2 line_width=1 base_radius=30 used_override=n/a
; full-auto run default: cost_raw=0.3031 cost_noise_normalized=145.1 J=145.1 chi2_red=152.7 raw_fit_score_ui=1.497 score_basis=layered-calibrated rank_coverage_adjust=-0.1532 effective_obs=100 filtered_ratio=0
; Active ellipse calibration
; Anchors: [[0.00, -1909.92], [1651.54, 954.16], [-1648.93, 951.86]]
; cost=0.3031 cost_noise_normalized=145.1 origin_norms=[1909.919, 1907.357, 1903.950] pairwise=[d01=3306.134, d02=3302.843, d12=3300.478]
; line_model: planning=L_base_mm estimation=L_model_mm find_radii=global find_buildup_factor=off k=0.6366 base=[30,30,30] effective=[39.07,39.07,39.07]
; line_model_params (M666): M666 R39.07:39.07:39.07 Q0.636619
; line_model_prefit: enabled=True success=False guarded=True seed=seed_9 start=2.892 fit=2.892 start_data=2.892 start_prior=0 start_total=2.892 fit_data=2.892 fit_prior=0 fit_total=2.892 valid_sweeps=5 invalid_sweeps=0
; line_model_fit: mode=radii=global,buildup=off outer_iters=3 inner_iters=30 best_cost=145.5 last_start=145.5 last_fit=145.5 last_cal=145.5 last_data=145.5 last_prior=0 last_total=145.5 nfev=41 nit=10
; line_model_filter_schedule: passes=4 schedule=[warmup,warmup,warmup,dynamic] objectives=[1,1,1,1] last_raw_fit_score_ui=7.514e+08 last_rank_score=8.642 last_cost=145.1
; noise_cost: J=145.1 chi2_red=152.7 |z|_med=8.967 |z|_p95=21.11 outlier_ratio=0.81 N=100 mode=sigma lengths=mu J_trim=145.1 chi2_red_trim=152.7 N_trim=100
; noise_rescore: tau_MAD=0.4358mm cost_noise_normalized_old=145.1 cost_noise_normalized_new=105.2 chi2_red_old=152.7 chi2_red_new=110.8 residual_vs_distance_slope_inliers=0.01838 slope(|r|,d)=-0.001587 slope(r^2,d)=-0.004753 inlier_cutoff_mm=1.531mm n_inlier_rows_used_for_tau=100 tau_d_tau0=3.751mm tau_d_tau1=0 cost_noise_normalized_tau_d=4.994 chi2_red_tau_d=5.257 cost_noise_normalized_tau_d_trimmed_direct=4.994 chi2_red_tau_d_trimmed_direct=5.257 chi2_red_tau_3bin_debiased_trimmed_direct=67.36 trimmed_coherence_ratio_tau_d_over_tau_3bin_debiased=0.07803
; noise_bias_diagnostic: bias_vs_distance_intercept=-23.21mm bias_vs_distance_slope_inliers=0.01384 cost_after_bias_diagnostic=102.8 chi2_red_after_bias_diagnostic=108.2
; noise_rescore_bins: near_MAD=0.5032mm mid_MAD=0.2607mm far_MAD=0.1078mm N=[34,33,33]
; noise_rescore_bins_debiased: near_MAD=0.5058mm mid_MAD=0.2549mm far_MAD=0.231mm
; noise_rescore_tau_3bin_debiased: tau_near=0.7499mm tau_mid=0.3779mm tau_far=0.3424mm cost_noise_normalized_tau_3bin_debiased=63.99 chi2_red_tau_3bin_debiased=67.36 chi2_red_tau_3bin_debiased_trimmed_direct=67.36
; sweep_residual: id=sweep_005 median=0.262mm MAD=0.275mm p95_abs=0.9994mm mean|z|=10.9 clipped=0/20
; sweep_residual: id=sweep_004 median=0.1642mm MAD=0.2839mm p95_abs=1.034mm mean|z|=10.09 clipped=0/20
; sweep_residual: id=sweep_003 median=0.1017mm MAD=0.2828mm p95_abs=1.099mm mean|z|=9.841 clipped=0/20
; sweep_residual: id=sweep_001 median=0.08301mm MAD=0.4191mm p95_abs=1.045mm mean|z|=10.83 clipped=0/20
; sweep_residual: id=sweep_002 median=0.03733mm MAD=0.2739mm p95_abs=1.101mm mean|z|=8.723 clipped=0/20
; noise_demean_by_sweep: cost_noise_normalized_demeaned=145.3 chi2_red_demeaned=152.9 tail_ratio=2.613 normalized_sweep_bias=0.4584 tail_factor_median=3.64 sweep_bias_span=0.2247mm n_obs=100
; rank_coverage: effective_obs=100 total_obs=100 filtered_ratio=0 obs_bonus=0.1532 filtered_penalty=0 rank_adjust=-0.1532
; noise_norm_floor: min_sigma=0.05mm model_sigma=0.7081mm used_sigma=0.7081mm floor_deg=0.01deg source=auto
; noise_sigma_mm: encoder=0.002207mm friction_cogging=0.1591mm flex=0.1695mm floor=0.05mm non_layered=0.2378mm layer_changes=0.2983mm mode_add=0.5966mm total=0.7081mm model=0.7081mm used=0.7081mm layered=true mode=global/off mode_factor=2 line_width=1mm base_radius=30mm used_override=n/a
; info rank: 5/6 std(p0=947mm, p5=913mm, p3=892mm, p4=830mm, p2=778mm, p1=709mm)
; covariance_scaled: chi2_red=152.7 std_scaled(p0=1.17e+04mm, p5=1.13e+04mm, p3=1.1e+04mm, p4=1.03e+04mm, p2=9.61e+03mm, p1=8.76e+03mm)
; CI95: max_std=1.171e+04mm max_ci=2.295e+04mm workspace=2165 rel_std=5.409 rel_ci=10.6 scale=chi2_red=152.7
; encoder_noise: points=100/100 median_sigma=0deg floor=0.01deg min_samples=10
; encoder_noise_flags: low_samples=0 sigma_below_floor=100 sigma_nonfinite=0
; next_sweep score=0.338628 fixed=[2] targets=[727.0158052477309] pair=[0,1]
; top_candidates:
;   0.338628 fixed=[2] targets=[727.0158052477309] pair=[0,1]
;   0.335095 fixed=[2] targets=[688.7518154978504] pair=[0,1]
;   0.331541 fixed=[2] targets=[650.48782574797] pair=[0,1]
;   0.327966 fixed=[2] targets=[612.2238359980893] pair=[0,1]
;   0.324373 fixed=[2] targets=[573.9598462482086] pair=[0,1]
; collect_command:
;   node autocal/control/cli/collect_sweep_data.mjs --machineType slideprinter --sweep-config-file /home/torbjorn/repos/hp-sim5/autocal/data/.regress_parallel_runs/flexible_lines_2000_3f3ae8f3/flexible_lines_2000.replay_tmp.active_sweep_cfg.default.txt --fixed-targets 727.0158052477309 --output-file /home/torbjorn/repos/hp-sim5/autocal/data/.regress_parallel_runs/flexible_lines_2000_3f3ae8f3/flexible_lines_2000.replay_tmp.new_003.json --no-spawn-rrf-simulator --force-base-radii 30 --force-buildup-factor 0.636619 --force-low 0.01590900602367999 --force-mid 0.3181801204735998 --force-max 1.7112490511359328 --no-auto-tune-force --return-to-origin
; reusing force tuning: low=0.01591N mid=0.3182N max=1.711N
; selected run=default fit_score_ui=4.653 raw_fit_score_ui=1.497 score_basis=layered-calibrated cost=145.1 rel_std=5.409 max_std=1.171e+04mm rank_score=4.644 iteration_adjust=-0.2544 coverage_adjust=-0.1532 history_rank_score=4.359
Wrote to console: The best try so far.
Wrote to console: Patience reset.
Wrote to console: Replaying next sweep to try and beat it.
Wrote to console: Still has patience for 3 more attempts.
; replayed sweep 3/3 -> /home/torbjorn/repos/hp-sim5/autocal/data/.regress_parallel_runs/flexible_lines_2000_3f3ae8f3/flexible_lines_2000.replay_tmp.json sweeps=6
Wrote to console: Collected sweep nr 6

; === full-auto iteration 4/20 dataset=/home/torbjorn/repos/hp-sim5/autocal/data/.regress_parallel_runs/flexible_lines_2000_3f3ae8f3/flexible_lines_2000.replay_tmp.json ===
Wrote to console: 
Wrote to console: ; === full-auto iteration 4/20 dataset=/home/torbjorn/repos/hp-sim5/autocal/data/.regress_parallel_runs/flexible_lines_2000_3f3ae8f3/flexible_lines_2000.replay_tmp.json ===
; full-auto run default: flags=''
[robust] pointwise sigma_source: mode=auto point=120 origin=0 min=0 mixed=0 total=120
[robust] pointwise: enabled=False stage=0 (wide-huber) hard_cut=False huber_mult=10
[robust] pointwise scale: source=global global=n/a floor=0.000125 floor_mm=0.708
[robust] pointwise sigma_floor_mm: origin=0.00220713 mult=3 scaled=0.00662138 min=0.05 model=0.708141 used=0.708141 floor=0.708141 floor_deg=0.01 source=model
[robust] pointwise sigma_components_mm: encoder=0.00221 friction_cogging=0.159 flex=0.17 floor=0.05 non_layered=0.238 layer_changes=0.298 mode_add=0.597 total=0.708 model=0.708 used=0.708 layered=true mode=global/off mode_factor=2 line_width=1 base_radius=30 used_override=n/a
[robust] pointwise sigma_source: mode=auto point=120 origin=0 min=0 mixed=0 total=120
[robust] pointwise: enabled=False stage=0 (wide-huber) hard_cut=False huber_mult=10
[robust] pointwise scale: source=global global=n/a floor=0.000125 floor_mm=0.708
[robust] pointwise sigma_floor_mm: origin=0.00220713 mult=3 scaled=0.00662138 min=0.05 model=0.708141 used=0.708141 floor=0.708141 floor_deg=0.01 source=model
[robust] pointwise sigma_components_mm: encoder=0.00221 friction_cogging=0.159 flex=0.17 floor=0.05 non_layered=0.238 layer_changes=0.298 mode_add=0.597 total=0.708 model=0.708 used=0.708 layered=true mode=global/off mode_factor=2 line_width=1 base_radius=30 used_override=n/a
[robust] pointwise sigma_source: mode=auto point=120 origin=0 min=0 mixed=0 total=120
[robust] pointwise: enabled=False stage=0 (wide-huber) hard_cut=False huber_mult=10
[robust] pointwise scale: source=global global=n/a floor=0.000125 floor_mm=0.708
[robust] pointwise sigma_floor_mm: origin=0.00220713 mult=3 scaled=0.00662138 min=0.05 model=0.708141 used=0.708141 floor=0.708141 floor_deg=0.01 source=model
[robust] pointwise sigma_components_mm: encoder=0.00221 friction_cogging=0.159 flex=0.17 floor=0.05 non_layered=0.238 layer_changes=0.298 mode_add=0.597 total=0.708 model=0.708 used=0.708 layered=true mode=global/off mode_factor=2 line_width=1 base_radius=30 used_override=n/a
[gnc] stage 1/3: wide-huber maxiter=400
[gnc] stage 2/3: tight-huber maxiter=240
[gnc] stage 3/3: trim maxiter=160
[robust] pointwise sigma_source: mode=auto point=120 origin=0 min=0 mixed=0 total=120
[robust] pointwise: enabled=False stage=1 (tight-huber) hard_cut=False huber_mult=3
[robust] pointwise scale: source=global global=n/a floor=0.000125 floor_mm=0.708
[robust] pointwise sigma_floor_mm: origin=0.00220713 mult=3 scaled=0.00662138 min=0.05 model=0.708141 used=0.708141 floor=0.708141 floor_deg=0.01 source=model
[robust] pointwise sigma_components_mm: encoder=0.00221 friction_cogging=0.159 flex=0.17 floor=0.05 non_layered=0.238 layer_changes=0.298 mode_add=0.597 total=0.708 model=0.708 used=0.708 layered=true mode=global/off mode_factor=2 line_width=1 base_radius=30 used_override=n/a
; full-auto run default: cost_raw=0.3008 cost_noise_normalized=142.3 J=142.3 chi2_red=148.5 raw_fit_score_ui=7.929 score_basis=layered-calibrated rank_coverage_adjust=-0.2079 effective_obs=120 filtered_ratio=0
; Active ellipse calibration
; Anchors: [[0.00, -1910.54], [1652.30, 954.10], [-1651.72, 953.72]]
; cost=0.3008 cost_noise_normalized=142.3 origin_norms=[1910.545, 1907.987, 1907.295] pairwise=[d01=3307.009, d02=3306.389, d12=3304.025]
; line_model: planning=L_base_mm estimation=L_model_mm find_radii=global find_buildup_factor=off k=0.6366 base=[30,30,30] effective=[39.11,39.11,39.11]
; line_model_params (M666): M666 R39.11:39.11:39.11 Q0.636619
; line_model_prefit: enabled=True success=False guarded=True seed=seed_9 start=3.456 fit=3.456 start_data=3.456 start_prior=0 start_total=3.456 fit_data=3.456 fit_prior=0 fit_total=3.456 valid_sweeps=6 invalid_sweeps=0
; line_model_fit: mode=radii=global,buildup=off outer_iters=3 inner_iters=30 best_cost=279.4 last_start=279.4 last_fit=246.8 last_cal=279.4 last_data=279.4 last_prior=0 last_total=279.4 nfev=58 nit=11
; line_model_filter_schedule: passes=4 schedule=[warmup,warmup,warmup,dynamic] objectives=[1,1,1,1] last_raw_fit_score_ui=5.932e+08 last_rank_score=8.594 last_cost=142.3
; noise_cost: J=142.3 chi2_red=148.5 |z|_med=9.02 |z|_p95=21.35 outlier_ratio=0.8167 N=120 mode=sigma lengths=mu J_trim=142.3 chi2_red_trim=148.5 N_trim=120
; noise_rescore: tau_MAD=0.4036mm cost_noise_normalized_old=142.3 cost_noise_normalized_new=107.4 chi2_red_old=148.5 chi2_red_new=112.1 residual_vs_distance_slope_inliers=0.01722 slope(|r|,d)=-0.002036 slope(r^2,d)=-0.004854 inlier_cutoff_mm=1.508mm n_inlier_rows_used_for_tau=120 tau_d_tau0=2.82mm tau_d_tau1=0 cost_noise_normalized_tau_d=8.443 chi2_red_tau_d=8.81 cost_noise_normalized_tau_d_trimmed_direct=8.443 chi2_red_tau_d_trimmed_direct=8.81 chi2_red_tau_3bin_debiased_trimmed_direct=78.06 trimmed_coherence_ratio_tau_d_over_tau_3bin_debiased=0.1129
; noise_bias_diagnostic: bias_vs_distance_intercept=-22.42mm bias_vs_distance_slope_inliers=0.01335 cost_after_bias_diagnostic=105.2 chi2_red_after_bias_diagnostic=109.8
; noise_rescore_bins: near_MAD=0.343mm mid_MAD=0.3618mm far_MAD=0.1174mm N=[40,40,40]
; noise_rescore_bins_debiased: near_MAD=0.3019mm mid_MAD=0.3387mm far_MAD=0.2546mm
; noise_rescore_tau_3bin_debiased: tau_near=0.4477mm tau_mid=0.5022mm tau_far=0.3775mm cost_noise_normalized_tau_3bin_debiased=74.81 chi2_red_tau_3bin_debiased=78.06 chi2_red_tau_3bin_debiased_trimmed_direct=78.06
; sweep_residual: id=sweep_006 median=0.281mm MAD=0.3438mm p95_abs=0.9978mm mean|z|=11.27 clipped=0/20
; sweep_residual: id=sweep_005 median=0.2499mm MAD=0.2469mm p95_abs=0.9875mm mean|z|=10.61 clipped=0/20
; sweep_residual: id=sweep_004 median=0.1767mm MAD=0.2807mm p95_abs=1.023mm mean|z|=9.822 clipped=0/20
; sweep_residual: id=sweep_001 median=0.06941mm MAD=0.3931mm p95_abs=1.035mm mean|z|=10.57 clipped=0/20
; sweep_residual: id=sweep_003 median=0.06233mm MAD=0.2608mm p95_abs=1.118mm mean|z|=9.079 clipped=0/20
; sweep_residual: +1 more sweeps
; noise_demean_by_sweep: cost_noise_normalized_demeaned=143.2 chi2_red_demeaned=149.4 tail_ratio=2.692 normalized_sweep_bias=0.5204 tail_factor_median=3.762 sweep_bias_span=0.2439mm n_obs=120
; rank_coverage: effective_obs=120 total_obs=120 filtered_ratio=0 obs_bonus=0.2079 filtered_penalty=0 rank_adjust=-0.2079
; noise_norm_floor: min_sigma=0.05mm model_sigma=0.7081mm used_sigma=0.7081mm floor_deg=0.01deg source=auto
; noise_sigma_mm: encoder=0.002207mm friction_cogging=0.1591mm flex=0.1695mm floor=0.05mm non_layered=0.2378mm layer_changes=0.2983mm mode_add=0.5966mm total=0.7081mm model=0.7081mm used=0.7081mm layered=true mode=global/off mode_factor=2 line_width=1mm base_radius=30mm used_override=n/a
; info rank: 5/6 std(p0=942mm, p3=889mm, p5=889mm, p4=771mm, p2=771mm, p1=705mm)
; covariance_scaled: chi2_red=148.5 std_scaled(p0=1.15e+04mm, p3=1.08e+04mm, p5=1.08e+04mm, p4=9.4e+03mm, p2=9.4e+03mm, p1=8.59e+03mm)
; CI95: max_std=1.148e+04mm max_ci=2.25e+04mm workspace=2165 rel_std=5.304 rel_ci=10.4 scale=chi2_red=148.5
; encoder_noise: points=120/120 median_sigma=0deg floor=0.01deg min_samples=10
; encoder_noise_flags: low_samples=0 sigma_below_floor=120 sigma_nonfinite=0
; next_sweep score=0.278426 fixed=[0] targets=[688.7518154978504] pair=[1,2]
; top_candidates:
;   0.278426 fixed=[0] targets=[688.7518154978504] pair=[1,2]
;   0.278407 fixed=[1] targets=[688.7518154978504] pair=[0,2]
;   0.278401 fixed=[2] targets=[688.7518154978504] pair=[0,1]
;   0.275467 fixed=[0] targets=[650.48782574797] pair=[1,2]
;   0.275448 fixed=[1] targets=[650.48782574797] pair=[0,2]
; collect_command:
;   node autocal/control/cli/collect_sweep_data.mjs --machineType slideprinter --sweep-config-file /home/torbjorn/repos/hp-sim5/autocal/data/.regress_parallel_runs/flexible_lines_2000_3f3ae8f3/flexible_lines_2000.replay_tmp.active_sweep_cfg.default.txt --fixed-targets 688.7518154978504 --output-file /home/torbjorn/repos/hp-sim5/autocal/data/.regress_parallel_runs/flexible_lines_2000_3f3ae8f3/flexible_lines_2000.replay_tmp.new_004.json --no-spawn-rrf-simulator --force-base-radii 30 --force-buildup-factor 0.636619 --force-low 0.01590900602367999 --force-mid 0.3181801204735998 --force-max 1.7112490511359328 --no-auto-tune-force --return-to-origin
; reusing force tuning: low=0.01591N mid=0.3182N max=1.711N
; selected run=default fit_score_ui=11.06 raw_fit_score_ui=7.929 score_basis=layered-calibrated cost=142.3 rel_std=5.304 max_std=1.148e+04mm rank_score=4.975 iteration_adjust=-0.2638 coverage_adjust=-0.2079 history_rank_score=4.669
Wrote to console: The 2nd best try so far.
Wrote to console: ; full-auto replay: no more sweeps to replay; switching to live collection.
; full-auto replay: no more sweeps to replay; switching to live collection.
; --no-collect set; stopping before live collection.
Wrote to console: ; --no-collect set; stopping before live collection.
; history_select: reason=no-collect candidates=4 total_iterations=4
; history_select: iter=3 run=default rank=4.644 iteration_adjust=-0.2544 coverage_adjust=-0.1532 selection_score=4.359
; history_select: iter=4 run=default rank=4.975 iteration_adjust=-0.2638 coverage_adjust=-0.2079 selection_score=4.669
; history_select: iter=2 run=default rank=5.02 iteration_adjust=-0.1919 coverage_adjust=-0.0863 selection_score=4.811
; history_select: iter=1 run=default rank=4.926 iteration_adjust=0 coverage_adjust=0.008333 selection_score=4.928
Wrote to console: 
Wrote to console: == Calibration summary ==
Wrote to console: Found parameters of good quality
Wrote to console: Fit quality score (lower is better): 4.653
Wrote to console: Anchors (M669): M669 A0.00:-1909.92:0.00 B1651.54:954.16:0.00 C-1648.93:951.86:0.00
Wrote to console: Spools (M666): M666 R39.07:39.07:39.07 Q0.636619
Wrote to console: Interpretation: A Quality score between 2 and 5 is a useful fit.
Wrote to console: ; --sim + --no-collect set; skipping M669 send.
