; command: /home/torbjorn/repos/hp-sim5/autocal/active_calibrate.py --sim --machine-type slideprinter --full-auto --dataset /home/torbjorn/repos/hp-sim5/autocal/data/.regress_parallel_runs/ten_points_w_buildup_69ca1e69/ten_points_w_buildup.json --find-radii global --base-radii 30.0 --buildup-factor 0.636619 --no-collect --optimizer-mode legacy --full-auto-log /home/torbjorn/repos/hp-sim5/autocal/data/.regress_parallel_runs/ten_points_w_buildup_69ca1e69/ten_points_w_buildup.full_auto_log.jsonl
Wrote to console: Writing additional info to log: /home/torbjorn/repos/hp-sim5/autocal/data/.regress_parallel_runs/ten_points_w_buildup_69ca1e69/ten_points_w_buildup.full_auto.log
; auto-enabling --hp-sim-reset for spool search in simulation
; full-auto replay: starting from 3 sweeps, replaying 4 additional sweeps
; full-auto replay: using /home/torbjorn/repos/hp-sim5/autocal/data/.regress_parallel_runs/ten_points_w_buildup_69ca1e69/ten_points_w_buildup.replay_tmp.json (original /home/torbjorn/repos/hp-sim5/autocal/data/.regress_parallel_runs/ten_points_w_buildup_69ca1e69/ten_points_w_buildup.json left untouched)
; full-auto log: /home/torbjorn/repos/hp-sim5/autocal/data/.regress_parallel_runs/ten_points_w_buildup_69ca1e69/ten_points_w_buildup.full_auto_log.jsonl
Wrote to console: ; full-auto stop: press Ctrl-C to accept best-so-far, or create /home/torbjorn/repos/hp-sim5/autocal/data/.regress_parallel_runs/ten_points_w_buildup_69ca1e69/ten_points_w_buildup.full_auto.stop to request stop (cross-platform)

; === full-auto iteration 1/20 dataset=/home/torbjorn/repos/hp-sim5/autocal/data/.regress_parallel_runs/ten_points_w_buildup_69ca1e69/ten_points_w_buildup.replay_tmp.json ===
Wrote to console: 
Wrote to console: ; === full-auto iteration 1/20 dataset=/home/torbjorn/repos/hp-sim5/autocal/data/.regress_parallel_runs/ten_points_w_buildup_69ca1e69/ten_points_w_buildup.replay_tmp.json ===
; full-auto run default: flags=''
[gnc] stage 1/3: wide-huber maxiter=400
[gnc] stage 2/3: tight-huber maxiter=240
[gnc] stage 3/3: trim maxiter=160
[robust] pointwise sigma_source: mode=auto point=60 origin=0 min=0 mixed=0 total=60
[robust] pointwise: enabled=True stage=2 (trim) hard_cut=True huber_mult=3
[robust] pointwise scale: source=global global=15 floor=0.00013 floor_mm=0.738
[robust] pointwise sigma_floor_mm: origin=0.00392761 mult=3 scaled=0.0117828 min=0.05 model=0.738149 used=0.738149 floor=0.738149 floor_deg=0.01 source=model
[robust] pointwise sigma_components_mm: encoder=0.00393 friction_cogging=0.134 flex=0.282 floor=0.05 non_layered=0.316 layer_changes=0.298 mode_add=0.597 total=0.738 model=0.738 used=0.738 layered=true mode=global/off mode_factor=2 line_width=1 base_radius=30 used_override=n/a
[robust] pointwise inlier_ratio: min=1 med=1 max=1
[robust] pointwise worst: sweep_001 20/20 (1), sweep_002 20/20 (1), sweep_003 20/20 (1)
[robust] sweep-wise: enabled=True status=few-samples (3 < 5) metric=outlier_ratio threshold=0.000391 rejected=0
[robust] sweep-wise worst: sweep_003 m=0 keep, sweep_002 m=0 keep, sweep_001 m=0 keep
; full-auto run default: cost_raw=0.2433 cost_noise_normalized=131.8 J=135.8 chi2_red=150.8 score_ui=0.8407 score_basis=layered-calibrated
; Active ellipse calibration
; Anchors: [[-9.703473642460649e-14, -1902.6067366674874], [1646.8931105480435, 951.3506635499783], [-1646.2928338392107, 950.4513558926718]]
; cost=0.2433 cost_noise_normalized=131.8 origin_norms=[1902.607, 1901.927, 1900.957] pairwise=[d01=3295.046, d02=3293.967, d12=3293.186]
; line_model: planning=L_base_mm estimation=L_model_mm find_radii=global find_buildup_factor=off k=0.6366 base=[30,30,30] effective=[39.15,39.15,39.15]
; line_model_params (M666): M666 R39.15:39.15:39.15 Q0.636619
; line_model_prefit: enabled=True success=True guarded=False seed=seed_5 start=45.27 fit=6.975 start_data=45.27 start_prior=0 start_total=45.27 fit_data=6.975 fit_prior=7.177 fit_total=6.975 valid_sweeps=3 invalid_sweeps=0
; line_model_fit: mode=radii=global,buildup=off outer_iters=3 inner_iters=30 best_cost=118.7 last_start=5.204e+04 last_fit=145.5 last_cal=2627 last_data=2627 last_prior=22.76 last_total=2650 nfev=33 nit=16
; noise_cost: J=135.8 chi2_red=150.8 |z|_med=10.07 |z|_p95=19.37 outlier_ratio=0.8667 N=60 mode=sigma lengths=mu J_trim=135.8 chi2_red_trim=150.8 N_trim=60
; noise_rescore: tau_MAD=0.6264mm cost_noise_normalized_old=131.8 cost_noise_normalized_new=76.63 chi2_red_old=150.8 chi2_red_new=87.69 residual_vs_distance_slope_inliers=0.01656 slope(|r|,d)=-0.01144 slope(r^2,d)=-0.01135 inlier_cutoff_mm=1.919mm n_inlier_rows_used_for_tau=60 tau_d_tau0=4.964mm tau_d_tau1=0 cost_noise_normalized_tau_d=2.852 chi2_red_tau_d=3.263 cost_noise_normalized_tau_d_trimmed_direct=2.937 chi2_red_tau_d_trimmed_direct=3.263 chi2_red_tau_3bin_debiased_trimmed_direct=90.13 trimmed_coherence_ratio_tau_d_over_tau_3bin_debiased=0.03621
; noise_bias_diagnostic: bias_vs_distance_intercept=-41.99mm bias_vs_distance_slope_inliers=0.02535 cost_after_bias_diagnostic=123.4 chi2_red_after_bias_diagnostic=137.1
; noise_rescore_bins: near_MAD=0.4482mm mid_MAD=0.3048mm far_MAD=0.1238mm N=[20,20,20]
; noise_rescore_bins_debiased: near_MAD=0.4654mm mid_MAD=0.2905mm far_MAD=0.1055mm
; noise_rescore_tau_3bin_debiased: tau_near=0.69mm tau_mid=0.4307mm tau_far=0.1564mm cost_noise_normalized_tau_3bin_debiased=81.11 chi2_red_tau_3bin_debiased=90.13 chi2_red_tau_3bin_debiased_trimmed_direct=90.13
; sweep_residual: id=sweep_001 median=0.05576mm MAD=0.3492mm p95_abs=0.7816mm mean|z|=10.15 clipped=0/20
; sweep_residual: id=sweep_003 median=0.03081mm MAD=0.3942mm p95_abs=0.7566mm mean|z|=9.806 clipped=0/20
; sweep_residual: id=sweep_002 median=0.02284mm MAD=0.4598mm p95_abs=0.8868mm mean|z|=10.67 clipped=0/20
; noise_demean_by_sweep: cost_noise_normalized_demeaned=134.9 chi2_red_demeaned=149.9 tail_ratio=1.337 sweep_bias_span=0.03293mm n_obs=60
; noise_norm_floor: min_sigma=0.05mm model_sigma=0.7381mm used_sigma=0.7381mm floor_deg=0.01deg source=auto
; noise_sigma_mm: encoder=0.003928mm friction_cogging=0.1343mm flex=0.2818mm floor=0.05mm non_layered=0.3162mm layer_changes=0.2983mm mode_add=0.5966mm total=0.7381mm model=0.7381mm used=0.7381mm layered=true mode=global/off mode_factor=2 line_width=1mm base_radius=30mm used_override=n/a
; info rank: 5/6 std(p0=962mm, p5=923mm, p3=923mm, p4=837mm, p2=837mm, p1=791mm)
; covariance_scaled: chi2_red=150.8 std_scaled(p0=1.18e+04mm, p5=1.13e+04mm, p3=1.13e+04mm, p4=1.03e+04mm, p2=1.03e+04mm, p1=9.71e+03mm)
; CI95: max_std=1.182e+04mm max_ci=2.317e+04mm workspace=2948 rel_std=4.01 rel_ci=7.86 scale=chi2_red=150.8
; encoder_noise: points=60/60 median_sigma=0deg floor=0.01deg min_samples=10
; encoder_noise_flags: low_samples=0 sigma_below_floor=60 sigma_nonfinite=0
; next_sweep score=0.391428 fixed=[0] targets=[990.0696686925705] pair=[1,2]
; top_candidates:
;   0.391428 fixed=[0] targets=[990.0696686925705] pair=[1,2]
;   0.391415 fixed=[1] targets=[990.0696686925705] pair=[0,2]
;   0.391396 fixed=[2] targets=[990.0696686925705] pair=[0,1]
;   0.386541 fixed=[0] targets=[937.9607387613826] pair=[1,2]
;   0.386529 fixed=[1] targets=[937.9607387613826] pair=[0,2]
; collect_command:
;   node autocal/control/cli/collect_sweep_data.mjs --machineType slideprinter --sweep-config-file /home/torbjorn/repos/hp-sim5/autocal/data/.regress_parallel_runs/ten_points_w_buildup_69ca1e69/ten_points_w_buildup.replay_tmp.active_sweep_cfg.default.txt --fixed-targets 990.0696686925705 --output-file /home/torbjorn/repos/hp-sim5/autocal/data/.regress_parallel_runs/ten_points_w_buildup_69ca1e69/ten_points_w_buildup.replay_tmp.new_001.json --no-spawn-rrf-simulator --preserve-buildup-factor --force-low 0.01342968040959999 --force-mid 0.2685936081919998 --force-max 2.831339339152179 --no-auto-tune-force --return-to-origin
; reusing force tuning: low=0.01343N mid=0.2686N max=2.831N
; selected run=default score_ui=0.8407 score_basis=layered-calibrated cost=131.8 rel_std=4.01 max_std=1.182e+04mm
Wrote to console: Score: 0.8407 (lower is better)
; replayed sweep 1/4 -> /home/torbjorn/repos/hp-sim5/autocal/data/.regress_parallel_runs/ten_points_w_buildup_69ca1e69/ten_points_w_buildup.replay_tmp.json sweeps=4
Wrote to console: Collected sweep nr 4

; === full-auto iteration 2/20 dataset=/home/torbjorn/repos/hp-sim5/autocal/data/.regress_parallel_runs/ten_points_w_buildup_69ca1e69/ten_points_w_buildup.replay_tmp.json ===
Wrote to console: 
Wrote to console: ; === full-auto iteration 2/20 dataset=/home/torbjorn/repos/hp-sim5/autocal/data/.regress_parallel_runs/ten_points_w_buildup_69ca1e69/ten_points_w_buildup.replay_tmp.json ===
; full-auto run default: flags=''
[gnc] stage 1/3: wide-huber maxiter=400
[gnc] stage 2/3: tight-huber maxiter=240
[gnc] stage 3/3: trim maxiter=160
[robust] pointwise sigma_source: mode=auto point=80 origin=0 min=0 mixed=0 total=80
[robust] pointwise: enabled=True stage=2 (trim) hard_cut=True huber_mult=3
[robust] pointwise scale: source=global global=110 floor=0.00013 floor_mm=0.738
[robust] pointwise sigma_floor_mm: origin=0.00392761 mult=3 scaled=0.0117828 min=0.05 model=0.738149 used=0.738149 floor=0.738149 floor_deg=0.01 source=model
[robust] pointwise sigma_components_mm: encoder=0.00393 friction_cogging=0.134 flex=0.282 floor=0.05 non_layered=0.316 layer_changes=0.298 mode_add=0.597 total=0.738 model=0.738 used=0.738 layered=true mode=global/off mode_factor=2 line_width=1 base_radius=30 used_override=n/a
[robust] pointwise inlier_ratio: min=0.95 med=0.975 max=1
[robust] pointwise worst: sweep_001 19/20 (0.95), sweep_003 19/20 (0.95), sweep_002 20/20 (1), sweep_004 20/20 (1)
[robust] sweep-wise: enabled=True status=few-samples (4 < 5) metric=outlier_ratio threshold=0.136 rejected=0
[robust] sweep-wise worst: sweep_003 m=0.05 keep, sweep_001 m=0.05 keep, sweep_004 m=0 keep, sweep_002 m=0 keep
; full-auto run default: cost_raw=18.97 cost_noise_normalized=1.575e+04 J=2.033e+04 chi2_red=2.198e+04 score_ui=2.721e+07 score_basis=layered-calibrated
; Active ellipse calibration
; Anchors: [[1.440356746486056e-13, -1723.6764812979384], [1551.743097988407, 896.4556938081749], [-1535.5071592574852, 880.546362799584]]
; cost=18.97 cost_noise_normalized=1.575e+04 origin_norms=[1723.676, 1792.077, 1770.069] pairwise=[d01=3045.160, d02=3023.203, d12=3087.291]
; line_model: planning=L_base_mm estimation=L_model_mm find_radii=global find_buildup_factor=off k=0.6366 base=[30,30,30] effective=[35.44,35.44,35.44]
; line_model_params (M666): M666 R35.44:35.44:35.44 Q0.636619
; line_model_prefit: enabled=True success=True guarded=False seed=seed_5 start=66.72 fit=9.127 start_data=66.72 start_prior=0 start_total=66.72 fit_data=9.127 fit_prior=7.021 fit_total=9.127 valid_sweeps=4 invalid_sweeps=0
; line_model_fit: mode=radii=global,buildup=off outer_iters=3 inner_iters=30 best_cost=653 last_start=675.7 last_fit=673.7 last_cal=666.5 last_data=666.5 last_prior=7.203 last_total=673.7 nfev=27 nit=13
; noise_cost: J=2.033e+04 chi2_red=2.198e+04 |z|_med=88.05 |z|_p95=318.7 outlier_ratio=0.975 N=80 mode=sigma lengths=mu J_trim=1.736e+04 chi2_red_trim=1.881e+04 N_trim=78
; noise_rescore: tau_MAD=5.211mm cost_noise_normalized_old=1.575e+04 cost_noise_normalized_new=309.7 chi2_red_old=2.198e+04 chi2_red_new=432.4 residual_vs_distance_slope_inliers=0.02969 slope(|r|,d)=0.05151 slope(r^2,d)=0.4824 inlier_cutoff_mm=14.38mm n_inlier_rows_used_for_tau=78 tau_d_tau0=0mm tau_d_tau1=0.01944 cost_noise_normalized_tau_d=9.64 chi2_red_tau_d=13.46 cost_noise_normalized_tau_d_trimmed_direct=10.63 chi2_red_tau_d_trimmed_direct=11.52 chi2_red_tau_3bin_debiased_trimmed_direct=321.7 trimmed_coherence_ratio_tau_d_over_tau_3bin_debiased=0.03579
; noise_bias_diagnostic: bias_vs_distance_intercept=-51.95mm bias_vs_distance_slope_inliers=0.03382 cost_after_bias_diagnostic=1.75e+04 chi2_red_after_bias_diagnostic=1.895e+04
; noise_rescore_bins: near_MAD=1.757mm mid_MAD=3.908mm far_MAD=4.714mm N=[26,26,26]
; noise_rescore_bins_debiased: near_MAD=1.788mm mid_MAD=4.083mm far_MAD=5.111mm
; noise_rescore_tau_3bin_debiased: tau_near=2.651mm tau_mid=6.054mm tau_far=7.578mm cost_noise_normalized_tau_3bin_debiased=297 chi2_red_tau_3bin_debiased=321.7 chi2_red_tau_3bin_debiased_trimmed_direct=321.7
; sweep_residual: id=sweep_001 median=-2.861mm MAD=4.278mm p95_abs=7.672mm mean|z|=119.4 clipped=1/20
; sweep_residual: id=sweep_003 median=-1.232mm MAD=3.371mm p95_abs=6.365mm mean|z|=98.81 clipped=1/20
; sweep_residual: id=sweep_002 median=-1.183mm MAD=3.568mm p95_abs=6.382mm mean|z|=106.8 clipped=0/20
; sweep_residual: id=sweep_004 median=-0.3933mm MAD=3.453mm p95_abs=6.547mm mean|z|=99.84 clipped=0/20
; noise_demean_by_sweep: cost_noise_normalized_demeaned=1.959e+04 chi2_red_demeaned=2.122e+04 tail_ratio=1.548 sweep_bias_span=2.467mm n_obs=78
; noise_norm_floor: min_sigma=0.05mm model_sigma=0.7381mm used_sigma=0.7381mm floor_deg=0.01deg source=auto
; noise_sigma_mm: encoder=0.003928mm friction_cogging=0.1343mm flex=0.2818mm floor=0.05mm non_layered=0.3162mm layer_changes=0.2983mm mode_add=0.5966mm total=0.7381mm model=0.7381mm used=0.7381mm layered=true mode=global/off mode_factor=2 line_width=1mm base_radius=30mm used_override=n/a
; info rank: 5/6 std(p0=956mm, p5=925mm, p3=903mm, p4=840mm, p1=805mm, p2=786mm)
; covariance_scaled: chi2_red=2.198e+04 std_scaled(p0=1.42e+05mm, p5=1.37e+05mm, p3=1.34e+05mm, p4=1.24e+05mm, p1=1.19e+05mm, p2=1.17e+05mm)
; CI95: max_std=1.417e+05mm max_ci=2.778e+05mm workspace=2948 rel_std=48.08 rel_ci=94.23 scale=chi2_red=2.198e+04
; encoder_noise: points=80/80 median_sigma=0deg floor=0.01deg min_samples=10
; encoder_noise_flags: low_samples=0 sigma_below_floor=80 sigma_nonfinite=0
; next_sweep score=0.346594 fixed=[2] targets=[990.0696686925705] pair=[0,1]
; top_candidates:
;   0.346594 fixed=[2] targets=[990.0696686925705] pair=[0,1]
;   0.346225 fixed=[0] targets=[990.0696686925705] pair=[1,2]
;   0.342535 fixed=[2] targets=[937.9607387613826] pair=[0,1]
;   0.342178 fixed=[0] targets=[937.9607387613826] pair=[1,2]
;   0.338418 fixed=[2] targets=[885.8518088301946] pair=[0,1]
; collect_command:
;   node autocal/control/cli/collect_sweep_data.mjs --machineType slideprinter --sweep-config-file /home/torbjorn/repos/hp-sim5/autocal/data/.regress_parallel_runs/ten_points_w_buildup_69ca1e69/ten_points_w_buildup.replay_tmp.active_sweep_cfg.default.txt --fixed-targets 990.0696686925705 --output-file /home/torbjorn/repos/hp-sim5/autocal/data/.regress_parallel_runs/ten_points_w_buildup_69ca1e69/ten_points_w_buildup.replay_tmp.new_002.json --no-spawn-rrf-simulator --preserve-buildup-factor --force-low 0.01342968040959999 --force-mid 0.2685936081919998 --force-max 2.831339339152179 --no-auto-tune-force --return-to-origin
; reusing force tuning: low=0.01343N mid=0.2686N max=2.831N
; selected run=default score_ui=2.721e+07 score_basis=layered-calibrated cost=1.575e+04 rel_std=48.08 max_std=1.417e+05mm
Wrote to console: Score: 2.721e+07 (lower is better)
; replayed sweep 2/4 -> /home/torbjorn/repos/hp-sim5/autocal/data/.regress_parallel_runs/ten_points_w_buildup_69ca1e69/ten_points_w_buildup.replay_tmp.json sweeps=5
Wrote to console: Collected sweep nr 5

; === full-auto iteration 3/20 dataset=/home/torbjorn/repos/hp-sim5/autocal/data/.regress_parallel_runs/ten_points_w_buildup_69ca1e69/ten_points_w_buildup.replay_tmp.json ===
Wrote to console: 
Wrote to console: ; === full-auto iteration 3/20 dataset=/home/torbjorn/repos/hp-sim5/autocal/data/.regress_parallel_runs/ten_points_w_buildup_69ca1e69/ten_points_w_buildup.replay_tmp.json ===
; full-auto run default: flags=''
[gnc] stage 1/3: wide-huber maxiter=400
[gnc] stage 2/3: tight-huber maxiter=240
[gnc] stage 3/3: trim maxiter=160
[robust] pointwise sigma_source: mode=auto point=100 origin=0 min=0 mixed=0 total=100
[robust] pointwise: enabled=True stage=2 (trim) hard_cut=True huber_mult=3
[robust] pointwise scale: source=global global=84.2 floor=0.00013 floor_mm=0.738
[robust] pointwise sigma_floor_mm: origin=0.00392761 mult=3 scaled=0.0117828 min=0.05 model=0.738149 used=0.738149 floor=0.738149 floor_deg=0.01 source=model
[robust] pointwise sigma_components_mm: encoder=0.00393 friction_cogging=0.134 flex=0.282 floor=0.05 non_layered=0.316 layer_changes=0.298 mode_add=0.597 total=0.738 model=0.738 used=0.738 layered=true mode=global/off mode_factor=2 line_width=1 base_radius=30 used_override=n/a
[robust] pointwise inlier_ratio: min=0.95 med=0.95 max=1
[robust] pointwise worst: sweep_001 19/20 (0.95), sweep_002 19/20 (0.95), sweep_004 19/20 (0.95), sweep_003 20/20 (1), sweep_005 20/20 (1)
[robust] sweep-wise: enabled=True status=ok metric=outlier_ratio threshold=0.2 rejected=0
[robust] sweep-wise worst: sweep_004 m=0.05 keep, sweep_001 m=0.05 keep, sweep_002 m=0.05 keep, sweep_005 m=0 keep, sweep_003 m=0 keep
; full-auto run default: cost_raw=11.14 cost_noise_normalized=8348 J=1.15e+04 chi2_red=1.224e+04 score_ui=2.073e+07 score_basis=layered-calibrated
; Active ellipse calibration
; Anchors: [[2.5746699333133735e-13, -1761.3905899057825], [1556.921201074066, 890.1051332900595], [-1588.182202910283, 918.5614674985898]]
; cost=11.14 cost_noise_normalized=8348 origin_norms=[1761.391, 1793.402, 1834.687] pairwise=[d01=3074.806, d02=3115.199, d12=3145.232]
; line_model: planning=L_base_mm estimation=L_model_mm find_radii=global find_buildup_factor=off k=0.6366 base=[30,30,30] effective=[36.36,36.36,36.36]
; line_model_params (M666): M666 R36.36:36.36:36.36 Q0.636619
; line_model_prefit: enabled=True success=True guarded=False seed=seed_5 start=76.15 fit=11.35 start_data=76.15 start_prior=0 start_total=76.15 fit_data=11.35 fit_prior=6.867 fit_total=11.35 valid_sweeps=5 invalid_sweeps=0
; line_model_fit: mode=radii=global,buildup=off outer_iters=3 inner_iters=30 best_cost=1827 last_start=4353 last_fit=4203 last_cal=4346 last_data=4346 last_prior=7.016 last_total=4353 nfev=29 nit=14
; noise_cost: J=1.15e+04 chi2_red=1.224e+04 |z|_med=68.63 |z|_p95=236.1 outlier_ratio=0.96 N=100 mode=sigma lengths=mu J_trim=9125 chi2_red_trim=9726 N_trim=97
; noise_rescore: tau_MAD=4.069mm cost_noise_normalized_old=8348 cost_noise_normalized_new=266 chi2_red_old=1.224e+04 chi2_red_new=389.9 residual_vs_distance_slope_inliers=0.04146 slope(|r|,d)=0.02992 slope(r^2,d)=0.2007 inlier_cutoff_mm=10.98mm n_inlier_rows_used_for_tau=97 tau_d_tau0=0mm tau_d_tau1=0.009535 cost_noise_normalized_tau_d=20.38 chi2_red_tau_d=29.88 cost_noise_normalized_tau_d_trimmed_direct=22.28 chi2_red_tau_d_trimmed_direct=23.75 chi2_red_tau_3bin_debiased_trimmed_direct=525 trimmed_coherence_ratio_tau_d_over_tau_3bin_debiased=0.04523
; noise_bias_diagnostic: bias_vs_distance_intercept=-66.32mm bias_vs_distance_slope_inliers=0.04238 cost_after_bias_diagnostic=8890 chi2_red_after_bias_diagnostic=9476
; noise_rescore_bins: near_MAD=1.748mm mid_MAD=1.794mm far_MAD=2.804mm N=[33,32,32]
; noise_rescore_bins_debiased: near_MAD=1.749mm mid_MAD=1.809mm far_MAD=2.453mm
; noise_rescore_tau_3bin_debiased: tau_near=2.593mm tau_mid=2.683mm tau_far=3.636mm cost_noise_normalized_tau_3bin_debiased=492.5 chi2_red_tau_3bin_debiased=525 chi2_red_tau_3bin_debiased_trimmed_direct=525
; sweep_residual: id=sweep_001 median=-1.727mm MAD=3.412mm p95_abs=5.442mm mean|z|=86.28 clipped=1/20
; sweep_residual: id=sweep_002 median=-0.9527mm MAD=3.075mm p95_abs=4.733mm mean|z|=77 clipped=1/20
; sweep_residual: id=sweep_003 median=-0.9133mm MAD=2.857mm p95_abs=4.625mm mean|z|=80.19 clipped=0/20
; sweep_residual: id=sweep_004 median=-0.3004mm MAD=2.472mm p95_abs=4.676mm mean|z|=70.44 clipped=1/20
; sweep_residual: id=sweep_005 median=-0.2031mm MAD=2.623mm p95_abs=4.688mm mean|z|=74.39 clipped=0/20
; noise_demean_by_sweep: cost_noise_normalized_demeaned=9915 chi2_red_demeaned=1.057e+04 tail_ratio=1.506 sweep_bias_span=1.524mm n_obs=97
; noise_norm_floor: min_sigma=0.05mm model_sigma=0.7381mm used_sigma=0.7381mm floor_deg=0.01deg source=auto
; noise_sigma_mm: encoder=0.003928mm friction_cogging=0.1343mm flex=0.2818mm floor=0.05mm non_layered=0.3162mm layer_changes=0.2983mm mode_add=0.5966mm total=0.7381mm model=0.7381mm used=0.7381mm layered=true mode=global/off mode_factor=2 line_width=1mm base_radius=30mm used_override=n/a
; info rank: 5/6 std(p0=949mm, p3=898mm, p5=897mm, p1=793mm, p2=776mm, p4=776mm)
; covariance_scaled: chi2_red=1.224e+04 std_scaled(p0=1.05e+05mm, p3=9.93e+04mm, p5=9.93e+04mm, p1=8.77e+04mm, p2=8.59e+04mm, p4=8.58e+04mm)
; CI95: max_std=1.05e+05mm max_ci=2.058e+05mm workspace=2948 rel_std=35.63 rel_ci=69.83 scale=chi2_red=1.224e+04
; encoder_noise: points=100/100 median_sigma=0deg floor=0.01deg min_samples=10
; encoder_noise_flags: low_samples=0 sigma_below_floor=100 sigma_nonfinite=0
; next_sweep score=0.333206 fixed=[0] targets=[990.0696686925705] pair=[1,2]
; top_candidates:
;   0.333206 fixed=[0] targets=[990.0696686925705] pair=[1,2]
;   0.32918 fixed=[0] targets=[937.9607387613826] pair=[1,2]
;   0.3251 fixed=[0] targets=[885.8518088301946] pair=[1,2]
;   0.32097 fixed=[0] targets=[833.7428788990067] pair=[1,2]
;   0.316791 fixed=[0] targets=[781.6339489678189] pair=[1,2]
; collect_command:
;   node autocal/control/cli/collect_sweep_data.mjs --machineType slideprinter --sweep-config-file /home/torbjorn/repos/hp-sim5/autocal/data/.regress_parallel_runs/ten_points_w_buildup_69ca1e69/ten_points_w_buildup.replay_tmp.active_sweep_cfg.default.txt --fixed-targets 990.0696686925705 --output-file /home/torbjorn/repos/hp-sim5/autocal/data/.regress_parallel_runs/ten_points_w_buildup_69ca1e69/ten_points_w_buildup.replay_tmp.new_003.json --no-spawn-rrf-simulator --preserve-buildup-factor --force-low 0.01342968040959999 --force-mid 0.2685936081919998 --force-max 2.831339339152179 --no-auto-tune-force --return-to-origin
; reusing force tuning: low=0.01343N mid=0.2686N max=2.831N
; selected run=default score_ui=2.073e+07 score_basis=layered-calibrated cost=8348 rel_std=35.63 max_std=1.05e+05mm
Wrote to console: Score: 2.073e+07 (lower is better)
; replayed sweep 3/4 -> /home/torbjorn/repos/hp-sim5/autocal/data/.regress_parallel_runs/ten_points_w_buildup_69ca1e69/ten_points_w_buildup.replay_tmp.json sweeps=6
Wrote to console: Collected sweep nr 6

; === full-auto iteration 4/20 dataset=/home/torbjorn/repos/hp-sim5/autocal/data/.regress_parallel_runs/ten_points_w_buildup_69ca1e69/ten_points_w_buildup.replay_tmp.json ===
Wrote to console: 
Wrote to console: ; === full-auto iteration 4/20 dataset=/home/torbjorn/repos/hp-sim5/autocal/data/.regress_parallel_runs/ten_points_w_buildup_69ca1e69/ten_points_w_buildup.replay_tmp.json ===
; full-auto run default: flags=''
[gnc] stage 1/3: wide-huber maxiter=400
[gnc] stage 2/3: tight-huber maxiter=240
[gnc] stage 3/3: trim maxiter=160
[robust] pointwise sigma_source: mode=auto point=120 origin=0 min=0 mixed=0 total=120
[robust] pointwise: enabled=True stage=2 (trim) hard_cut=True huber_mult=3
[robust] pointwise scale: source=global global=109 floor=0.00013 floor_mm=0.738
[robust] pointwise sigma_floor_mm: origin=0.00392761 mult=3 scaled=0.0117828 min=0.05 model=0.738149 used=0.738149 floor=0.738149 floor_deg=0.01 source=model
[robust] pointwise sigma_components_mm: encoder=0.00393 friction_cogging=0.134 flex=0.282 floor=0.05 non_layered=0.316 layer_changes=0.298 mode_add=0.597 total=0.738 model=0.738 used=0.738 layered=true mode=global/off mode_factor=2 line_width=1 base_radius=30 used_override=n/a
[robust] pointwise inlier_ratio: min=1 med=1 max=1
[robust] pointwise worst: sweep_001 20/20 (1), sweep_002 20/20 (1), sweep_003 20/20 (1), sweep_004 20/20 (1), sweep_005 20/20 (1)
[robust] sweep-wise: enabled=True status=ok metric=outlier_ratio threshold=0.000391 rejected=0
[robust] sweep-wise worst: sweep_006 m=0 keep, sweep_005 m=0 keep, sweep_004 m=0 keep, sweep_003 m=0 keep, sweep_002 m=0 keep
; full-auto run default: cost_raw=16.71 cost_noise_normalized=1.577e+04 J=1.752e+04 chi2_red=1.844e+04 score_ui=3.28e+08 score_basis=layered-calibrated
; Active ellipse calibration
; Anchors: [[-1.909065793305104e-13, -1759.6610817712706], [1528.5605296664637, 877.7940358938591], [-1551.1485783900282, 899.6202792331856]]
; cost=16.71 cost_noise_normalized=1.577e+04 origin_norms=[1759.661, 1762.674, 1793.148] pairwise=[d01=3048.388, d02=3078.610, d12=3079.786]
; line_model: planning=L_base_mm estimation=L_model_mm find_radii=global find_buildup_factor=off k=0.6366 base=[30,30,30] effective=[35.71,35.71,35.71]
; line_model_params (M666): M666 R35.71:35.71:35.71 Q0.636619
; line_model_prefit: enabled=True success=True guarded=False seed=seed_5 start=117.5 fit=13.47 start_data=117.5 start_prior=0 start_total=117.5 fit_data=13.47 fit_prior=6.725 fit_total=13.47 valid_sweeps=6 invalid_sweeps=0
; line_model_fit: mode=radii=global,buildup=off outer_iters=3 inner_iters=30 best_cost=751.7 last_start=1379 last_fit=1379 last_cal=1372 last_data=1372 last_prior=6.908 last_total=1379 nfev=21 nit=10
; noise_cost: J=1.752e+04 chi2_red=1.844e+04 |z|_med=88.41 |z|_p95=292.8 outlier_ratio=0.9833 N=120 mode=sigma lengths=mu J_trim=1.752e+04 chi2_red_trim=1.844e+04 N_trim=120
; noise_rescore: tau_MAD=5.174mm cost_noise_normalized_old=1.577e+04 cost_noise_normalized_new=314.4 chi2_red_old=1.844e+04 chi2_red_new=367.7 residual_vs_distance_slope_inliers=0.1948 slope(|r|,d)=0.09249 slope(r^2,d)=0.8744 inlier_cutoff_mm=14.19mm n_inlier_rows_used_for_tau=120 tau_d_tau0=19.89mm tau_d_tau1=0 cost_noise_normalized_tau_d=21.69 chi2_red_tau_d=25.37 cost_noise_normalized_tau_d_trimmed_direct=24.1 chi2_red_tau_d_trimmed_direct=25.37 chi2_red_tau_3bin_debiased_trimmed_direct=590.9 trimmed_coherence_ratio_tau_d_over_tau_3bin_debiased=0.04293
; noise_bias_diagnostic: bias_vs_distance_intercept=-304.2mm bias_vs_distance_slope_inliers=0.1972 cost_after_bias_diagnostic=1.237e+04 chi2_red_after_bias_diagnostic=1.303e+04
; noise_rescore_bins: near_MAD=3.242mm mid_MAD=1.724mm far_MAD=2.89mm N=[40,40,40]
; noise_rescore_bins_debiased: near_MAD=3.305mm mid_MAD=1.78mm far_MAD=2.033mm
; noise_rescore_tau_3bin_debiased: tau_near=4.9mm tau_mid=2.639mm tau_far=3.014mm cost_noise_normalized_tau_3bin_debiased=561.4 chi2_red_tau_3bin_debiased=590.9 chi2_red_tau_3bin_debiased_trimmed_direct=590.9
; sweep_residual: id=sweep_003 median=-1.523mm MAD=3.471mm p95_abs=6.69mm mean|z|=105 clipped=0/20
; sweep_residual: id=sweep_001 median=-1.42mm MAD=3.835mm p95_abs=6.662mm mean|z|=112 clipped=0/20
; sweep_residual: id=sweep_002 median=-1.289mm MAD=3.537mm p95_abs=6.805mm mean|z|=108.1 clipped=0/20
; sweep_residual: id=sweep_006 median=-1.191mm MAD=3.669mm p95_abs=6.808mm mean|z|=108.5 clipped=0/20
; sweep_residual: id=sweep_005 median=-0.6797mm MAD=3.277mm p95_abs=6.893mm mean|z|=97.64 clipped=0/20
; sweep_residual: +1 more sweeps
; noise_demean_by_sweep: cost_noise_normalized_demeaned=1.932e+04 chi2_red_demeaned=2.034e+04 tail_ratio=1.579 sweep_bias_span=1.121mm n_obs=120
; noise_norm_floor: min_sigma=0.05mm model_sigma=0.7381mm used_sigma=0.7381mm floor_deg=0.01deg source=auto
; noise_sigma_mm: encoder=0.003928mm friction_cogging=0.1343mm flex=0.2818mm floor=0.05mm non_layered=0.3162mm layer_changes=0.2983mm mode_add=0.5966mm total=0.7381mm model=0.7381mm used=0.7381mm layered=true mode=global/off mode_factor=2 line_width=1mm base_radius=30mm used_override=n/a
; info rank: 6/6 std(p0=941mm, p3=891mm, p5=891mm, p2=777mm, p4=777mm, p1=716mm)
; covariance_scaled: chi2_red=1.844e+04 std_scaled(p0=1.28e+05mm, p3=1.21e+05mm, p5=1.21e+05mm, p2=1.06e+05mm, p4=1.06e+05mm, p1=9.72e+04mm)
; CI95: max_std=1.278e+05mm max_ci=2.506e+05mm workspace=2948 rel_std=43.37 rel_ci=85.01 scale=chi2_red=1.844e+04
; encoder_noise: points=120/120 median_sigma=0deg floor=0.01deg min_samples=10
; encoder_noise_flags: low_samples=0 sigma_below_floor=120 sigma_nonfinite=0
; next_sweep score=0.272523 fixed=[1] targets=[937.9607387613826] pair=[0,2]
; top_candidates:
;   0.272523 fixed=[1] targets=[937.9607387613826] pair=[0,2]
;   0.272438 fixed=[0] targets=[937.9607387613826] pair=[1,2]
;   0.272293 fixed=[2] targets=[937.9607387613826] pair=[0,1]
;   0.269189 fixed=[1] targets=[885.8518088301946] pair=[0,2]
;   0.269104 fixed=[0] targets=[885.8518088301946] pair=[1,2]
; collect_command:
;   node autocal/control/cli/collect_sweep_data.mjs --machineType slideprinter --sweep-config-file /home/torbjorn/repos/hp-sim5/autocal/data/.regress_parallel_runs/ten_points_w_buildup_69ca1e69/ten_points_w_buildup.replay_tmp.active_sweep_cfg.default.txt --fixed-targets 937.9607387613826 --output-file /home/torbjorn/repos/hp-sim5/autocal/data/.regress_parallel_runs/ten_points_w_buildup_69ca1e69/ten_points_w_buildup.replay_tmp.new_004.json --no-spawn-rrf-simulator --preserve-buildup-factor --force-low 0.01342968040959999 --force-mid 0.2685936081919998 --force-max 2.831339339152179 --no-auto-tune-force --return-to-origin
; reusing force tuning: low=0.01343N mid=0.2686N max=2.831N
; selected run=default score_ui=3.28e+08 score_basis=layered-calibrated cost=1.577e+04 rel_std=43.37 max_std=1.278e+05mm
Wrote to console: Score: 3.28e+08 (lower is better)
Wrote to console: 
Wrote to console: == Calibration summary ==
Wrote to console: Found parameters of ideal quality
Wrote to console: Fit quality score (lower is better): 0.8407
Wrote to console: Parameters (M669): M669 A-0.00:-1902.61:0.00 B1646.89:951.35:0.00 C-1646.29:950.45:0.00
Wrote to console: Line model (M666): M666 R39.15:39.15:39.15 Q0.636619
Wrote to console: Interpretation: A Quality score below 2 indicates a near-perfect fit.
Wrote to console: ; --sim + --no-collect set; skipping M669 send.
