; command: /home/torbjorn/repos/hp-sim5/autocal/active_calibrate.py --sim --machine-type slideprinter --full-auto --dataset /home/torbjorn/repos/hp-sim5/autocal/data/.regress_parallel_runs/ten_points_w_buildup2_a2dc6169/ten_points_w_buildup2.json --find-radii global --base-radii 30.0 --buildup-factor 0.636619 --no-collect --optimizer-mode legacy --full-auto-log /home/torbjorn/repos/hp-sim5/autocal/data/.regress_parallel_runs/ten_points_w_buildup2_a2dc6169/ten_points_w_buildup2.full_auto_log.jsonl
Wrote to console: Writing additional info to log: /home/torbjorn/repos/hp-sim5/autocal/data/.regress_parallel_runs/ten_points_w_buildup2_a2dc6169/ten_points_w_buildup2.full_auto.log
; auto-enabling --hp-sim-reset for spool search in simulation
; full-auto replay: starting from 3 sweeps, replaying 6 additional sweeps
; full-auto replay: using /home/torbjorn/repos/hp-sim5/autocal/data/.regress_parallel_runs/ten_points_w_buildup2_a2dc6169/ten_points_w_buildup2.replay_tmp.json (original /home/torbjorn/repos/hp-sim5/autocal/data/.regress_parallel_runs/ten_points_w_buildup2_a2dc6169/ten_points_w_buildup2.json left untouched)
; full-auto log: /home/torbjorn/repos/hp-sim5/autocal/data/.regress_parallel_runs/ten_points_w_buildup2_a2dc6169/ten_points_w_buildup2.full_auto_log.jsonl
Wrote to console: ; full-auto stop: press Ctrl-C to accept best-so-far, or create /home/torbjorn/repos/hp-sim5/autocal/data/.regress_parallel_runs/ten_points_w_buildup2_a2dc6169/ten_points_w_buildup2.full_auto.stop to request stop (cross-platform)

; === full-auto iteration 1/20 dataset=/home/torbjorn/repos/hp-sim5/autocal/data/.regress_parallel_runs/ten_points_w_buildup2_a2dc6169/ten_points_w_buildup2.replay_tmp.json ===
Wrote to console: 
Wrote to console: ; === full-auto iteration 1/20 dataset=/home/torbjorn/repos/hp-sim5/autocal/data/.regress_parallel_runs/ten_points_w_buildup2_a2dc6169/ten_points_w_buildup2.replay_tmp.json ===
; full-auto run default: flags=''
[gnc] stage 1/3: wide-huber maxiter=400
[gnc] stage 2/3: tight-huber maxiter=240
[gnc] stage 3/3: trim maxiter=160
[robust] pointwise sigma_source: mode=auto point=60 origin=0 min=0 mixed=0 total=60
[robust] pointwise: enabled=True stage=2 (trim) hard_cut=True huber_mult=3
[robust] pointwise scale: source=global global=96.6 floor=0.00013 floor_mm=0.738
[robust] pointwise sigma_floor_mm: origin=0.00308796 mult=3 scaled=0.00926389 min=0.05 model=0.738145 used=0.738145 floor=0.738145 floor_deg=0.01 source=model
[robust] pointwise sigma_components_mm: encoder=0.00309 friction_cogging=0.134 flex=0.282 floor=0.05 non_layered=0.316 layer_changes=0.298 mode_add=0.597 total=0.738 model=0.738 used=0.738 layered=true mode=global/off mode_factor=2 line_width=1 base_radius=30 used_override=n/a
[robust] pointwise inlier_ratio: min=0.85 med=0.9 max=1
[robust] pointwise worst: sweep_002 17/20 (0.85), sweep_001 18/20 (0.9), sweep_003 20/20 (1)
[robust] sweep-wise: enabled=True status=few-samples (3 < 5) metric=outlier_ratio threshold=0.322 rejected=0
[robust] sweep-wise worst: sweep_002 m=0.15 keep, sweep_001 m=0.1 keep, sweep_003 m=0 keep
; full-auto run default: cost_raw=8.178 cost_noise_normalized=8178 J=3.642e+04 chi2_red=4.046e+04 score_ui=2.673e+06 score_basis=layered-calibrated
; Active ellipse calibration
; Anchors: [[2.8680927272946475e-13, -1661.3730888163946], [1405.7362464574487, 751.2958981888543], [-1710.374492651598, 1037.0924157816114]]
; cost=8.178 cost_noise_normalized=8178 origin_norms=[1661.373, 1593.907, 2000.235] pairwise=[d01=2792.323, d02=3194.855, d12=3129.189]
; line_model: planning=L_base_mm estimation=L_model_mm find_radii=global find_buildup_factor=off k=0.6366 base=[30,30,30] effective=[35.17,35.17,35.17]
; line_model_params (M666): M666 R35.17:35.17:35.17 Q0.636619
; line_model_prefit: enabled=True success=True guarded=False seed=seed_5 start=137.5 fit=6.109 start_data=137.5 start_prior=0 start_total=137.5 fit_data=6.109 fit_prior=6.671 fit_total=6.109 valid_sweeps=3 invalid_sweeps=0
; line_model_fit: mode=radii=global,buildup=off outer_iters=3 inner_iters=30 best_cost=109.5 last_start=116.2 last_fit=113.8 last_cal=109.5 last_data=109.5 last_prior=6.671 last_total=116.2 nfev=33 nit=16
; noise_cost: J=3.642e+04 chi2_red=4.046e+04 |z|_med=66.27 |z|_p95=475.7 outlier_ratio=1 N=60 mode=sigma lengths=mu J_trim=8835 chi2_red_trim=9917 N_trim=55
; noise_rescore: tau_MAD=3.699mm cost_noise_normalized_old=8178 cost_noise_normalized_new=313.1 chi2_red_old=4.046e+04 chi2_red_new=1549 residual_vs_distance_slope_inliers=0.001605 slope(|r|,d)=0.003738 slope(r^2,d)=0.03665 inlier_cutoff_mm=12.72mm n_inlier_rows_used_for_tau=55 tau_d_tau0=0mm tau_d_tau1=0.003385 cost_noise_normalized_tau_d=164.1 chi2_red_tau_d=812.1 cost_noise_normalized_tau_d_trimmed_direct=177.3 chi2_red_tau_d_trimmed_direct=199 chi2_red_tau_3bin_debiased_trimmed_direct=433.7 trimmed_coherence_ratio_tau_d_over_tau_3bin_debiased=0.4589
; noise_bias_diagnostic: bias_vs_distance_intercept=1.182mm bias_vs_distance_slope_inliers=-0.0008515 cost_after_bias_diagnostic=9102 chi2_red_after_bias_diagnostic=1.022e+04
; noise_rescore_bins: near_MAD=2.052mm mid_MAD=2.17mm far_MAD=2.924mm N=[19,18,18]
; noise_rescore_bins_debiased: near_MAD=2.052mm mid_MAD=2.171mm far_MAD=2.924mm
; noise_rescore_tau_3bin_debiased: tau_near=3.042mm tau_mid=3.218mm tau_far=4.335mm cost_noise_normalized_tau_3bin_debiased=386.4 chi2_red_tau_3bin_debiased=433.7 chi2_red_tau_3bin_debiased_trimmed_direct=433.7
; sweep_residual: id=sweep_002 median=-1.187mm MAD=2.951mm p95_abs=5.626mm mean|z|=84.33 clipped=3/20
; sweep_residual: id=sweep_003 median=-0.4829mm MAD=2.157mm p95_abs=4.74mm mean|z|=67.41 clipped=0/20
; sweep_residual: id=sweep_001 median=-0.3862mm MAD=2.17mm p95_abs=6.941mm mean|z|=68.78 clipped=2/20
; noise_demean_by_sweep: cost_noise_normalized_demeaned=9862 chi2_red_demeaned=1.107e+04 tail_ratio=1.744 sweep_bias_span=0.8003mm n_obs=55
; noise_norm_floor: min_sigma=0.05mm model_sigma=0.7381mm used_sigma=0.7381mm floor_deg=0.01deg source=auto
; noise_sigma_mm: encoder=0.003088mm friction_cogging=0.1343mm flex=0.2818mm floor=0.05mm non_layered=0.3162mm layer_changes=0.2983mm mode_add=0.5966mm total=0.7381mm model=0.7381mm used=0.7381mm layered=true mode=global/off mode_factor=2 line_width=1mm base_radius=30mm used_override=n/a
; info rank: 6/6 std(p0=960mm, p3=930mm, p5=927mm, p2=855mm, p4=845mm, p1=819mm)
; covariance_scaled: chi2_red=4.046e+04 std_scaled(p0=1.93e+05mm, p3=1.87e+05mm, p5=1.87e+05mm, p2=1.72e+05mm, p4=1.7e+05mm, p1=1.65e+05mm)
; CI95: max_std=1.931e+05mm max_ci=3.785e+05mm workspace=2920 rel_std=66.14 rel_ci=129.6 scale=chi2_red=4.046e+04
; encoder_noise: points=60/60 median_sigma=0deg floor=0.01deg min_samples=10
; encoder_noise_flags: low_samples=0 sigma_below_floor=60 sigma_nonfinite=0
; next_sweep score=0.373434 fixed=[2] targets=[980.7734810060344] pair=[0,1]
; top_candidates:
;   0.373434 fixed=[2] targets=[980.7734810060344] pair=[0,1]
;   0.369213 fixed=[2] targets=[929.1538241109799] pair=[0,1]
;   0.364929 fixed=[2] targets=[877.5341672159257] pair=[0,1]
;   0.363079 fixed=[1] targets=[980.7734810060344] pair=[0,2]
;   0.360585 fixed=[2] targets=[825.9145103208712] pair=[0,1]
; collect_command:
;   node autocal/control/cli/collect_sweep_data.mjs --machineType slideprinter --sweep-config-file /home/torbjorn/repos/hp-sim5/autocal/data/.regress_parallel_runs/ten_points_w_buildup2_a2dc6169/ten_points_w_buildup2.replay_tmp.active_sweep_cfg.default.txt --fixed-targets 980.7734810060344 --output-file /home/torbjorn/repos/hp-sim5/autocal/data/.regress_parallel_runs/ten_points_w_buildup2_a2dc6169/ten_points_w_buildup2.replay_tmp.new_001.json --no-spawn-rrf-simulator --preserve-buildup-factor --force-low 0.01342968040959999 --force-mid 0.2685936081919998 --force-max 2.831339339152179 --no-auto-tune-force --return-to-origin
; reusing force tuning: low=0.01343N mid=0.2686N max=2.831N
; selected run=default score_ui=2.673e+06 score_basis=layered-calibrated cost=8178 rel_std=66.14 max_std=1.931e+05mm
Wrote to console: Score: 2.673e+06 (lower is better)
; replayed sweep 1/6 -> /home/torbjorn/repos/hp-sim5/autocal/data/.regress_parallel_runs/ten_points_w_buildup2_a2dc6169/ten_points_w_buildup2.replay_tmp.json sweeps=4
Wrote to console: Collected sweep nr 4

; === full-auto iteration 2/20 dataset=/home/torbjorn/repos/hp-sim5/autocal/data/.regress_parallel_runs/ten_points_w_buildup2_a2dc6169/ten_points_w_buildup2.replay_tmp.json ===
Wrote to console: 
Wrote to console: ; === full-auto iteration 2/20 dataset=/home/torbjorn/repos/hp-sim5/autocal/data/.regress_parallel_runs/ten_points_w_buildup2_a2dc6169/ten_points_w_buildup2.replay_tmp.json ===
; full-auto run default: flags=''
[gnc] stage 1/3: wide-huber maxiter=400
[gnc] stage 2/3: tight-huber maxiter=240
[gnc] stage 3/3: trim maxiter=160
[robust] pointwise sigma_source: mode=auto point=80 origin=0 min=0 mixed=0 total=80
[robust] pointwise: enabled=True stage=2 (trim) hard_cut=True huber_mult=3
[robust] pointwise scale: source=global global=38.9 floor=0.00013 floor_mm=0.738
[robust] pointwise sigma_floor_mm: origin=0.00308796 mult=3 scaled=0.00926389 min=0.05 model=0.738145 used=0.738145 floor=0.738145 floor_deg=0.01 source=model
[robust] pointwise sigma_components_mm: encoder=0.00309 friction_cogging=0.134 flex=0.282 floor=0.05 non_layered=0.316 layer_changes=0.298 mode_add=0.597 total=0.738 model=0.738 used=0.738 layered=true mode=global/off mode_factor=2 line_width=1 base_radius=30 used_override=n/a
[robust] pointwise inlier_ratio: min=0.65 med=0.825 max=0.95
[robust] pointwise worst: sweep_001 13/20 (0.65), sweep_003 15/20 (0.75), sweep_002 18/20 (0.9), sweep_004 19/20 (0.95)
[robust] sweep-wise: enabled=True status=few-samples (4 < 5) metric=outlier_ratio threshold=0.62 rejected=0
[robust] sweep-wise worst: sweep_001 m=0.35 keep, sweep_003 m=0.25 keep, sweep_002 m=0.1 keep, sweep_004 m=0.05 keep
; full-auto run default: cost_raw=2.587 cost_noise_normalized=1309 J=3.334e+04 chi2_red=3.604e+04 score_ui=1.421e+04 score_basis=layered-calibrated
; Active ellipse calibration
; Anchors: [[-3.259761156311254e-14, -1589.274634772872], [1801.3763317184034, 1069.6831171002912], [-1492.1449519621722, 786.2095250031545]]
; cost=2.587 cost_noise_normalized=1309 origin_norms=[1589.275, 2095.037, 1686.601] pairwise=[d01=3211.699, d02=2805.249, d12=3305.698]
; line_model: planning=L_base_mm estimation=L_model_mm find_radii=global find_buildup_factor=off k=0.6366 base=[30,30,30] effective=[36.05,36.05,36.05]
; line_model_params (M666): M666 R36.05:36.05:36.05 Q0.636619
; line_model_prefit: enabled=True success=True guarded=False seed=seed_5 start=162.6 fit=8.259 start_data=162.6 start_prior=0 start_total=162.6 fit_data=8.259 fit_prior=6.543 fit_total=8.259 valid_sweeps=4 invalid_sweeps=0
; line_model_fit: mode=radii=global,buildup=off outer_iters=3 inner_iters=30 best_cost=2780 last_start=3508 last_fit=3009 last_cal=3501 last_data=3501 last_prior=6.654 last_total=3508 nfev=31 nit=15
; noise_cost: J=3.334e+04 chi2_red=3.604e+04 |z|_med=25.07 |z|_p95=464.3 outlier_ratio=0.95 N=80 mode=sigma lengths=mu J_trim=1349 chi2_red_trim=1486 N_trim=65
; noise_rescore: tau_MAD=1.002mm cost_noise_normalized_old=1309 cost_noise_normalized_new=460.7 chi2_red_old=3.604e+04 chi2_red_new=1.269e+04 residual_vs_distance_slope_inliers=-0.0004249 slope(|r|,d)=0.002017 slope(r^2,d)=0.009198 inlier_cutoff_mm=5.228mm n_inlier_rows_used_for_tau=65 tau_d_tau0=0mm tau_d_tau1=0.00158 cost_noise_normalized_tau_d=112.6 chi2_red_tau_d=3100 cost_noise_normalized_tau_d_trimmed_direct=116 chi2_red_tau_d_trimmed_direct=127.8 chi2_red_tau_3bin_debiased_trimmed_direct=400.2 trimmed_coherence_ratio_tau_d_over_tau_3bin_debiased=0.3194
; noise_bias_diagnostic: bias_vs_distance_intercept=1.753mm bias_vs_distance_slope_inliers=-0.001339 cost_after_bias_diagnostic=1477 chi2_red_after_bias_diagnostic=1628
; noise_rescore_bins: near_MAD=0.694mm mid_MAD=0.5703mm far_MAD=1.128mm N=[22,21,22]
; noise_rescore_bins_debiased: near_MAD=0.6925mm mid_MAD=0.7288mm far_MAD=1.17mm
; noise_rescore_tau_3bin_debiased: tau_near=1.027mm tau_mid=1.081mm tau_far=1.734mm cost_noise_normalized_tau_3bin_debiased=363.3 chi2_red_tau_3bin_debiased=400.2 chi2_red_tau_3bin_debiased_trimmed_direct=400.2
; sweep_residual: id=sweep_004 median=-0.5399mm MAD=0.7704mm p95_abs=2.357mm mean|z|=28 clipped=1/20
; sweep_residual: id=sweep_001 median=-0.518mm MAD=1.726mm p95_abs=3.827mm mean|z|=42.86 clipped=7/20
; sweep_residual: id=sweep_002 median=0.263mm MAD=0.6331mm p95_abs=2.621mm mean|z|=21.38 clipped=2/20
; sweep_residual: id=sweep_003 median=-0.229mm MAD=0.4174mm p95_abs=2.471mm mean|z|=20.65 clipped=5/20
; noise_demean_by_sweep: cost_noise_normalized_demeaned=1434 chi2_red_demeaned=1579 tail_ratio=3.183 sweep_bias_span=0.8029mm n_obs=65
; noise_norm_floor: min_sigma=0.05mm model_sigma=0.7381mm used_sigma=0.7381mm floor_deg=0.01deg source=auto
; noise_sigma_mm: encoder=0.003088mm friction_cogging=0.1343mm flex=0.2818mm floor=0.05mm non_layered=0.3162mm layer_changes=0.2983mm mode_add=0.5966mm total=0.7381mm model=0.7381mm used=0.7381mm layered=true mode=global/off mode_factor=2 line_width=1mm base_radius=30mm used_override=n/a
; info rank: 5/6 std(p0=949mm, p5=926mm, p3=905mm, p4=836mm, p1=814mm, p2=772mm)
; covariance_scaled: chi2_red=3.604e+04 std_scaled(p0=1.8e+05mm, p5=1.76e+05mm, p3=1.72e+05mm, p4=1.59e+05mm, p1=1.55e+05mm, p2=1.47e+05mm)
; CI95: max_std=1.801e+05mm max_ci=3.529e+05mm workspace=2920 rel_std=61.67 rel_ci=120.9 scale=chi2_red=3.604e+04
; encoder_noise: points=80/80 median_sigma=0deg floor=0.01deg min_samples=10
; encoder_noise_flags: low_samples=0 sigma_below_floor=80 sigma_nonfinite=0
; next_sweep score=0.347956 fixed=[0] targets=[980.7734810060344] pair=[1,2]
; top_candidates:
;   0.347956 fixed=[0] targets=[980.7734810060344] pair=[1,2]
;   0.343877 fixed=[0] targets=[929.1538241109799] pair=[1,2]
;   0.343268 fixed=[2] targets=[980.7734810060344] pair=[0,1]
;   0.339746 fixed=[0] targets=[877.5341672159257] pair=[1,2]
;   0.339145 fixed=[2] targets=[929.1538241109799] pair=[0,1]
; collect_command:
;   node autocal/control/cli/collect_sweep_data.mjs --machineType slideprinter --sweep-config-file /home/torbjorn/repos/hp-sim5/autocal/data/.regress_parallel_runs/ten_points_w_buildup2_a2dc6169/ten_points_w_buildup2.replay_tmp.active_sweep_cfg.default.txt --fixed-targets 980.7734810060344 --output-file /home/torbjorn/repos/hp-sim5/autocal/data/.regress_parallel_runs/ten_points_w_buildup2_a2dc6169/ten_points_w_buildup2.replay_tmp.new_002.json --no-spawn-rrf-simulator --preserve-buildup-factor --force-low 0.01342968040959999 --force-mid 0.2685936081919998 --force-max 2.831339339152179 --no-auto-tune-force --return-to-origin
; reusing force tuning: low=0.01343N mid=0.2686N max=2.831N
; selected run=default score_ui=1.421e+04 score_basis=layered-calibrated cost=1309 rel_std=61.67 max_std=1.801e+05mm
Wrote to console: Score: 1.421e+04 (lower is better)
; replayed sweep 2/6 -> /home/torbjorn/repos/hp-sim5/autocal/data/.regress_parallel_runs/ten_points_w_buildup2_a2dc6169/ten_points_w_buildup2.replay_tmp.json sweeps=5
Wrote to console: Collected sweep nr 5

; === full-auto iteration 3/20 dataset=/home/torbjorn/repos/hp-sim5/autocal/data/.regress_parallel_runs/ten_points_w_buildup2_a2dc6169/ten_points_w_buildup2.replay_tmp.json ===
Wrote to console: 
Wrote to console: ; === full-auto iteration 3/20 dataset=/home/torbjorn/repos/hp-sim5/autocal/data/.regress_parallel_runs/ten_points_w_buildup2_a2dc6169/ten_points_w_buildup2.replay_tmp.json ===
; full-auto run default: flags=''
[gnc] stage 1/3: wide-huber maxiter=400
[gnc] stage 2/3: tight-huber maxiter=240
[gnc] stage 3/3: trim maxiter=160
[robust] pointwise sigma_source: mode=auto point=100 origin=0 min=0 mixed=0 total=100
[robust] pointwise: enabled=True stage=2 (trim) hard_cut=True huber_mult=3
[robust] pointwise scale: source=global global=47.5 floor=0.00013 floor_mm=0.738
[robust] pointwise sigma_floor_mm: origin=0.00308796 mult=3 scaled=0.00926389 min=0.05 model=0.738145 used=0.738145 floor=0.738145 floor_deg=0.01 source=model
[robust] pointwise sigma_components_mm: encoder=0.00309 friction_cogging=0.134 flex=0.282 floor=0.05 non_layered=0.316 layer_changes=0.298 mode_add=0.597 total=0.738 model=0.738 used=0.738 layered=true mode=global/off mode_factor=2 line_width=1 base_radius=30 used_override=n/a
[robust] pointwise inlier_ratio: min=0.7 med=0.8 max=0.85
[robust] pointwise worst: sweep_001 14/20 (0.7), sweep_004 15/20 (0.75), sweep_002 16/20 (0.8), sweep_003 17/20 (0.85), sweep_005 17/20 (0.85)
[robust] sweep-wise: enabled=True status=ok metric=outlier_ratio threshold=0.422 rejected=0
[robust] sweep-wise worst: sweep_001 m=0.3 keep, sweep_004 m=0.25 keep, sweep_002 m=0.2 keep, sweep_005 m=0.15 keep, sweep_003 m=0.15 keep
; full-auto run default: cost_raw=3.786 cost_noise_normalized=1964 J=3.79e+04 chi2_red=4.032e+04 score_ui=3.84e+05 score_basis=layered-calibrated
; Active ellipse calibration
; Anchors: [[-1.8974107160437994e-13, -1538.0726324246261], [1514.0423168088857, 807.9842478701813], [-1729.6888755647806, 1005.9950237258898]]
; cost=3.786 cost_noise_normalized=1964 origin_norms=[1538.073, 1716.148, 2000.962] pairwise=[d01=2792.187, d02=3076.378, d12=3249.769]
; line_model: planning=L_base_mm estimation=L_model_mm find_radii=global find_buildup_factor=off k=0.6366 base=[30,30,30] effective=[35.26,35.26,35.26]
; line_model_params (M666): M666 R35.26:35.26:35.26 Q0.636619
; line_model_prefit: enabled=True success=True guarded=False seed=seed_5 start=248.4 fit=10.51 start_data=248.4 start_prior=0 start_total=248.4 fit_data=10.51 fit_prior=6.383 fit_total=10.51 valid_sweeps=5 invalid_sweeps=0
; line_model_fit: mode=radii=global,buildup=off outer_iters=3 inner_iters=30 best_cost=1904 last_start=1973 last_fit=1957 last_cal=1966 last_data=1966 last_prior=6.373 last_total=1973 nfev=29 nit=14
; noise_cost: J=3.79e+04 chi2_red=4.032e+04 |z|_med=33.75 |z|_p95=479 outlier_ratio=0.9 N=100 mode=sigma lengths=mu J_trim=2091 chi2_red_trim=2263 N_trim=79
; noise_rescore: tau_MAD=1.561mm cost_noise_normalized_old=1964 cost_noise_normalized_new=359 chi2_red_old=4.032e+04 chi2_red_new=7371 residual_vs_distance_slope_inliers=0.002025 slope(|r|,d)=0.002871 slope(r^2,d)=0.01681 inlier_cutoff_mm=6.314mm n_inlier_rows_used_for_tau=79 tau_d_tau0=1.794mm tau_d_tau1=0 cost_noise_normalized_tau_d=284.4 chi2_red_tau_d=5839 cost_noise_normalized_tau_d_trimmed_direct=302.8 chi2_red_tau_d_trimmed_direct=327.6 chi2_red_tau_3bin_debiased_trimmed_direct=570.2 trimmed_coherence_ratio_tau_d_over_tau_3bin_debiased=0.5746
; noise_bias_diagnostic: bias_vs_distance_intercept=-0.856mm bias_vs_distance_slope_inliers=0.0003908 cost_after_bias_diagnostic=2265 chi2_red_after_bias_diagnostic=2452
; noise_rescore_bins: near_MAD=1.136mm mid_MAD=0.6369mm far_MAD=1.121mm N=[27,26,26]
; noise_rescore_bins_debiased: near_MAD=1.136mm mid_MAD=0.6095mm far_MAD=1.12mm
; noise_rescore_tau_3bin_debiased: tau_near=1.684mm tau_mid=0.9036mm tau_far=1.66mm cost_noise_normalized_tau_3bin_debiased=526.9 chi2_red_tau_3bin_debiased=570.2 chi2_red_tau_3bin_debiased_trimmed_direct=570.2
; sweep_residual: id=sweep_005 median=-0.7789mm MAD=0.7875mm p95_abs=2.773mm mean|z|=29.78 clipped=3/20
; sweep_residual: id=sweep_001 median=-0.6008mm MAD=2.074mm p95_abs=4.681mm mean|z|=56.34 clipped=6/20
; sweep_residual: id=sweep_004 median=-0.199mm MAD=0.2785mm p95_abs=2.89mm mean|z|=21.33 clipped=5/20
; sweep_residual: id=sweep_002 median=0.1797mm MAD=0.7601mm p95_abs=4.763mm mean|z|=31.79 clipped=4/20
; sweep_residual: id=sweep_003 median=-0.07604mm MAD=0.9041mm p95_abs=2.501mm mean|z|=29.73 clipped=3/20
; noise_demean_by_sweep: cost_noise_normalized_demeaned=2187 chi2_red_demeaned=2367 tail_ratio=3.601 sweep_bias_span=0.9586mm n_obs=79
; noise_norm_floor: min_sigma=0.05mm model_sigma=0.7381mm used_sigma=0.7381mm floor_deg=0.01deg source=auto
; noise_sigma_mm: encoder=0.003088mm friction_cogging=0.1343mm flex=0.2818mm floor=0.05mm non_layered=0.3162mm layer_changes=0.2983mm mode_add=0.5966mm total=0.7381mm model=0.7381mm used=0.7381mm layered=true mode=global/off mode_factor=2 line_width=1mm base_radius=30mm used_override=n/a
; info rank: 6/6 std(p0=941mm, p3=906mm, p5=906mm, p1=813mm, p2=774mm, p4=770mm)
; covariance_scaled: chi2_red=4.032e+04 std_scaled(p0=1.89e+05mm, p3=1.82e+05mm, p5=1.82e+05mm, p1=1.63e+05mm, p2=1.55e+05mm, p4=1.55e+05mm)
; CI95: max_std=1.889e+05mm max_ci=3.702e+05mm workspace=2920 rel_std=64.69 rel_ci=126.8 scale=chi2_red=4.032e+04
; encoder_noise: points=100/100 median_sigma=0deg floor=0.01deg min_samples=10
; encoder_noise_flags: low_samples=0 sigma_below_floor=100 sigma_nonfinite=0
; next_sweep score=0.330036 fixed=[0] targets=[980.7734810060344] pair=[1,2]
; top_candidates:
;   0.330036 fixed=[0] targets=[980.7734810060344] pair=[1,2]
;   0.326257 fixed=[0] targets=[929.1538241109799] pair=[1,2]
;   0.322428 fixed=[0] targets=[877.5341672159257] pair=[1,2]
;   0.318551 fixed=[0] targets=[825.9145103208712] pair=[1,2]
;   0.314629 fixed=[0] targets=[774.2948534258167] pair=[1,2]
; collect_command:
;   node autocal/control/cli/collect_sweep_data.mjs --machineType slideprinter --sweep-config-file /home/torbjorn/repos/hp-sim5/autocal/data/.regress_parallel_runs/ten_points_w_buildup2_a2dc6169/ten_points_w_buildup2.replay_tmp.active_sweep_cfg.default.txt --fixed-targets 980.7734810060344 --output-file /home/torbjorn/repos/hp-sim5/autocal/data/.regress_parallel_runs/ten_points_w_buildup2_a2dc6169/ten_points_w_buildup2.replay_tmp.new_003.json --no-spawn-rrf-simulator --preserve-buildup-factor --force-low 0.01342968040959999 --force-mid 0.2685936081919998 --force-max 2.831339339152179 --no-auto-tune-force --return-to-origin
; reusing force tuning: low=0.01343N mid=0.2686N max=2.831N
; selected run=default score_ui=3.84e+05 score_basis=layered-calibrated cost=1964 rel_std=64.69 max_std=1.889e+05mm
Wrote to console: Score: 3.84e+05 (lower is better)
; replayed sweep 3/6 -> /home/torbjorn/repos/hp-sim5/autocal/data/.regress_parallel_runs/ten_points_w_buildup2_a2dc6169/ten_points_w_buildup2.replay_tmp.json sweeps=6
Wrote to console: Collected sweep nr 6

; === full-auto iteration 4/20 dataset=/home/torbjorn/repos/hp-sim5/autocal/data/.regress_parallel_runs/ten_points_w_buildup2_a2dc6169/ten_points_w_buildup2.replay_tmp.json ===
Wrote to console: 
Wrote to console: ; === full-auto iteration 4/20 dataset=/home/torbjorn/repos/hp-sim5/autocal/data/.regress_parallel_runs/ten_points_w_buildup2_a2dc6169/ten_points_w_buildup2.replay_tmp.json ===
; full-auto run default: flags=''
[gnc] stage 1/3: wide-huber maxiter=400
[gnc] stage 2/3: tight-huber maxiter=240
[gnc] stage 3/3: trim maxiter=160
[robust] pointwise sigma_source: mode=auto point=120 origin=0 min=0 mixed=0 total=120
[robust] pointwise: enabled=True stage=2 (trim) hard_cut=True huber_mult=3
[robust] pointwise scale: source=global global=17.8 floor=0.00013 floor_mm=0.738
[robust] pointwise sigma_floor_mm: origin=0.00308796 mult=3 scaled=0.00926389 min=0.05 model=0.738145 used=0.738145 floor=0.738145 floor_deg=0.01 source=model
[robust] pointwise sigma_components_mm: encoder=0.00309 friction_cogging=0.134 flex=0.282 floor=0.05 non_layered=0.316 layer_changes=0.298 mode_add=0.597 total=0.738 model=0.738 used=0.738 layered=true mode=global/off mode_factor=2 line_width=1 base_radius=30 used_override=n/a
[robust] pointwise inlier_ratio: min=1 med=1 max=1
[robust] pointwise worst: sweep_001 20/20 (1), sweep_002 20/20 (1), sweep_003 20/20 (1), sweep_004 20/20 (1), sweep_005 20/20 (1)
[robust] sweep-wise: enabled=True status=ok metric=outlier_ratio threshold=0.000391 rejected=0
[robust] sweep-wise worst: sweep_006 m=0 keep, sweep_005 m=0 keep, sweep_004 m=0 keep, sweep_003 m=0 keep, sweep_002 m=0 keep
; full-auto run default: cost_raw=0.3824 cost_noise_normalized=259.7 J=274.6 chi2_red=289 score_ui=1.031 score_basis=layered-calibrated
; Active ellipse calibration
; Anchors: [[7.829427346314483e-14, -1895.0056163959418], [1640.4313888347956, 947.0306061392238], [-1641.9469680210789, 948.1461644366098]]
; cost=0.3824 cost_noise_normalized=259.7 origin_norms=[1895.006, 1894.171, 1896.041] pairwise=[d01=3281.491, d02=3283.215, d12=3282.379]
; line_model: planning=L_base_mm estimation=L_model_mm find_radii=global find_buildup_factor=off k=0.6366 base=[30,30,30] effective=[38.97,38.97,38.97]
; line_model_params (M666): M666 R38.97:38.97:38.97 Q0.636619
; line_model_prefit: enabled=True success=True guarded=False seed=seed_5 start=256 fit=12.68 start_data=256 start_prior=0 start_total=256 fit_data=12.68 fit_prior=6.247 fit_total=12.68 valid_sweeps=6 invalid_sweeps=0
; line_model_fit: mode=radii=global,buildup=off outer_iters=3 inner_iters=30 best_cost=2411 last_start=1.01e+04 last_fit=1.01e+04 last_cal=1.009e+04 last_data=1.009e+04 last_prior=7.585 last_total=1.01e+04 nfev=21 nit=10
; noise_cost: J=274.6 chi2_red=289 |z|_med=13.09 |z|_p95=35.99 outlier_ratio=0.8417 N=120 mode=sigma lengths=mu J_trim=274.6 chi2_red_trim=289 N_trim=120
; noise_rescore: tau_MAD=0.7166mm cost_noise_normalized_old=259.7 cost_noise_normalized_new=133.7 chi2_red_old=289 chi2_red_new=148.8 residual_vs_distance_slope_inliers=0.03794 slope(|r|,d)=0.004858 slope(r^2,d)=0.004704 inlier_cutoff_mm=2.301mm n_inlier_rows_used_for_tau=120 tau_d_tau0=4.338mm tau_d_tau1=0 cost_noise_normalized_tau_d=7.306 chi2_red_tau_d=8.132 cost_noise_normalized_tau_d_trimmed_direct=7.725 chi2_red_tau_d_trimmed_direct=8.132 chi2_red_tau_3bin_debiased_trimmed_direct=91.51 trimmed_coherence_ratio_tau_d_over_tau_3bin_debiased=0.08887
; noise_bias_diagnostic: bias_vs_distance_intercept=-66.16mm bias_vs_distance_slope_inliers=0.04012 cost_after_bias_diagnostic=136.8 chi2_red_after_bias_diagnostic=144
; noise_rescore_bins: near_MAD=0.5302mm mid_MAD=0.4376mm far_MAD=0.3548mm N=[40,40,40]
; noise_rescore_bins_debiased: near_MAD=0.5246mm mid_MAD=0.3854mm far_MAD=0.1013mm
; noise_rescore_tau_3bin_debiased: tau_near=0.7778mm tau_mid=0.5714mm tau_far=0.1501mm cost_noise_normalized_tau_3bin_debiased=86.93 chi2_red_tau_3bin_debiased=91.51 chi2_red_tau_3bin_debiased_trimmed_direct=91.51
; sweep_residual: id=sweep_006 median=0.1173mm MAD=0.5383mm p95_abs=0.9762mm mean|z|=14.05 clipped=0/20
; sweep_residual: id=sweep_004 median=0.09082mm MAD=0.6075mm p95_abs=0.9175mm mean|z|=13.83 clipped=0/20
; sweep_residual: id=sweep_001 median=0.07072mm MAD=0.3518mm p95_abs=1.076mm mean|z|=13.07 clipped=0/20
; sweep_residual: id=sweep_003 median=-0.06166mm MAD=0.4509mm p95_abs=0.8886mm mean|z|=12.53 clipped=0/20
; sweep_residual: id=sweep_005 median=0.04206mm MAD=0.5233mm p95_abs=0.9222mm mean|z|=13.69 clipped=0/20
; sweep_residual: +1 more sweeps
; noise_demean_by_sweep: cost_noise_normalized_demeaned=268.6 chi2_red_demeaned=282.7 tail_ratio=1.427 sweep_bias_span=0.1789mm n_obs=120
; noise_norm_floor: min_sigma=0.05mm model_sigma=0.7381mm used_sigma=0.7381mm floor_deg=0.01deg source=auto
; noise_sigma_mm: encoder=0.003088mm friction_cogging=0.1343mm flex=0.2818mm floor=0.05mm non_layered=0.3162mm layer_changes=0.2983mm mode_add=0.5966mm total=0.7381mm model=0.7381mm used=0.7381mm layered=true mode=global/off mode_factor=2 line_width=1mm base_radius=30mm used_override=n/a
; info rank: 5/6 std(p0=940mm, p5=886mm, p3=886mm, p2=764mm, p4=764mm, p1=695mm)
; covariance_scaled: chi2_red=289 std_scaled(p0=1.6e+04mm, p5=1.51e+04mm, p3=1.51e+04mm, p2=1.3e+04mm, p4=1.3e+04mm, p1=1.18e+04mm)
; CI95: max_std=1.599e+04mm max_ci=3.134e+04mm workspace=2920 rel_std=5.476 rel_ci=10.73 scale=chi2_red=289
; encoder_noise: points=120/120 median_sigma=0deg floor=0.01deg min_samples=10
; encoder_noise_flags: low_samples=0 sigma_below_floor=120 sigma_nonfinite=0
; next_sweep score=0.284339 fixed=[2] targets=[929.1538241109799] pair=[0,1]
; top_candidates:
;   0.284339 fixed=[2] targets=[929.1538241109799] pair=[0,1]
;   0.284328 fixed=[0] targets=[929.1538241109799] pair=[1,2]
;   0.284327 fixed=[1] targets=[929.1538241109799] pair=[0,2]
;   0.280637 fixed=[2] targets=[877.5341672159257] pair=[0,1]
;   0.280627 fixed=[0] targets=[877.5341672159257] pair=[1,2]
; collect_command:
;   node autocal/control/cli/collect_sweep_data.mjs --machineType slideprinter --sweep-config-file /home/torbjorn/repos/hp-sim5/autocal/data/.regress_parallel_runs/ten_points_w_buildup2_a2dc6169/ten_points_w_buildup2.replay_tmp.active_sweep_cfg.default.txt --fixed-targets 929.1538241109799 --output-file /home/torbjorn/repos/hp-sim5/autocal/data/.regress_parallel_runs/ten_points_w_buildup2_a2dc6169/ten_points_w_buildup2.replay_tmp.new_004.json --no-spawn-rrf-simulator --preserve-buildup-factor --force-low 0.01342968040959999 --force-mid 0.2685936081919998 --force-max 2.831339339152179 --no-auto-tune-force --return-to-origin
; reusing force tuning: low=0.01343N mid=0.2686N max=2.831N
; selected run=default score_ui=1.031 score_basis=layered-calibrated cost=259.7 rel_std=5.476 max_std=1.599e+04mm
Wrote to console: Score: 1.031 (lower is better)
; replayed sweep 4/6 -> /home/torbjorn/repos/hp-sim5/autocal/data/.regress_parallel_runs/ten_points_w_buildup2_a2dc6169/ten_points_w_buildup2.replay_tmp.json sweeps=7
Wrote to console: Collected sweep nr 7

; === full-auto iteration 5/20 dataset=/home/torbjorn/repos/hp-sim5/autocal/data/.regress_parallel_runs/ten_points_w_buildup2_a2dc6169/ten_points_w_buildup2.replay_tmp.json ===
Wrote to console: 
Wrote to console: ; === full-auto iteration 5/20 dataset=/home/torbjorn/repos/hp-sim5/autocal/data/.regress_parallel_runs/ten_points_w_buildup2_a2dc6169/ten_points_w_buildup2.replay_tmp.json ===
; full-auto run default: flags=''
[gnc] stage 1/3: wide-huber maxiter=400
[gnc] stage 2/3: tight-huber maxiter=240
[gnc] stage 3/3: trim maxiter=160
[robust] pointwise sigma_source: mode=auto point=140 origin=0 min=0 mixed=0 total=140
[robust] pointwise: enabled=True stage=2 (trim) hard_cut=True huber_mult=3
[robust] pointwise scale: source=global global=15 floor=0.00013 floor_mm=0.738
[robust] pointwise sigma_floor_mm: origin=0.00308796 mult=3 scaled=0.00926389 min=0.05 model=0.738145 used=0.738145 floor=0.738145 floor_deg=0.01 source=model
[robust] pointwise sigma_components_mm: encoder=0.00309 friction_cogging=0.134 flex=0.282 floor=0.05 non_layered=0.316 layer_changes=0.298 mode_add=0.597 total=0.738 model=0.738 used=0.738 layered=true mode=global/off mode_factor=2 line_width=1 base_radius=30 used_override=n/a
[robust] pointwise inlier_ratio: min=0.75 med=0.85 max=1
[robust] pointwise worst: sweep_004 15/20 (0.75), sweep_006 15/20 (0.75), sweep_002 16/20 (0.8), sweep_001 17/20 (0.85), sweep_003 20/20 (1)
[robust] sweep-wise: enabled=True status=ok metric=outlier_ratio threshold=0.595 rejected=0
[robust] sweep-wise worst: sweep_006 m=0.25 keep, sweep_004 m=0.25 keep, sweep_002 m=0.2 keep, sweep_001 m=0.15 keep, sweep_007 m=0 keep
; full-auto run default: cost_raw=0.8889 cost_noise_normalized=145.4 J=2393 chi2_red=2500 score_ui=3.725 score_basis=layered-calibrated
; Active ellipse calibration
; Anchors: [[1.414705005017368e-13, -1831.7303898902283], [1596.7322641245946, 898.3187431861473], [-1692.7938353794225, 990.1248660909638]]
; cost=0.8889 cost_noise_normalized=145.4 origin_norms=[1831.730, 1832.084, 1961.096] pairwise=[d01=3162.708, d02=3290.656, d12=3290.807]
; line_model: planning=L_base_mm estimation=L_model_mm find_radii=global find_buildup_factor=off k=0.6366 base=[30,30,30] effective=[38.53,38.53,38.53]
; line_model_params (M666): M666 R38.53:38.53:38.53 Q0.636619
; line_model_prefit: enabled=True success=True guarded=False seed=seed_5 start=258.8 fit=14.99 start_data=258.8 start_prior=0 start_total=258.8 fit_data=14.99 fit_prior=6.04 fit_total=14.99 valid_sweeps=7 invalid_sweeps=0
; line_model_fit: mode=radii=global,buildup=off outer_iters=3 inner_iters=30 best_cost=742 last_start=9542 last_fit=9542 last_cal=9534 last_data=9534 last_prior=8.09 last_total=9542 nfev=21 nit=10
; noise_cost: J=2393 chi2_red=2500 |z|_med=9.826 |z|_p95=126.3 outlier_ratio=0.8571 N=140 mode=sigma lengths=mu J_trim=150.5 chi2_red_trim=158.3 N_trim=123
; noise_rescore: tau_MAD=0.4883mm cost_noise_normalized_old=145.4 cost_noise_normalized_new=101.1 chi2_red_old=2500 chi2_red_new=1739 residual_vs_distance_slope_inliers=0.0008279 slope(|r|,d)=5.68e-05 slope(r^2,d)=0.001074 inlier_cutoff_mm=2.005mm n_inlier_rows_used_for_tau=123 tau_d_tau0=1.689mm tau_d_tau1=0 cost_noise_normalized_tau_d=23.31 chi2_red_tau_d=400.7 cost_noise_normalized_tau_d_trimmed_direct=24.13 chi2_red_tau_d_trimmed_direct=25.37 chi2_red_tau_3bin_debiased_trimmed_direct=108.5 trimmed_coherence_ratio_tau_d_over_tau_3bin_debiased=0.2338
; noise_bias_diagnostic: bias_vs_distance_intercept=-1.211mm bias_vs_distance_slope_inliers=0.0007198 cost_after_bias_diagnostic=153.6 chi2_red_after_bias_diagnostic=161.4
; noise_rescore_bins: near_MAD=0.4351mm mid_MAD=0.3209mm far_MAD=0.3053mm N=[41,41,41]
; noise_rescore_bins_debiased: near_MAD=0.4341mm mid_MAD=0.3177mm far_MAD=0.2998mm
; noise_rescore_tau_3bin_debiased: tau_near=0.6435mm tau_mid=0.471mm tau_far=0.4445mm cost_noise_normalized_tau_3bin_debiased=103.2 chi2_red_tau_3bin_debiased=108.5 chi2_red_tau_3bin_debiased_trimmed_direct=108.5
; sweep_residual: id=sweep_007 median=-0.2594mm MAD=0.479mm p95_abs=0.8591mm mean|z|=11.1 clipped=0/20
; sweep_residual: id=sweep_005 median=-0.1228mm MAD=0.3559mm p95_abs=0.7969mm mean|z|=10.15 clipped=0/20
; sweep_residual: id=sweep_004 median=-0.08426mm MAD=0.3285mm p95_abs=0.9617mm mean|z|=10.13 clipped=5/20
; sweep_residual: id=sweep_003 median=0.04772mm MAD=0.2898mm p95_abs=0.8757mm mean|z|=7.644 clipped=0/20
; sweep_residual: id=sweep_001 median=0.04479mm MAD=0.297mm p95_abs=1.198mm mean|z|=11.51 clipped=3/20
; sweep_residual: +2 more sweeps
; noise_demean_by_sweep: cost_noise_normalized_demeaned=156.4 chi2_red_demeaned=164.4 tail_ratio=2.064 sweep_bias_span=0.3071mm n_obs=123
; noise_norm_floor: min_sigma=0.05mm model_sigma=0.7381mm used_sigma=0.7381mm floor_deg=0.01deg source=auto
; noise_sigma_mm: encoder=0.003088mm friction_cogging=0.1343mm flex=0.2818mm floor=0.05mm non_layered=0.3162mm layer_changes=0.2983mm mode_add=0.5966mm total=0.7381mm model=0.7381mm used=0.7381mm layered=true mode=global/off mode_factor=2 line_width=1mm base_radius=30mm used_override=n/a
; info rank: 5/6 std(p0=934mm, p3=885mm, p5=871mm, p2=759mm, p4=725mm, p1=698mm)
; covariance_scaled: chi2_red=2500 std_scaled(p0=4.67e+04mm, p3=4.42e+04mm, p5=4.36e+04mm, p2=3.8e+04mm, p4=3.62e+04mm, p1=3.49e+04mm)
; CI95: max_std=4.668e+04mm max_ci=9.149e+04mm workspace=2920 rel_std=15.99 rel_ci=31.33 scale=chi2_red=2500
; encoder_noise: points=140/140 median_sigma=0deg floor=0.01deg min_samples=10
; encoder_noise_flags: low_samples=0 sigma_below_floor=140 sigma_nonfinite=0
; next_sweep score=0.271739 fixed=[1] targets=[929.1538241109799] pair=[0,2]
; top_candidates:
;   0.271739 fixed=[1] targets=[929.1538241109799] pair=[0,2]
;   0.271729 fixed=[0] targets=[929.1538241109799] pair=[1,2]
;   0.268197 fixed=[1] targets=[877.5341672159257] pair=[0,2]
;   0.268187 fixed=[0] targets=[877.5341672159257] pair=[1,2]
;   0.264622 fixed=[1] targets=[825.9145103208712] pair=[0,2]
; collect_command:
;   node autocal/control/cli/collect_sweep_data.mjs --machineType slideprinter --sweep-config-file /home/torbjorn/repos/hp-sim5/autocal/data/.regress_parallel_runs/ten_points_w_buildup2_a2dc6169/ten_points_w_buildup2.replay_tmp.active_sweep_cfg.default.txt --fixed-targets 929.1538241109799 --output-file /home/torbjorn/repos/hp-sim5/autocal/data/.regress_parallel_runs/ten_points_w_buildup2_a2dc6169/ten_points_w_buildup2.replay_tmp.new_005.json --no-spawn-rrf-simulator --preserve-buildup-factor --force-low 0.01342968040959999 --force-mid 0.2685936081919998 --force-max 2.831339339152179 --no-auto-tune-force --return-to-origin
; reusing force tuning: low=0.01343N mid=0.2686N max=2.831N
; selected run=default score_ui=3.725 score_basis=layered-calibrated cost=145.4 rel_std=15.99 max_std=4.668e+04mm
Wrote to console: Score: 3.725 (lower is better)
; replayed sweep 5/6 -> /home/torbjorn/repos/hp-sim5/autocal/data/.regress_parallel_runs/ten_points_w_buildup2_a2dc6169/ten_points_w_buildup2.replay_tmp.json sweeps=8
Wrote to console: Collected sweep nr 8

; === full-auto iteration 6/20 dataset=/home/torbjorn/repos/hp-sim5/autocal/data/.regress_parallel_runs/ten_points_w_buildup2_a2dc6169/ten_points_w_buildup2.replay_tmp.json ===
Wrote to console: 
Wrote to console: ; === full-auto iteration 6/20 dataset=/home/torbjorn/repos/hp-sim5/autocal/data/.regress_parallel_runs/ten_points_w_buildup2_a2dc6169/ten_points_w_buildup2.replay_tmp.json ===
; full-auto run default: flags=''
[gnc] stage 1/3: wide-huber maxiter=400
[gnc] stage 2/3: tight-huber maxiter=240
[gnc] stage 3/3: trim maxiter=160
[robust] pointwise sigma_source: mode=auto point=160 origin=0 min=0 mixed=0 total=160
[robust] pointwise: enabled=True stage=2 (trim) hard_cut=True huber_mult=3
[robust] pointwise scale: source=global global=16.7 floor=0.00013 floor_mm=0.738
[robust] pointwise sigma_floor_mm: origin=0.00308796 mult=3 scaled=0.00926389 min=0.05 model=0.738145 used=0.738145 floor=0.738145 floor_deg=0.01 source=model
[robust] pointwise sigma_components_mm: encoder=0.00309 friction_cogging=0.134 flex=0.282 floor=0.05 non_layered=0.316 layer_changes=0.298 mode_add=0.597 total=0.738 model=0.738 used=0.738 layered=true mode=global/off mode_factor=2 line_width=1 base_radius=30 used_override=n/a
[robust] pointwise inlier_ratio: min=0.7 med=0.825 max=1
[robust] pointwise worst: sweep_008 14/20 (0.7), sweep_004 15/20 (0.75), sweep_006 15/20 (0.75), sweep_002 16/20 (0.8), sweep_001 17/20 (0.85)
[robust] sweep-wise: enabled=True status=ok metric=outlier_ratio threshold=0.62 rejected=0
[robust] sweep-wise worst: sweep_008 m=0.3 keep, sweep_006 m=0.25 keep, sweep_004 m=0.25 keep, sweep_002 m=0.2 keep, sweep_001 m=0.15 keep
; full-auto run default: cost_raw=0.669 cost_noise_normalized=183.8 J=4443 chi2_red=4616 score_ui=19.02 score_basis=layered-calibrated
; Active ellipse calibration
; Anchors: [[2.369012680259723e-13, -1809.7368460452046], [1580.430287850201, 882.1318753682694], [-1707.3340634206897, 1002.3154974257219]]
; cost=0.669 cost_noise_normalized=183.8 origin_norms=[1809.737, 1809.949, 1979.805] pairwise=[d01=3121.525, d02=3289.776, d12=3289.960]
; line_model: planning=L_base_mm estimation=L_model_mm find_radii=global find_buildup_factor=off k=0.6366 base=[30,30,30] effective=[38.3,38.3,38.3]
; line_model_params (M666): M666 R38.3:38.3:38.3 Q0.636619
; line_model_prefit: enabled=True success=True guarded=False seed=seed_5 start=261.8 fit=17.16 start_data=261.8 start_prior=0 start_total=261.8 fit_data=17.16 fit_prior=5.918 fit_total=17.16 valid_sweeps=8 invalid_sweeps=0
; line_model_fit: mode=radii=global,buildup=off outer_iters=3 inner_iters=30 best_cost=954.1 last_start=9610 last_fit=8983 last_cal=8135 last_data=8135 last_prior=9.272 last_total=8145 nfev=27 nit=13
; noise_cost: J=4443 chi2_red=4616 |z|_med=10.7 |z|_p95=177.3 outlier_ratio=0.85 N=160 mode=sigma lengths=mu J_trim=190.8 chi2_red_trim=199.5 N_trim=137
; noise_rescore: tau_MAD=0.5147mm cost_noise_normalized_old=183.8 cost_noise_normalized_new=123.7 chi2_red_old=4616 chi2_red_new=3106 residual_vs_distance_slope_inliers=0.0006812 slope(|r|,d)=0.0006322 slope(r^2,d)=0.002144 inlier_cutoff_mm=2.261mm n_inlier_rows_used_for_tau=137 tau_d_tau0=1.182mm tau_d_tau1=0 cost_noise_normalized_tau_d=51.55 chi2_red_tau_d=1294 cost_noise_normalized_tau_d_trimmed_direct=53.5 chi2_red_tau_d_trimmed_direct=55.95 chi2_red_tau_3bin_debiased_trimmed_direct=143.2 trimmed_coherence_ratio_tau_d_over_tau_3bin_debiased=0.3906
; noise_bias_diagnostic: bias_vs_distance_intercept=0.08874mm bias_vs_distance_slope_inliers=-8.53e-05 cost_after_bias_diagnostic=195.6 chi2_red_after_bias_diagnostic=204.6
; noise_rescore_bins: near_MAD=0.386mm mid_MAD=0.3476mm far_MAD=0.2694mm N=[46,45,46]
; noise_rescore_bins_debiased: near_MAD=0.3859mm mid_MAD=0.3475mm far_MAD=0.2687mm
; noise_rescore_tau_3bin_debiased: tau_near=0.5721mm tau_mid=0.5152mm tau_far=0.3984mm cost_noise_normalized_tau_3bin_debiased=137 chi2_red_tau_3bin_debiased=143.2 chi2_red_tau_3bin_debiased_trimmed_direct=143.2
; sweep_residual: id=sweep_007 median=-0.3061mm MAD=0.4899mm p95_abs=0.9353mm mean|z|=11.31 clipped=0/20
; sweep_residual: id=sweep_004 median=-0.1829mm MAD=0.3585mm p95_abs=1.181mm mean|z|=11.64 clipped=5/20
; sweep_residual: id=sweep_005 median=-0.121mm MAD=0.3385mm p95_abs=0.8256mm mean|z|=9.962 clipped=0/20
; sweep_residual: id=sweep_003 median=0.1003mm MAD=0.256mm p95_abs=0.9763mm mean|z|=8.034 clipped=0/20
; sweep_residual: id=sweep_002 median=-0.03664mm MAD=0.3509mm p95_abs=1.319mm mean|z|=11.27 clipped=4/20
; sweep_residual: +3 more sweeps
; noise_demean_by_sweep: cost_noise_normalized_demeaned=192.6 chi2_red_demeaned=201.4 tail_ratio=2.35 sweep_bias_span=0.4065mm n_obs=137
; noise_norm_floor: min_sigma=0.05mm model_sigma=0.7381mm used_sigma=0.7381mm floor_deg=0.01deg source=auto
; noise_sigma_mm: encoder=0.003088mm friction_cogging=0.1343mm flex=0.2818mm floor=0.05mm non_layered=0.3162mm layer_changes=0.2983mm mode_add=0.5966mm total=0.7381mm model=0.7381mm used=0.7381mm layered=true mode=global/off mode_factor=2 line_width=1mm base_radius=30mm used_override=n/a
; info rank: 5/6 std(p0=928mm, p3=869mm, p5=869mm, p4=721mm, p2=720mm, p1=697mm)
; covariance_scaled: chi2_red=4616 std_scaled(p0=6.31e+04mm, p3=5.91e+04mm, p5=5.91e+04mm, p4=4.9e+04mm, p2=4.89e+04mm, p1=4.74e+04mm)
; CI95: max_std=6.307e+04mm max_ci=1.236e+05mm workspace=2920 rel_std=21.6 rel_ci=42.33 scale=chi2_red=4616
; encoder_noise: points=160/160 median_sigma=0deg floor=0.01deg min_samples=10
; encoder_noise_flags: low_samples=0 sigma_below_floor=160 sigma_nonfinite=0
; next_sweep score=0.260725 fixed=[0] targets=[929.1538241109799] pair=[1,2]
; top_candidates:
;   0.260725 fixed=[0] targets=[929.1538241109799] pair=[1,2]
;   0.257315 fixed=[0] targets=[877.5341672159257] pair=[1,2]
;   0.253872 fixed=[0] targets=[825.9145103208712] pair=[1,2]
;   0.250399 fixed=[0] targets=[774.2948534258167] pair=[1,2]
;   0.246898 fixed=[0] targets=[722.6751965307624] pair=[1,2]
; collect_command:
;   node autocal/control/cli/collect_sweep_data.mjs --machineType slideprinter --sweep-config-file /home/torbjorn/repos/hp-sim5/autocal/data/.regress_parallel_runs/ten_points_w_buildup2_a2dc6169/ten_points_w_buildup2.replay_tmp.active_sweep_cfg.default.txt --fixed-targets 929.1538241109799 --output-file /home/torbjorn/repos/hp-sim5/autocal/data/.regress_parallel_runs/ten_points_w_buildup2_a2dc6169/ten_points_w_buildup2.replay_tmp.new_006.json --no-spawn-rrf-simulator --preserve-buildup-factor --force-low 0.01342968040959999 --force-mid 0.2685936081919998 --force-max 2.831339339152179 --no-auto-tune-force --return-to-origin
; reusing force tuning: low=0.01343N mid=0.2686N max=2.831N
; selected run=default score_ui=19.02 score_basis=layered-calibrated cost=183.8 rel_std=21.6 max_std=6.307e+04mm
Wrote to console: Score: 19.02 (lower is better)
; replayed sweep 6/6 -> /home/torbjorn/repos/hp-sim5/autocal/data/.regress_parallel_runs/ten_points_w_buildup2_a2dc6169/ten_points_w_buildup2.replay_tmp.json sweeps=9
Wrote to console: Collected sweep nr 9

; === full-auto iteration 7/20 dataset=/home/torbjorn/repos/hp-sim5/autocal/data/.regress_parallel_runs/ten_points_w_buildup2_a2dc6169/ten_points_w_buildup2.replay_tmp.json ===
Wrote to console: 
Wrote to console: ; === full-auto iteration 7/20 dataset=/home/torbjorn/repos/hp-sim5/autocal/data/.regress_parallel_runs/ten_points_w_buildup2_a2dc6169/ten_points_w_buildup2.replay_tmp.json ===
; full-auto run default: flags=''
[gnc] stage 1/3: wide-huber maxiter=400
[gnc] stage 2/3: tight-huber maxiter=240
[gnc] stage 3/3: trim maxiter=160
[robust] pointwise sigma_source: mode=auto point=180 origin=0 min=0 mixed=0 total=180
[robust] pointwise: enabled=True stage=2 (trim) hard_cut=True huber_mult=3
[robust] pointwise scale: source=global global=23.1 floor=0.00013 floor_mm=0.738
[robust] pointwise sigma_floor_mm: origin=0.00308796 mult=3 scaled=0.00926389 min=0.05 model=0.738145 used=0.738145 floor=0.738145 floor_deg=0.01 source=model
[robust] pointwise sigma_components_mm: encoder=0.00309 friction_cogging=0.134 flex=0.282 floor=0.05 non_layered=0.316 layer_changes=0.298 mode_add=0.597 total=0.738 model=0.738 used=0.738 layered=true mode=global/off mode_factor=2 line_width=1 base_radius=30 used_override=n/a
[robust] pointwise inlier_ratio: min=1 med=1 max=1
[robust] pointwise worst: sweep_001 20/20 (1), sweep_002 20/20 (1), sweep_003 20/20 (1), sweep_004 20/20 (1), sweep_005 20/20 (1)
[robust] sweep-wise: enabled=True status=ok metric=outlier_ratio threshold=0.000391 rejected=0
[robust] sweep-wise worst: sweep_009 m=0 keep, sweep_008 m=0 keep, sweep_007 m=0 keep, sweep_006 m=0 keep, sweep_005 m=0 keep
; full-auto run default: cost_raw=0.5665 cost_noise_normalized=425.4 J=454.5 chi2_red=470.2 score_ui=1.175 score_basis=layered-calibrated
; Active ellipse calibration
; Anchors: [[4.800031698882369e-13, -1889.763462895188], [1636.0939160627847, 944.1107536755563], [-1638.5118721033753, 946.4511139061326]]
; cost=0.5665 cost_noise_normalized=425.4 origin_norms=[1889.763, 1888.954, 1892.219] pairwise=[d01=3272.254, d02=3275.490, d12=3274.607]
; line_model: planning=L_base_mm estimation=L_model_mm find_radii=global find_buildup_factor=off k=0.6366 base=[30,30,30] effective=[38.83,38.83,38.83]
; line_model_params (M666): M666 R38.83:38.83:38.83 Q0.636619
; line_model_prefit: enabled=True success=True guarded=False seed=seed_5 start=264.9 fit=19.4 start_data=264.9 start_prior=0 start_total=264.9 fit_data=19.4 fit_prior=5.811 fit_total=19.4 valid_sweeps=9 invalid_sweeps=0
; line_model_fit: mode=radii=global,buildup=off outer_iters=3 inner_iters=30 best_cost=1981 last_start=1.112e+04 last_fit=1.112e+04 last_cal=1.112e+04 last_data=1.112e+04 last_prior=7.262 last_total=1.112e+04 nfev=21 nit=10
; noise_cost: J=454.5 chi2_red=470.2 |z|_med=16.01 |z|_p95=48.29 outlier_ratio=0.8833 N=180 mode=sigma lengths=mu J_trim=454.5 chi2_red_trim=470.2 N_trim=180
; noise_rescore: tau_MAD=0.903mm cost_noise_normalized_old=425.4 cost_noise_normalized_new=170.4 chi2_red_old=470.2 chi2_red_new=188.3 residual_vs_distance_slope_inliers=0.05059 slope(|r|,d)=0.01341 slope(r^2,d)=0.02033 inlier_cutoff_mm=3.017mm n_inlier_rows_used_for_tau=180 tau_d_tau0=4.314mm tau_d_tau1=0 cost_noise_normalized_tau_d=12.1 chi2_red_tau_d=13.38 cost_noise_normalized_tau_d_trimmed_direct=12.93 chi2_red_tau_d_trimmed_direct=13.38 chi2_red_tau_3bin_debiased_trimmed_direct=91.43 trimmed_coherence_ratio_tau_d_over_tau_3bin_debiased=0.1463
; noise_bias_diagnostic: bias_vs_distance_intercept=-85.75mm bias_vs_distance_slope_inliers=0.05209 cost_after_bias_diagnostic=159.4 chi2_red_after_bias_diagnostic=164.9
; noise_rescore_bins: near_MAD=0.4831mm mid_MAD=0.5275mm far_MAD=0.3142mm N=[60,60,60]
; noise_rescore_bins_debiased: near_MAD=0.4943mm mid_MAD=0.5485mm far_MAD=0.2037mm
; noise_rescore_tau_3bin_debiased: tau_near=0.7329mm tau_mid=0.8132mm tau_far=0.302mm cost_noise_normalized_tau_3bin_debiased=88.38 chi2_red_tau_3bin_debiased=91.43 chi2_red_tau_3bin_debiased_trimmed_direct=91.43
; sweep_residual: id=sweep_008 median=0.4378mm MAD=0.5659mm p95_abs=1.384mm mean|z|=17.91 clipped=0/20
; sweep_residual: id=sweep_007 median=0.3254mm MAD=0.492mm p95_abs=1.346mm mean|z|=17.06 clipped=0/20
; sweep_residual: id=sweep_009 median=0.2701mm MAD=0.6237mm p95_abs=1.354mm mean|z|=17.54 clipped=0/20
; sweep_residual: id=sweep_003 median=-0.1177mm MAD=0.6101mm p95_abs=1.24mm mean|z|=16.02 clipped=0/20
; sweep_residual: id=sweep_001 median=-0.09626mm MAD=0.572mm p95_abs=1.342mm mean|z|=16.22 clipped=0/20
; sweep_residual: +4 more sweeps
; noise_demean_by_sweep: cost_noise_normalized_demeaned=428 chi2_red_demeaned=442.8 tail_ratio=1.271 sweep_bias_span=0.5555mm n_obs=180
; noise_norm_floor: min_sigma=0.05mm model_sigma=0.7381mm used_sigma=0.7381mm floor_deg=0.01deg source=auto
; noise_sigma_mm: encoder=0.003088mm friction_cogging=0.1343mm flex=0.2818mm floor=0.05mm non_layered=0.3162mm layer_changes=0.2983mm mode_add=0.5966mm total=0.7381mm model=0.7381mm used=0.7381mm layered=true mode=global/off mode_factor=2 line_width=1mm base_radius=30mm used_override=n/a
; info rank: 5/6 std(p0=924mm, p3=862mm, p5=862mm, p4=719mm, p2=719mm, p1=636mm)
; covariance_scaled: chi2_red=470.2 std_scaled(p0=2e+04mm, p3=1.87e+04mm, p5=1.87e+04mm, p4=1.56e+04mm, p2=1.56e+04mm, p1=1.38e+04mm)
; CI95: max_std=2.005e+04mm max_ci=3.929e+04mm workspace=2920 rel_std=6.865 rel_ci=13.46 scale=chi2_red=470.2
; encoder_noise: points=180/180 median_sigma=0deg floor=0.01deg min_samples=10
; encoder_noise_flags: low_samples=0 sigma_below_floor=180 sigma_nonfinite=0
; next_sweep score=0.224801 fixed=[1] targets=[877.5341672159257] pair=[0,2]
; top_candidates:
;   0.224801 fixed=[1] targets=[877.5341672159257] pair=[0,2]
;   0.224792 fixed=[0] targets=[877.5341672159257] pair=[1,2]
;   0.224782 fixed=[2] targets=[877.5341672159257] pair=[0,1]
;   0.221778 fixed=[1] targets=[825.9145103208712] pair=[0,2]
;   0.221769 fixed=[0] targets=[825.9145103208712] pair=[1,2]
; collect_command:
;   node autocal/control/cli/collect_sweep_data.mjs --machineType slideprinter --sweep-config-file /home/torbjorn/repos/hp-sim5/autocal/data/.regress_parallel_runs/ten_points_w_buildup2_a2dc6169/ten_points_w_buildup2.replay_tmp.active_sweep_cfg.default.txt --fixed-targets 877.5341672159257 --output-file /home/torbjorn/repos/hp-sim5/autocal/data/.regress_parallel_runs/ten_points_w_buildup2_a2dc6169/ten_points_w_buildup2.replay_tmp.new_007.json --no-spawn-rrf-simulator --preserve-buildup-factor --force-low 0.01342968040959999 --force-mid 0.2685936081919998 --force-max 2.831339339152179 --no-auto-tune-force --return-to-origin
; reusing force tuning: low=0.01343N mid=0.2686N max=2.831N
; selected run=default score_ui=1.175 score_basis=layered-calibrated cost=425.4 rel_std=6.865 max_std=2.005e+04mm
Wrote to console: Score: 1.175 (lower is better)
Wrote to console: 
Wrote to console: == Calibration summary ==
Wrote to console: Found parameters of ideal quality
Wrote to console: Fit quality score (lower is better): 1.031
Wrote to console: Parameters (M669): M669 A0.00:-1895.01:0.00 B1640.43:947.03:0.00 C-1641.95:948.15:0.00
Wrote to console: Line model (M666): M666 R38.97:38.97:38.97 Q0.636619
Wrote to console: Interpretation: A Quality score below 2 indicates a near-perfect fit.
Wrote to console: ; --sim + --no-collect set; skipping M669 send.
