$ python autocal/active_calibrate.py ellipse-loop --residuals-csv /tmp/residuals4.csv --sim --work-dataset autocal/data/test4.json --robust-debug --collector-args --speedup 25
; starting rrf_simulator at http://localhost:8081
; bootstrapping dataset (3 sweeps, auto size-tune):
;   node scripts/collect_sweep_data.mjs --machineType slideprinter --sweep-config-file autocal/data/test4.bootstrap_cfg.txt --output-file autocal/data/test4.json --speedup 25 --no-spawn-rrf-simulator --return-to-origin
Requested hp-sim speed scale: 25x
Requested hp-sim position trace mode: on.
; auto-tune force start
; auto-tune probe 1/120: test=0.0100 moved=no travel=0.000deg stalled=yes
; auto-tune probe 2/120: test=0.0140 moved=no travel=0.130deg stalled=yes
; auto-tune probe 3/120: test=0.0196 moved=no travel=0.020deg stalled=yes
; auto-tune probe 4/120: test=0.0274 moved=no travel=0.070deg stalled=no
; auto-tune probe 5/120: test=0.0384 moved=no travel=0.010deg stalled=yes
; auto-tune probe 6/120: test=0.0538 moved=no travel=0.240deg stalled=no
; auto-tune probe 7/120: test=0.0753 moved=no travel=0.070deg stalled=no
; auto-tune probe 8/120: test=0.1054 moved=no travel=0.310deg stalled=no
; auto-tune probe 9/120: test=0.1476 moved=no travel=0.440deg stalled=yes
; auto-tune probe 10/120: test=0.2066 moved=no travel=1.000deg stalled=no
; auto-tune probe 11/120: test=0.2893 moved=no travel=1.610deg stalled=no
; auto-tune probe 12/120: test=0.4050 moved=yes travel=152.820deg stalled=no
; auto-tune bisect-start 1/60: test=0.3471 moved=yes travel=51.850deg stalled=no
; auto-tune bisect-start 2/60: test=0.3182 moved=no travel=2.000deg stalled=no
; auto-tune edge-ramp 1/120: test=0.3471 moved=yes travel=37.720deg stalled=no
; auto-tune edge-ramp 2/120: test=0.4859 moved=yes travel=207.280deg stalled=no
; auto-tune edge-ramp 3/120: test=0.6803 moved=yes travel=325.580deg stalled=no
; auto-tune edge-ramp 4/120: test=0.9525 moved=yes travel=449.020deg stalled=no
; auto-tune edge-ramp 5/120: test=1.3334 moved=yes travel=575.020deg stalled=no
; auto-tune edge-ramp 6/120: test=1.8668 moved=yes travel=703.110deg stalled=no
; auto-tune edge-ramp 7/120: test=2.6135 moved=yes travel=813.470deg stalled=no
; auto-tune edge-ramp 8/120: test=3.6590 moved=yes travel=897.330deg stalled=no
; auto-tune edge-ramp 9/120: test=5.1225 moved=yes travel=950.860deg stalled=no
; auto-tune selected: idle=0.0174 start=0.3471 edge=3.6590 d_max=963.164deg
; size-tune max travel=920.544mm

Sweep 1/3: fix [0], pair 1/2
  Sub-sweep 1/2: drive 1, sensor 2
  Sub-sweep 2/2: drive 2, sensor 1
  Collected 42 points from 2 sub-sweeps
Returned all motors to encoder origin (between sweeps).

Sweep 2/3: fix [1], pair 0/2
  Sub-sweep 1/2: drive 0, sensor 2
  Sub-sweep 2/2: drive 2, sensor 0
  Collected 42 points from 2 sub-sweeps
Returned all motors to encoder origin (between sweeps).

Sweep 3/3: fix [2], pair 0/1
  Sub-sweep 1/2: drive 0, sensor 1
  Sub-sweep 2/2: drive 1, sensor 0
  Collected 42 points from 2 sub-sweeps

Saved 3 sweeps to autocal/data/test4.json
Returned all motors to encoder origin.
; bootstrap dataset written to autocal/data/test4.json

; === iteration 1/20 dataset=autocal/data/test4.json ===
[gnc] stage 1/3: wide-huber maxiter=400
[gnc] stage 2/3: tight-huber maxiter=240
[gnc] stage 3/3: trim maxiter=160
[robust] cost_mode=pointwise
[robust] pointwise: enabled=True stage=2 (trim) hard_cut=True huber_mult=3
[robust] pointwise scale: source=global global=8.84e-06 floor=8.84e-06 floor_mm=0.05
[robust] pointwise sigma_mm: noise=n/a mult=3 scaled=n/a min=0.05 used=0.05 source=min
[robust] pointwise inlier_ratio: min=1 med=1 max=1
[robust] pointwise worst: sweep_001 42/42 (1), sweep_002 42/42 (1), sweep_003 42/42 (1)
[robust] sweep-wise: enabled=True status=insufficient-samples (3 < 5) metric=outlier_ratio threshold=n/a rejected=0
[robust] sweep-wise worst: sweep_003 m=0 keep, sweep_002 m=0 keep, sweep_001 m=0 keep
[robust] ransac: disabled
[robust] mahalanobis: disabled
[residuals] wrote 126 points to /tmp/residuals4_001.csv
; Active ellipse calibration
; Anchors: [[-3.970353780007607e-14, -1900.8625227471825], [1646.6776121274002, 951.4621301499511], [-1644.903071877258, 949.1272218603108]]
; cost=0.0014143 origin_norms=[1900.863, 1901.796, 1899.092] pairwise=[d01=3293.524, d02=3290.615, d12=3291.582]
; info rank: 5/6 std(p0=964mm, p5=926mm, p3=926mm, p4=844mm, p2=844mm, p1=801mm)
; next_sweep score=0.380052 fixed=[1] targets=[897.780637282947] pair=[0,2]
; top_candidates:
;   0.380052 fixed=[1] targets=[897.780637282947] pair=[0,2]
;   0.380029 fixed=[0] targets=[897.780637282947] pair=[1,2]
;   0.379992 fixed=[2] targets=[897.780637282947] pair=[0,1]
;   0.377857 fixed=[1] targets=[875.0170311987689] pair=[0,2]
;   0.377834 fixed=[0] targets=[875.0170311987689] pair=[1,2]
; collect_command:
;   node scripts/collect_sweep_data.mjs --machineType slideprinter --sweep-config-file autocal/data/test4.active_sweep_cfg.txt --fixed-targets 897.780637282947 --output-file autocal/data/test4.new_001.json --speedup 25 --no-spawn-rrf-simulator --force-low 0.017355279298559987 --force-mid 0.3471055859711997 --force-max 3.6589616075197386 --no-auto-tune-force --return-to-origin
; reusing force tuning: low=0.01736N mid=0.3471N max=3.659N
