$ python autocal/active_calibrate.py ellipse-loop --residuals-csv /tmp/residuals3.csv --sim --work-dataset autocal/data/test3.json --robust-debug --collector-args --speedup 25
; starting rrf_simulator at http://localhost:8081
; bootstrapping dataset (3 sweeps, auto size-tune):
;   node scripts/collect_sweep_data.mjs --machineType slideprinter --sweep-config-file autocal/data/test3.bootstrap_cfg.txt --output-file autocal/data/test3.json --speedup 25 --no-spawn-rrf-simulator --return-to-origin
Requested hp-sim speed scale: 25x
Requested hp-sim position trace mode: on.
; auto-tune force start
; auto-tune probe 1/120: test=0.0100 moved=no travel=0.000deg stalled=yes
; auto-tune probe 2/120: test=0.0140 moved=no travel=0.170deg stalled=yes
; auto-tune probe 3/120: test=0.0196 moved=no travel=0.030deg stalled=yes
; auto-tune probe 4/120: test=0.0274 moved=no travel=0.340deg stalled=yes
; auto-tune probe 5/120: test=0.0384 moved=no travel=0.020deg stalled=no
; auto-tune probe 6/120: test=0.0538 moved=no travel=0.010deg stalled=yes
; auto-tune probe 7/120: test=0.0753 moved=no travel=0.100deg stalled=no
; auto-tune probe 8/120: test=0.1054 moved=no travel=0.320deg stalled=no
; auto-tune probe 9/120: test=0.1476 moved=no travel=0.440deg stalled=yes
; auto-tune probe 10/120: test=0.2066 moved=no travel=1.200deg stalled=yes
; auto-tune probe 11/120: test=0.2893 moved=no travel=1.650deg stalled=no
; auto-tune probe 12/120: test=0.4050 moved=yes travel=147.180deg stalled=no
; auto-tune bisect-start 1/60: test=0.3471 moved=yes travel=51.810deg stalled=no
; auto-tune bisect-start 2/60: test=0.3182 moved=no travel=2.010deg stalled=no
; auto-tune edge-ramp 1/120: test=0.3471 moved=yes travel=37.740deg stalled=no
; auto-tune edge-ramp 2/120: test=0.4859 moved=yes travel=204.230deg stalled=no
; auto-tune edge-ramp 3/120: test=0.6803 moved=yes travel=323.970deg stalled=no
; auto-tune edge-ramp 4/120: test=0.9525 moved=yes travel=446.680deg stalled=no
; auto-tune edge-ramp 5/120: test=1.3334 moved=yes travel=575.090deg stalled=no
; auto-tune edge-ramp 6/120: test=1.8668 moved=yes travel=698.230deg stalled=no
; auto-tune edge-ramp 7/120: test=2.6135 moved=yes travel=813.650deg stalled=no
; auto-tune edge-ramp 8/120: test=3.6590 moved=yes travel=896.910deg stalled=no
; auto-tune edge-ramp 9/120: test=5.1225 moved=yes travel=951.210deg stalled=no
; auto-tune selected: idle=0.0174 start=0.3471 edge=3.6590 d_max=961.684deg
; size-tune max travel=920.586mm

Sweep 1/3: fix [0], pair 1/2
  Sub-sweep 1/2: drive 1, sensor 2
  Sub-sweep 2/2: drive 2, sensor 1
  Collected 42 points from 2 sub-sweeps
Returned all motors to encoder origin (between sweeps).

Sweep 2/3: fix [1], pair 0/2
  Sub-sweep 1/2: drive 0, sensor 2
  Sub-sweep 2/2: drive 2, sensor 0
  Collected 42 points from 2 sub-sweeps
Returned all motors to encoder origin (between sweeps).

Sweep 3/3: fix [2], pair 0/1
  Sub-sweep 1/2: drive 0, sensor 1
  Sub-sweep 2/2: drive 1, sensor 0
  Collected 42 points from 2 sub-sweeps

Saved 3 sweeps to autocal/data/test3.json
Returned all motors to encoder origin.
; bootstrap dataset written to autocal/data/test3.json

; === iteration 1/20 dataset=autocal/data/test3.json ===
[gnc] stage 1/3: wide-huber maxiter=400
[gnc] stage 2/3: tight-huber maxiter=240
[gnc] stage 3/3: trim maxiter=160
[robust] cost_mode=pointwise
[robust] pointwise: enabled=True stage=2 (trim) hard_cut=True huber_mult=3
[robust] pointwise scale: source=global global=8.84e-06 floor=8.84e-06 floor_mm=0.05
[robust] pointwise sigma_mm: noise=n/a mult=3 scaled=n/a min=0.05 used=0.05 source=min
[robust] pointwise inlier_ratio: min=1 med=1 max=1
[robust] pointwise worst: sweep_001 42/42 (1), sweep_002 42/42 (1), sweep_003 42/42 (1)
[robust] sweep-wise: enabled=True status=insufficient-samples (3 < 5) metric=outlier_ratio threshold=n/a rejected=0
[robust] sweep-wise worst: sweep_003 m=0 keep, sweep_002 m=0 keep, sweep_001 m=0 keep
[robust] ransac: disabled
[robust] mahalanobis: disabled
[residuals] wrote 126 points to /tmp/residuals3_001.csv
; Active ellipse calibration
; Anchors: [[7.539472708431171e-14, -1901.7141811982503], [1647.0827292038095, 951.50162259916], [-1645.5458117137607, 949.4289487837189]]
; cost=0.00245172 origin_norms=[1901.714, 1902.166, 1899.799] pairwise=[d01=3294.499, d02=3291.935, d12=3292.629]
; info rank: 5/6 std(p0=964mm, p5=926mm, p3=926mm, p4=844mm, p2=844mm, p1=801mm)
; next_sweep score=0.380133 fixed=[0] targets=[897.8214779874437] pair=[1,2]
; top_candidates:
;   0.380133 fixed=[0] targets=[897.8214779874437] pair=[1,2]
;   0.380133 fixed=[1] targets=[897.8214779874437] pair=[0,2]
;   0.38008 fixed=[2] targets=[897.8214779874437] pair=[0,1]
;   0.377938 fixed=[0] targets=[875.0568247057145] pair=[1,2]
;   0.377938 fixed=[1] targets=[875.0568247057145] pair=[0,2]
; collect_command:
;   node scripts/collect_sweep_data.mjs --machineType slideprinter --sweep-config-file autocal/data/test3.active_sweep_cfg.txt --fixed-targets 897.8214779874437 --output-file autocal/data/test3.new_001.json --speedup 25 --no-spawn-rrf-simulator --force-low 0.017355279298559987 --force-mid 0.3471055859711997 --force-max 3.6589616075197386 --no-auto-tune-force --return-to-origin
